D/dalvikvm( 2988): GC_CONCURRENT freed 395K, 20% free 10526K/13156K, paused 5ms+19ms, total 60ms
D/dalvikvm( 2411): GC_CONCURRENT freed 1488K, 13% free 53955K/61648K, paused 6ms+18ms, total 225ms
D/dalvikvm( 2411): WAIT_FOR_CONCURRENT_GC blocked 82ms
D/dalvikvm( 2411): WAIT_FOR_CONCURRENT_GC blocked 146ms
D/dalvikvm( 2411): WAIT_FOR_CONCURRENT_GC blocked 175ms
D/dalvikvm( 2411): WAIT_FOR_CONCURRENT_GC blocked 122ms
D/dalvikvm( 2411): WAIT_FOR_CONCURRENT_GC blocked 146ms
D/dalvikvm( 5671): GC_CONCURRENT freed 463K, 24% free 10464K/13644K, paused 2ms+3ms, total 69ms
D/dalvikvm( 5249): GC_CONCURRENT freed 433K, 32% free 10980K/16076K, paused 11ms+3ms, total 39ms
D/dalvikvm( 2411): GC_CONCURRENT freed 1413K, 12% free 54589K/61648K, paused 8ms+20ms, total 193ms
D/dalvikvm( 2411): WAIT_FOR_CONCURRENT_GC blocked 186ms
D/dalvikvm( 2411): WAIT_FOR_CONCURRENT_GC blocked 174ms
D/dalvikvm( 2411): WAIT_FOR_CONCURRENT_GC blocked 175ms
D/dalvikvm( 2411): WAIT_FOR_CONCURRENT_GC blocked 176ms
D/dalvikvm(29229): GC_CONCURRENT freed 430K, 22% free 10187K/13004K, paused 1ms+4ms, total 36ms
D/dalvikvm(28621): GC_CONCURRENT freed 383K, 22% free 10206K/13012K, paused 10ms+9ms, total 88ms
D/dalvikvm( 5249): GC_CONCURRENT freed 466K, 32% free 11026K/16076K, paused 15ms+9ms, total 121ms
D/dalvikvm( 5249): WAIT_FOR_CONCURRENT_GC blocked 4ms
D/dalvikvm( 5249): GC_CONCURRENT freed 367K, 31% free 11171K/16076K, paused 4ms+4ms, total 40ms
D/dalvikvm( 5249): WAIT_FOR_CONCURRENT_GC blocked 30ms
D/dalvikvm( 3582): GC_CONCURRENT freed 1459K, 38% free 14031K/22632K, paused 12ms+7ms, total 111ms
D/dalvikvm( 3582): WAIT_FOR_CONCURRENT_GC blocked 91ms
D/dalvikvm( 5249): GC_CONCURRENT freed 580K, 30% free 11102K/15776K, paused 17ms+6ms, total 88ms
D/dalvikvm( 5249): WAIT_FOR_CONCURRENT_GC blocked 32ms
D/dalvikvm( 5249): GC_CONCURRENT freed 479K, 30% free 11135K/15776K, paused 5ms+5ms, total 52ms
D/dalvikvm( 5249): WAIT_FOR_CONCURRENT_GC blocked 44ms
D/dalvikvm( 5249): GC_FOR_ALLOC freed 428K, 30% free 11177K/15776K, paused 26ms, total 26ms
D/dalvikvm( 6864): GC_CONCURRENT freed 399K, 22% free 10280K/13100K, paused 3ms+1ms, total 64ms
D/dalvikvm( 2411): GC_CONCURRENT freed 2445K, 13% free 54107K/61648K, paused 31ms+28ms, total 409ms
D/dalvikvm( 5249): GC_CONCURRENT freed 958K, 30% free 11187K/15776K, paused 3ms+3ms, total 25ms
D/dalvikvm( 5249): WAIT_FOR_CONCURRENT_GC blocked 20ms
D/dalvikvm( 5249): GC_CONCURRENT freed 635K, 31% free 10976K/15776K, paused 3ms+2ms, total 23ms
D/dalvikvm( 5671): GC_FOR_ALLOC freed 133K, 24% free 10440K/13640K, paused 85ms, total 88ms
D/dalvikvm( 5671): GC_FOR_ALLOC freed <1K, 24% free 10568K/13772K, paused 77ms, total 77ms
D/dalvikvm( 2772): GC_CONCURRENT freed 397K, 26% free 10111K/13536K, paused 81ms+14ms, total 152ms
D/dalvikvm( 5249): GC_CONCURRENT freed 411K, 30% free 11076K/15776K, paused 102ms+14ms, total 193ms
D/dalvikvm( 5249): WAIT_FOR_CONCURRENT_GC blocked 62ms
D/dalvikvm( 5249): GC_CONCURRENT freed 479K, 30% free 11108K/15776K, paused 5ms+6ms, total 67ms
D/dalvikvm( 5249): WAIT_FOR_CONCURRENT_GC blocked 29ms
D/dalvikvm( 5249): GC_CONCURRENT freed 525K, 30% free 11095K/15776K, paused 7ms+5ms, total 62ms
D/dalvikvm( 5249): WAIT_FOR_CONCURRENT_GC blocked 35ms
D/dalvikvm( 5249): WAIT_FOR_CONCURRENT_GC blocked 37ms
D/dalvikvm( 5249): GC_CONCURRENT freed 405K, 29% free 11201K/15776K, paused 4ms+3ms, total 31ms
D/dalvikvm( 5249): WAIT_FOR_CONCURRENT_GC blocked 23ms
D/dalvikvm( 5249): GC_CONCURRENT freed 671K, 31% free 10973K/15776K, paused 4ms+3ms, total 30ms
D/dalvikvm( 2411): GC_CONCURRENT freed 2411K, 14% free 53624K/61648K, paused 22ms+18ms, total 420ms
D/dalvikvm(19375): GC_CONCURRENT freed 486K, 22% free 10058K/12756K, paused 12ms+8ms, total 135ms
D/dalvikvm(26746): GC_CONCURRENT freed 394K, 36% free 10429K/16244K, paused 34ms+10ms, total 125ms
D/dalvikvm( 5249): GC_CONCURRENT freed 856K, 30% free 11140K/15776K, paused 5ms+3ms, total 53ms
D/dalvikvm( 5249): WAIT_FOR_CONCURRENT_GC blocked 15ms
D/dalvikvm( 5249): GC_CONCURRENT freed 457K, 30% free 11195K/15776K, paused 4ms+3ms, total 30ms
D/dalvikvm( 5249): WAIT_FOR_CONCURRENT_GC blocked 24ms
D/dalvikvm( 5249): GC_CONCURRENT freed 598K, 30% free 11108K/15776K, paused 5ms+5ms, total 60ms
D/dalvikvm( 5249): WAIT_FOR_CONCURRENT_GC blocked 38ms
D/dalvikvm( 5249): GC_CONCURRENT freed 409K, 30% free 11172K/15776K, paused 5ms+3ms, total 41ms
D/dalvikvm( 5249): WAIT_FOR_CONCURRENT_GC blocked 31ms
D/dalvikvm( 5249): GC_FOR_ALLOC freed 434K, 30% free 11190K/15776K, paused 24ms, total 24ms
D/dalvikvm( 5249): GC_CONCURRENT freed 1007K, 29% free 11207K/15776K, paused 5ms+4ms, total 54ms
D/dalvikvm( 5249): WAIT_FOR_CONCURRENT_GC blocked 40ms
D/dalvikvm( 5249): GC_CONCURRENT freed 663K, 31% free 10978K/15776K, paused 3ms+3ms, total 29ms
D/dalvikvm( 2411): GC_CONCURRENT freed 1946K, 13% free 53643K/61648K, paused 45ms+28ms, total 431ms
D/dalvikvm( 5671): GC_CONCURRENT freed 563K, 24% free 10481K/13772K, paused 3ms+4ms, total 46ms
D/dalvikvm( 5671): GC_CONCURRENT freed 509K, 24% free 10483K/13772K, paused 4ms+1ms, total 42ms
D/dalvikvm( 5671): WAIT_FOR_CONCURRENT_GC blocked 10ms
D/dalvikvm( 5671): GC_CONCURRENT freed 444K, 24% free 10550K/13772K, paused 3ms+5ms, total 31ms
D/dalvikvm( 5671): WAIT_FOR_CONCURRENT_GC blocked 2ms
D/dalvikvm(14571): GC_CONCURRENT freed 384K, 22% free 10244K/13116K, paused 16ms+2ms, total 51ms
D/dalvikvm(25531): GC_FOR_ALLOC freed 713K, 20% free 12938K/16124K, paused 81ms, total 81ms
D/dalvikvm( 1956): GC_EXPLICIT freed 41K, 19% free 9923K/12156K, paused 2ms+2ms, total 26ms
D/dalvikvm( 1956): GC_EXPLICIT freed <1K, 19% free 9923K/12156K, paused 1ms+2ms, total 19ms
D/dalvikvm( 1956): GC_EXPLICIT freed <1K, 19% free 9923K/12156K, paused 2ms+3ms, total 29ms
D/dalvikvm(32603): GC_FOR_ALLOC freed 611K, 27% free 12996K/17684K, paused 48ms, total 48ms
D/dalvikvm(32603): GC_CONCURRENT freed 209K, 27% free 12998K/17684K, paused 2ms+69ms, total 207ms
D/dalvikvm( 2411): GC_EXPLICIT freed 1108K, 13% free 53685K/61648K, paused 5ms+23ms, total 229ms
D/dalvikvm( 5671): GC_CONCURRENT freed 362K, 19% free 11212K/13772K, paused 4ms+11ms, total 70ms
D/dalvikvm( 5671): WAIT_FOR_CONCURRENT_GC blocked 1ms
D/dalvikvm( 5671): GC_CONCURRENT freed 311K, 18% free 11412K/13912K, paused 8ms+2ms, total 113ms
D/dalvikvm( 5671): WAIT_FOR_CONCURRENT_GC blocked 43ms
D/dalvikvm( 5671): WAIT_FOR_CONCURRENT_GC blocked 43ms
D/dalvikvm( 5671): WAIT_FOR_CONCURRENT_GC blocked 44ms
D/dalvikvm( 5671): WAIT_FOR_CONCURRENT_GC blocked 44ms
D/dalvikvm( 5671): GC_CONCURRENT freed 492K, 20% free 11426K/14112K, paused 10ms+2ms, total 33ms
D/dalvikvm( 5671): WAIT_FOR_CONCURRENT_GC blocked 10ms
D/dalvikvm( 5671): GC_CONCURRENT freed 1111K, 23% free 11519K/14828K, paused 6ms+1ms, total 35ms
D/dalvikvm( 5671): WAIT_FOR_CONCURRENT_GC blocked 13ms
D/dalvikvm( 5671): GC_FOR_ALLOC freed 894K, 28% free 10824K/14828K, paused 25ms, total 25ms
D/dalvikvm( 5671): GC_CONCURRENT freed 433K, 27% free 10833K/14828K, paused 4ms+5ms, total 49ms
D/dalvikvm( 7029): GC_CONCURRENT freed 1547K, 43% free 19346K/33408K, paused 5ms+14ms, total 74ms
D/dalvikvm( 5249): GC_CONCURRENT freed 384K, 30% free 11097K/15776K, paused 6ms+6ms, total 94ms
D/dalvikvm(28621): GC_CONCURRENT freed 372K, 22% free 10243K/13012K, paused 4ms+4ms, total 38ms
D/dalvikvm( 5249): GC_CONCURRENT freed 578K, 31% free 11031K/15776K, paused 10ms+6ms, total 111ms
D/dalvikvm( 5249): WAIT_FOR_CONCURRENT_GC blocked 12ms
D/dalvikvm( 5249): GC_CONCURRENT freed 333K, 29% free 11209K/15776K, paused 4ms+3ms, total 30ms
D/dalvikvm( 5249): WAIT_FOR_CONCURRENT_GC blocked 20ms
D/dalvikvm( 5249): GC_CONCURRENT freed 616K, 30% free 11104K/15776K, paused 6ms+6ms, total 67ms
D/dalvikvm( 5249): WAIT_FOR_CONCURRENT_GC blocked 29ms
D/dalvikvm( 5249): GC_CONCURRENT freed 481K, 30% free 11135K/15776K, paused 3ms+3ms, total 31ms
D/dalvikvm( 5249): WAIT_FOR_CONCURRENT_GC blocked 26ms
D/dalvikvm( 5249): GC_FOR_ALLOC freed 421K, 30% free 11177K/15776K, paused 27ms, total 27ms
D/dalvikvm(19511): GC_CONCURRENT freed 440K, 31% free 10558K/15232K, paused 12ms+10ms, total 99ms
D/dalvikvm( 2411): GC_CONCURRENT freed 1837K, 13% free 53852K/61648K, paused 24ms+30ms, total 393ms
D/dalvikvm( 5249): GC_CONCURRENT freed 1023K, 30% free 11178K/15776K, paused 3ms+2ms, total 29ms
D/dalvikvm( 5249): WAIT_FOR_CONCURRENT_GC blocked 20ms
D/dalvikvm(26746): GC_CONCURRENT freed 395K, 36% free 10440K/16244K, paused 5ms+5ms, total 47ms
D/dalvikvm(26746): GC_CONCURRENT freed 379K, 35% free 10572K/16244K, paused 5ms+5ms, total 66ms
D/dalvikvm(26746): WAIT_FOR_CONCURRENT_GC blocked 23ms
D/dalvikvm(26746): GC_CONCURRENT freed 327K, 34% free 10756K/16244K, paused 4ms+6ms, total 73ms
D/dalvikvm(26746): WAIT_FOR_CONCURRENT_GC blocked 33ms
D/dalvikvm(26746): GC_CONCURRENT freed 647K, 32% free 11133K/16244K, paused 4ms+4ms, total 52ms
D/dalvikvm(26746): WAIT_FOR_CONCURRENT_GC blocked 23ms
D/dalvikvm(26746): GC_CONCURRENT freed 2723K, 35% free 10584K/16244K, paused 3ms+2ms, total 39ms
D/dalvikvm(26746): WAIT_FOR_CONCURRENT_GC blocked 17ms
D/dalvikvm(26746): GC_CONCURRENT freed 326K, 34% free 10770K/16244K, paused 3ms+3ms, total 33ms
D/dalvikvm(26746): WAIT_FOR_CONCURRENT_GC blocked 14ms
D/dalvikvm(26746): GC_CONCURRENT freed 756K, 36% free 10526K/16244K, paused 3ms+2ms, total 32ms
D/dalvikvm(26746): WAIT_FOR_CONCURRENT_GC blocked 19ms
D/dalvikvm(26746): GC_CONCURRENT freed 647K, 33% free 10902K/16244K, paused 2ms+3ms, total 36ms
D/dalvikvm(26746): WAIT_FOR_CONCURRENT_GC blocked 16ms
D/dalvikvm(26746): GC_CONCURRENT freed 1111K, 29% free 11554K/16244K, paused 3ms+2ms, total 43ms
D/dalvikvm(26746): WAIT_FOR_CONCURRENT_GC blocked 21ms
D/dalvikvm(26746): GC_CONCURRENT freed 1638K, 36% free 10462K/16244K, paused 14ms+12ms, total 190ms
D/dalvikvm(26746): WAIT_FOR_CONCURRENT_GC blocked 94ms
D/dalvikvm(26746): GC_CONCURRENT freed 493K, 36% free 10480K/16244K, paused 4ms+4ms, total 54ms
D/dalvikvm(26746): WAIT_FOR_CONCURRENT_GC blocked 21ms
D/dalvikvm(26746): GC_CONCURRENT freed 331K, 35% free 10661K/16244K, paused 4ms+3ms, total 210ms
D/dalvikvm(26746): WAIT_FOR_CONCURRENT_GC blocked 43ms
D/dalvikvm( 5249): GC_CONCURRENT freed 595K, 30% free 11094K/15776K, paused 5ms+4ms, total 89ms
D/dalvikvm( 5249): WAIT_FOR_CONCURRENT_GC blocked 41ms
D/dalvikvm( 5249): GC_CONCURRENT freed 472K, 30% free 11134K/15776K, paused 6ms+2ms, total 60ms
D/dalvikvm( 5249): WAIT_FOR_CONCURRENT_GC blocked 52ms
D/dalvikvm(26746): GC_CONCURRENT freed 1089K, 35% free 10596K/16244K, paused 6ms+3ms, total 65ms
D/dalvikvm(26746): WAIT_FOR_CONCURRENT_GC blocked 37ms
D/dalvikvm( 5249): GC_CONCURRENT freed 389K, 30% free 11196K/15776K, paused 3ms+2ms, total 50ms
D/dalvikvm( 5249): WAIT_FOR_CONCURRENT_GC blocked 45ms
D/dalvikvm(26746): GC_CONCURRENT freed 324K, 34% free 10784K/16244K, paused 3ms+2ms, total 33ms
D/dalvikvm(26746): WAIT_FOR_CONCURRENT_GC blocked 7ms
D/dalvikvm(26746): GC_CONCURRENT freed 323K, 33% free 10972K/16244K, paused 3ms+2ms, total 34ms
D/dalvikvm(26746): WAIT_FOR_CONCURRENT_GC blocked 19ms
D/dalvikvm(26746): GC_CONCURRENT freed 642K, 31% free 11353K/16244K, paused 3ms+3ms, total 37ms
D/dalvikvm(26746): WAIT_FOR_CONCURRENT_GC blocked 21ms
D/dalvikvm(26746): GC_CONCURRENT freed 3435K, 36% free 10428K/16244K, paused 10ms+5ms, total 73ms
D/dalvikvm(26746): GC_CONCURRENT freed 512K, 36% free 10427K/16244K, paused 8ms+4ms, total 48ms
D/dalvikvm(26746): WAIT_FOR_CONCURRENT_GC blocked 38ms
D/dalvikvm( 5249): GC_CONCURRENT freed 1061K, 30% free 11159K/15776K, paused 5ms+5ms, total 55ms
D/dalvikvm( 5249): WAIT_FOR_CONCURRENT_GC blocked 45ms
D/dalvikvm( 5249): GC_CONCURRENT freed 607K, 31% free 10977K/15776K, paused 5ms+2ms, total 31ms
D/dalvikvm( 2772): GC_CONCURRENT freed 392K, 26% free 10115K/13536K, paused 7ms+13ms, total 140ms
D/dalvikvm( 5249): GC_CONCURRENT freed 463K, 31% free 11025K/15776K, paused 4ms+3ms, total 63ms
D/dalvikvm( 5249): WAIT_FOR_CONCURRENT_GC blocked 23ms
D/dalvikvm( 5249): GC_CONCURRENT freed 366K, 30% free 11171K/15776K, paused 3ms+3ms, total 31ms
D/dalvikvm( 5249): WAIT_FOR_CONCURRENT_GC blocked 25ms
D/dalvikvm(30163): GC_CONCURRENT freed 373K, 23% free 11529K/14856K, paused 14ms+5ms, total 58ms
D/dalvikvm( 2411): GC_CONCURRENT freed 1968K, 13% free 53845K/61648K, paused 16ms+17ms, total 417ms
D/dalvikvm( 5249): GC_CONCURRENT freed 572K, 30% free 11110K/15776K, paused 3ms+3ms, total 40ms
D/dalvikvm( 5249): WAIT_FOR_CONCURRENT_GC blocked 10ms
D/dalvikvm(28621): GC_CONCURRENT freed 420K, 22% free 10207K/13012K, paused 12ms+9ms, total 103ms
D/dalvikvm( 5249): GC_CONCURRENT freed 512K, 30% free 11110K/15776K, paused 6ms+6ms, total 80ms
D/dalvikvm( 5249): WAIT_FOR_CONCURRENT_GC blocked 32ms
D/dalvikvm( 5249): GC_CONCURRENT freed 479K, 30% free 11143K/15776K, paused 4ms+3ms, total 41ms
D/dalvikvm( 5249): WAIT_FOR_CONCURRENT_GC blocked 32ms
D/dalvikvm( 5249): GC_CONCURRENT freed 355K, 29% free 11271K/15776K, paused 4ms+3ms, total 36ms
D/dalvikvm( 5249): WAIT_FOR_CONCURRENT_GC blocked 27ms
D/dalvikvm( 5249): GC_CONCURRENT freed 1144K, 29% free 11216K/15776K, paused 4ms+3ms, total 33ms
D/dalvikvm( 5249): WAIT_FOR_CONCURRENT_GC blocked 27ms
D/dalvikvm( 5249): GC_CONCURRENT freed 620K, 30% free 11107K/15776K, paused 8ms+9ms, total 72ms
D/dalvikvm( 5249): WAIT_FOR_CONCURRENT_GC blocked 35ms
D/dalvikvm( 5249): GC_CONCURRENT freed 511K, 30% free 11108K/15776K, paused 5ms+5ms, total 64ms
D/dalvikvm( 5249): WAIT_FOR_CONCURRENT_GC blocked 29ms
D/dalvikvm( 2411): GC_CONCURRENT freed 2017K, 13% free 53797K/61648K, paused 14ms+24ms, total 387ms
D/dalvikvm(26746): GC_CONCURRENT freed 403K, 36% free 10446K/16244K, paused 3ms+13ms, total 131ms
D/dalvikvm( 5249): GC_CONCURRENT freed 521K, 30% free 11098K/15776K, paused 15ms+7ms, total 76ms
D/dalvikvm( 5249): WAIT_FOR_CONCURRENT_GC blocked 50ms
D/dalvikvm( 5249): WAIT_FOR_CONCURRENT_GC blocked 51ms
D/dalvikvm( 5249): GC_CONCURRENT freed 390K, 30% free 11180K/15776K, paused 4ms+3ms, total 30ms
D/dalvikvm( 5249): WAIT_FOR_CONCURRENT_GC blocked 23ms
D/dalvikvm( 5249): GC_CONCURRENT freed 630K, 31% free 10974K/15776K, paused 3ms+3ms, total 29ms
D/dalvikvm( 5249): GC_CONCURRENT freed 743K, 30% free 11172K/15776K, paused 5ms+4ms, total 53ms
D/dalvikvm( 5249): WAIT_FOR_CONCURRENT_GC blocked 43ms
D/dalvikvm( 5249): GC_CONCURRENT freed 578K, 30% free 11105K/15776K, paused 7ms+7ms, total 72ms
D/dalvikvm( 5249): WAIT_FOR_CONCURRENT_GC blocked 27ms
D/dalvikvm( 5249): GC_CONCURRENT freed 509K, 30% free 11108K/15776K, paused 6ms+6ms, total 73ms
D/dalvikvm( 5249): WAIT_FOR_CONCURRENT_GC blocked 33ms
D/dalvikvm( 5249): GC_CONCURRENT freed 470K, 30% free 11149K/15776K, paused 4ms+5ms, total 38ms
D/dalvikvm( 5249): WAIT_FOR_CONCURRENT_GC blocked 31ms
D/dalvikvm( 5249): GC_CONCURRENT freed 637K, 31% free 10973K/15776K, paused 4ms+3ms, total 36ms
D/dalvikvm( 2411): GC_CONCURRENT freed 2114K, 13% free 53731K/61648K, paused 32ms+21ms, total 468ms
D/dalvikvm( 2411): WAIT_FOR_CONCURRENT_GC blocked 85ms
D/dalvikvm( 3582): GC_CONCURRENT freed 1394K, 39% free 14030K/22632K, paused 14ms+3ms, total 64ms
D/dalvikvm( 3582): WAIT_FOR_CONCURRENT_GC blocked 43ms
D/dalvikvm( 2833): GC_CONCURRENT freed 2074K, 33% free 31035K/46012K, paused 8ms+24ms, total 103ms
D/dalvikvm( 2833): WAIT_FOR_CONCURRENT_GC blocked 49ms
D/dalvikvm( 2833): WAIT_FOR_CONCURRENT_GC blocked 50ms
D/dalvikvm(27214): GC_CONCURRENT freed 399K, 21% free 10305K/12896K, paused 12ms+11ms, total 53ms
D/dalvikvm(27453): GC_CONCURRENT freed 1463K, 28% free 10271K/14164K, paused 1ms+2ms, total 92ms
D/dalvikvm( 5249): GC_CONCURRENT freed 938K, 31% free 11033K/15776K, paused 9ms+5ms, total 43ms
D/dalvikvm( 5249): GC_CONCURRENT freed 336K, 29% free 11209K/15776K, paused 13ms+4ms, total 69ms
D/dalvikvm( 5249): WAIT_FOR_CONCURRENT_GC blocked 50ms
D/dalvikvm( 5249): WAIT_FOR_CONCURRENT_GC blocked 46ms
D/dalvikvm( 5249): WAIT_FOR_CONCURRENT_GC blocked 54ms
D/dalvikvm( 5249): GC_CONCURRENT freed 379K, 29% free 11263K/15776K, paused 3ms+4ms, total 26ms
D/dalvikvm( 2411): GC_CONCURRENT freed 1882K, 13% free 53897K/61648K, paused 15ms+24ms, total 285ms
D/dalvikvm( 2411): WAIT_FOR_CONCURRENT_GC blocked 88ms
D/dalvikvm( 2411): WAIT_FOR_CONCURRENT_GC blocked 91ms
D/dalvikvm( 2411): WAIT_FOR_CONCURRENT_GC blocked 60ms
D/dalvikvm(29229): GC_CONCURRENT freed 378K, 22% free 10210K/13000K, paused 2ms+2ms, total 34ms
D/dalvikvm(30163): GC_CONCURRENT freed 289K, 21% free 11778K/14856K, paused 5ms+2ms, total 38ms
D/dalvikvm(30163): WAIT_FOR_CONCURRENT_GC blocked 13ms
D/dalvikvm( 2634): GC_CONCURRENT freed 1284K, 50% free 14980K/29728K, paused 6ms+6ms, total 54ms
D/dalvikvm(27453): GC_CONCURRENT freed 495K, 28% free 10282K/14164K, paused 2ms+2ms, total 32ms
D/dalvikvm(27453): WAIT_FOR_CONCURRENT_GC blocked 11ms
D/dalvikvm(27453): GC_CONCURRENT freed 502K, 28% free 10285K/14164K, paused 2ms+2ms, total 17ms
D/dalvikvm(27453): WAIT_FOR_CONCURRENT_GC blocked 6ms
D/dalvikvm(27453): GC_CONCURRENT freed 507K, 28% free 10285K/14164K, paused 2ms+2ms, total 17ms
D/dalvikvm(27453): WAIT_FOR_CONCURRENT_GC blocked 7ms
D/dalvikvm(27453): GC_CONCURRENT freed 1004K, 28% free 10291K/14164K, paused 3ms+2ms, total 31ms
D/dalvikvm(27453): WAIT_FOR_CONCURRENT_GC blocked 22ms
D/dalvikvm(27453): GC_CONCURRENT freed 1500K, 28% free 10322K/14164K, paused 3ms+2ms, total 22ms
D/dalvikvm(27453): WAIT_FOR_CONCURRENT_GC blocked 5ms
D/dalvikvm(27453): GC_CONCURRENT freed 542K, 28% free 10285K/14164K, paused 1ms+1ms, total 18ms
D/dalvikvm(27453): WAIT_FOR_CONCURRENT_GC blocked 7ms
D/dalvikvm(27453): GC_CONCURRENT freed 507K, 28% free 10285K/14164K, paused 3ms+2ms, total 21ms
D/dalvikvm(27453): WAIT_FOR_CONCURRENT_GC blocked 5ms
D/dalvikvm(27453): GC_CONCURRENT freed 1004K, 28% free 10291K/14164K, paused 3ms+2ms, total 18ms
D/dalvikvm(27453): WAIT_FOR_CONCURRENT_GC blocked 7ms
D/dalvikvm( 5766): GC_CONCURRENT freed 408K, 25% free 10273K/13544K, paused 6ms+4ms, total 51ms
D/dalvikvm(27453): GC_CONCURRENT freed 1501K, 28% free 10323K/14164K, paused 2ms+3ms, total 28ms
D/dalvikvm(27453): WAIT_FOR_CONCURRENT_GC blocked 11ms
D/dalvikvm(27453): GC_CONCURRENT freed 543K, 28% free 10285K/14164K, paused 3ms+2ms, total 21ms
D/dalvikvm(27453): WAIT_FOR_CONCURRENT_GC blocked 8ms
D/dalvikvm(27453): GC_CONCURRENT freed 506K, 28% free 10285K/14164K, paused 3ms+2ms, total 22ms
D/dalvikvm(27453): WAIT_FOR_CONCURRENT_GC blocked 8ms
D/dalvikvm(27453): GC_CONCURRENT freed 1004K, 28% free 10291K/14164K, paused 2ms+1ms, total 16ms
D/dalvikvm(27453): WAIT_FOR_CONCURRENT_GC blocked 8ms
D/dalvikvm(25741): GC_CONCURRENT freed 396K, 23% free 10060K/12996K, paused 16ms+2ms, total 63ms
D/dalvikvm( 1037): GC_CONCURRENT freed 377K, 23% free 10074K/12916K, paused 7ms+3ms, total 43ms
D/dalvikvm( 1037): WAIT_FOR_CONCURRENT_GC blocked 26ms
D/dalvikvm( 1037): GC_FOR_ALLOC freed 0K, 22% free 10425K/13268K, paused 22ms, total 22ms
D/dalvikvm( 1037): GC_FOR_ALLOC freed 1K, 22% free 10424K/13268K, paused 19ms, total 19ms
D/dalvikvm( 1037): GC_FOR_ALLOC freed 0K, 20% free 11830K/14676K, paused 24ms, total 24ms
D/dalvikvm( 1037): GC_CONCURRENT freed 55K, 20% free 11886K/14676K, paused 7ms+6ms, total 44ms
D/dalvikvm( 5249): GC_CONCURRENT freed 1208K, 30% free 11138K/15776K, paused 3ms+4ms, total 38ms
D/dalvikvm( 5249): WAIT_FOR_CONCURRENT_GC blocked 20ms
D/dalvikvm( 5249): GC_CONCURRENT freed 392K, 29% free 11257K/15776K, paused 4ms+3ms, total 42ms
D/dalvikvm( 5249): WAIT_FOR_CONCURRENT_GC blocked 34ms
D/dalvikvm( 2411): GC_CONCURRENT freed 2021K, 13% free 53924K/61648K, paused 6ms+17ms, total 239ms
D/dalvikvm( 2411): WAIT_FOR_CONCURRENT_GC blocked 65ms
D/dalvikvm( 2411): WAIT_FOR_CONCURRENT_GC blocked 66ms
D/dalvikvm( 2411): WAIT_FOR_CONCURRENT_GC blocked 33ms
D/dalvikvm( 2411): WAIT_FOR_CONCURRENT_GC blocked 59ms
D/dalvikvm( 1037): GC_CONCURRENT freed 3049K, 27% free 14732K/19976K, paused 3ms+2ms, total 26ms
D/dalvikvm( 1037): WAIT_FOR_CONCURRENT_GC blocked 22ms
D/dalvikvm( 1037): GC_FOR_ALLOC freed 572K, 28% free 14486K/19976K, paused 17ms, total 17ms
D/dalvikvm( 1037): GC_FOR_ALLOC freed 112K, 28% free 14952K/20556K, paused 18ms, total 19ms
D/dalvikvm(27453): GC_CONCURRENT freed 1505K, 28% free 10315K/14164K, paused 3ms+3ms, total 21ms
D/dalvikvm(27453): WAIT_FOR_CONCURRENT_GC blocked 9ms
D/dalvikvm(27453): GC_CONCURRENT freed 542K, 28% free 10277K/14164K, paused 2ms+2ms, total 20ms
D/dalvikvm(27453): WAIT_FOR_CONCURRENT_GC blocked 9ms
D/dalvikvm(27453): GC_CONCURRENT freed 507K, 28% free 10277K/14164K, paused 2ms+2ms, total 18ms
D/dalvikvm(27453): WAIT_FOR_CONCURRENT_GC blocked 5ms
D/dalvikvm(27453): GC_CONCURRENT freed 988K, 28% free 10307K/14164K, paused 2ms+1ms, total 18ms
D/dalvikvm(27453): WAIT_FOR_CONCURRENT_GC blocked 5ms
D/dalvikvm(27453): GC_CONCURRENT freed 1518K, 28% free 10322K/14164K, paused 4ms+1ms, total 21ms
D/dalvikvm(27453): WAIT_FOR_CONCURRENT_GC blocked 7ms
D/dalvikvm( 1037): GC_CONCURRENT freed 2069K, 21% free 16919K/21184K, paused 3ms+4ms, total 35ms
D/dalvikvm( 1037): WAIT_FOR_CONCURRENT_GC blocked 18ms
D/dalvikvm(27453): GC_CONCURRENT freed 542K, 28% free 10285K/14164K, paused 2ms+2ms, total 20ms
D/dalvikvm(27453): WAIT_FOR_CONCURRENT_GC blocked 8ms
D/dalvikvm( 1037): GC_FOR_ALLOC freed 181K, 18% free 17473K/21184K, paused 23ms, total 23ms
D/dalvikvm(27453): GC_CONCURRENT freed 507K, 28% free 10285K/14164K, paused 3ms+3ms, total 23ms
D/dalvikvm(27453): WAIT_FOR_CONCURRENT_GC blocked 6ms
D/dalvikvm( 1037): GC_FOR_ALLOC freed 264K, 17% free 18003K/21684K, paused 25ms, total 25ms
D/dalvikvm(27453): GC_CONCURRENT freed 1004K, 28% free 10291K/14164K, paused 3ms+2ms, total 19ms
D/dalvikvm(27453): WAIT_FOR_CONCURRENT_GC blocked 6ms
D/dalvikvm( 1037): GC_CONCURRENT freed 2642K, 20% free 19458K/24288K, paused 4ms+6ms, total 46ms
D/dalvikvm( 1037): WAIT_FOR_CONCURRENT_GC blocked 21ms
D/dalvikvm( 1037): GC_FOR_ALLOC freed 777K, 19% free 19825K/24288K, paused 27ms, total 27ms
D/dalvikvm( 1037): GC_FOR_ALLOC freed 3K, 19% free 20291K/24760K, paused 25ms, total 25ms
D/dalvikvm( 1037): GC_FOR_ALLOC freed 1525K, 22% free 20685K/26396K, paused 25ms, total 25ms
D/dalvikvm( 1037): GC_FOR_ALLOC freed 486K, 20% free 21127K/26396K, paused 24ms, total 24ms
D/dalvikvm( 1037): GC_CONCURRENT freed 1465K, 18% free 21658K/26396K, paused 3ms+6ms, total 38ms
D/dalvikvm( 9489): GC_CONCURRENT freed 1329K, 20% free 14291K/17820K, paused 14ms+2ms, total 72ms
D/dalvikvm( 3582): GC_CONCURRENT freed 1286K, 38% free 14044K/22632K, paused 3ms+4ms, total 55ms
D/dalvikvm( 2411): GC_CONCURRENT freed 1907K, 13% free 53937K/61648K, paused 21ms+14ms, total 224ms
D/dalvikvm( 2772): GC_CONCURRENT freed 387K, 26% free 10113K/13536K, paused 2ms+2ms, total 22ms
D/dalvikvm( 5249): GC_CONCURRENT freed 654K, 30% free 11115K/15776K, paused 3ms+3ms, total 29ms
D/dalvikvm( 5249): WAIT_FOR_CONCURRENT_GC blocked 8ms
D/dalvikvm( 5249): GC_CONCURRENT freed 484K, 30% free 11142K/15776K, paused 5ms+3ms, total 29ms
D/dalvikvm( 5249): WAIT_FOR_CONCURRENT_GC blocked 20ms
D/dalvikvm( 5249): GC_CONCURRENT freed 350K, 29% free 11271K/15776K, paused 2ms+3ms, total 21ms
D/dalvikvm( 5249): WAIT_FOR_CONCURRENT_GC blocked 19ms
D/dalvikvm(28621): GC_CONCURRENT freed 385K, 22% free 10206K/13012K, paused 8ms+2ms, total 72ms
D/dalvikvm( 7199): GC_CONCURRENT freed 675K, 22% free 10159K/13024K, paused 2ms+2ms, total 25ms
D/dalvikvm( 5249): GC_CONCURRENT freed 1156K, 30% free 11179K/15776K, paused 2ms+3ms, total 24ms
D/dalvikvm( 5249): WAIT_FOR_CONCURRENT_GC blocked 21ms
D/dalvikvm( 1037): GC_CONCURRENT freed 5321K, 31% free 18280K/26380K, paused 4ms+7ms, total 56ms
D/dalvikvm( 1250): GC_CONCURRENT freed 434K, 33% free 11369K/16760K, paused 12ms+3ms, total 50ms
D/dalvikvm(26746): GC_CONCURRENT freed 382K, 36% free 10454K/16244K, paused 3ms+3ms, total 33ms
D/dalvikvm( 5249): GC_CONCURRENT freed 579K, 30% free 11111K/15776K, paused 2ms+5ms, total 33ms
D/dalvikvm( 5249): WAIT_FOR_CONCURRENT_GC blocked 16ms
D/dalvikvm( 5249): GC_CONCURRENT freed 470K, 30% free 11133K/15776K, paused 2ms+3ms, total 30ms
D/dalvikvm( 5249): WAIT_FOR_CONCURRENT_GC blocked 26ms
D/dalvikvm( 5249): GC_CONCURRENT freed 372K, 30% free 11199K/15776K, paused 4ms+3ms, total 29ms
D/dalvikvm( 5249): WAIT_FOR_CONCURRENT_GC blocked 24ms
D/dalvikvm( 1037): GC_FOR_ALLOC freed 1644K, 28% free 18330K/25376K, paused 33ms, total 33ms
D/dalvikvm( 1037): GC_FOR_ALLOC freed 1017K, 26% free 19029K/25376K, paused 30ms, total 30ms
D/dalvikvm( 1037): GC_FOR_ALLOC freed 512K, 24% free 19341K/25376K, paused 30ms, total 30ms
D/dalvikvm( 1037): GC_FOR_ALLOC freed 329K, 24% free 19482K/25376K, paused 28ms, total 28ms
D/dalvikvm( 1037): GC_FOR_ALLOC freed 2692K, 29% free 19861K/27624K, paused 28ms, total 28ms
D/dalvikvm( 1037): GC_CONCURRENT freed 1740K, 27% free 20169K/27624K, paused 2ms+6ms, total 34ms
D/dalvikvm( 1037): WAIT_FOR_CONCURRENT_GC blocked 31ms
D/dalvikvm( 1037): WAIT_FOR_CONCURRENT_GC blocked 29ms
D/dalvikvm( 1037): WAIT_FOR_CONCURRENT_GC blocked 31ms
D/dalvikvm( 1037): GC_CONCURRENT freed 1707K, 26% free 20509K/27624K, paused 2ms+5ms, total 36ms
D/dalvikvm( 1037): WAIT_FOR_CONCURRENT_GC blocked 27ms
D/dalvikvm( 1037): WAIT_FOR_CONCURRENT_GC blocked 26ms
D/dalvikvm( 1037): WAIT_FOR_CONCURRENT_GC blocked 30ms
D/dalvikvm( 1037): WAIT_FOR_CONCURRENT_GC blocked 29ms
D/dalvikvm( 5249): GC_CONCURRENT freed 1021K, 29% free 11210K/15776K, paused 3ms+2ms, total 26ms
D/dalvikvm( 5249): WAIT_FOR_CONCURRENT_GC blocked 17ms
D/dalvikvm( 5249): GC_CONCURRENT freed 392K, 29% free 11260K/15776K, paused 3ms+3ms, total 26ms
D/dalvikvm( 1037): GC_FOR_ALLOC freed 2598K, 29% free 19740K/27624K, paused 39ms, total 39ms
D/dalvikvm( 1037): GC_FOR_ALLOC freed 1999K, 30% free 19542K/27624K, paused 34ms, total 34ms
D/dalvikvm( 1037): GC_CONCURRENT freed 921K, 26% free 20656K/27624K, paused 2ms+7ms, total 42ms
D/dalvikvm( 1037): WAIT_FOR_CONCURRENT_GC blocked 37ms
D/dalvikvm( 1037): GC_FOR_ALLOC freed 544K, 24% free 21064K/27624K, paused 42ms, total 42ms
D/dalvikvm( 1037): GC_FOR_ALLOC freed 1320K, 27% free 20245K/27624K, paused 40ms, total 40ms
D/dalvikvm( 1037): GC_FOR_ALLOC freed 993K, 25% free 20980K/27624K, paused 31ms, total 31ms
D/dalvikvm( 1037): GC_CONCURRENT freed 2217K, 25% free 20811K/27624K, paused 4ms+6ms, total 41ms
D/dalvikvm( 1037): WAIT_FOR_CONCURRENT_GC blocked 26ms
D/dalvikvm( 1037): GC_CONCURRENT freed 1464K, 23% free 21308K/27624K, paused 4ms+6ms, total 46ms
D/dalvikvm( 1037): GC_CONCURRENT freed 3195K, 28% free 20161K/27624K, paused 5ms+8ms, total 49ms
D/dalvikvm( 1037): WAIT_FOR_CONCURRENT_GC blocked 20ms
D/dalvikvm( 1037): WAIT_FOR_CONCURRENT_GC blocked 21ms
D/dalvikvm( 1037): WAIT_FOR_CONCURRENT_GC blocked 22ms
D/dalvikvm( 1037): WAIT_FOR_CONCURRENT_GC blocked 43ms
D/dalvikvm( 1037): GC_FOR_ALLOC freed 1800K, 28% free 20096K/27624K, paused 34ms, total 34ms
D/dalvikvm( 1037): GC_FOR_ALLOC freed 1365K, 26% free 20500K/27624K, paused 36ms, total 36ms
D/dalvikvm( 1037): GC_FOR_ALLOC freed 930K, 25% free 20812K/27624K, paused 37ms, total 37ms
D/dalvikvm( 1037): GC_FOR_ALLOC freed 329K, 25% free 20953K/27624K, paused 38ms, total 38ms
D/dalvikvm( 1037): GC_FOR_ALLOC freed 56K, 24% free 21366K/28096K, paused 37ms, total 37ms
D/dalvikvm( 2411): GC_CONCURRENT freed 2382K, 14% free 53603K/61648K, paused 5ms+21ms, total 218ms
D/dalvikvm( 2411): WAIT_FOR_CONCURRENT_GC blocked 200ms
D/dalvikvm( 2411): WAIT_FOR_CONCURRENT_GC blocked 199ms
D/dalvikvm( 2411): WAIT_FOR_CONCURRENT_GC blocked 99ms
D/dalvikvm( 2411): WAIT_FOR_CONCURRENT_GC blocked 46ms
D/dalvikvm( 5249): GC_CONCURRENT freed 707K, 31% free 10992K/15776K, paused 3ms+2ms, total 27ms
D/dalvikvm( 1037): GC_EXPLICIT freed 4302K, 25% free 21919K/29040K, paused 4ms+10ms, total 76ms
D/dalvikvm(30869): GC_CONCURRENT freed 362K, 23% free 10091K/12956K, paused 1ms+3ms, total 23ms
D/dalvikvm(27453): GC_CONCURRENT freed 1530K, 28% free 10296K/14164K, paused 2ms+2ms, total 23ms
D/dalvikvm(27453): WAIT_FOR_CONCURRENT_GC blocked 7ms
D/dalvikvm(27453): GC_CONCURRENT freed 529K, 28% free 10274K/14164K, paused 2ms+2ms, total 17ms
D/dalvikvm(27453): WAIT_FOR_CONCURRENT_GC blocked 7ms
D/dalvikvm(27453): GC_CONCURRENT freed 504K, 28% free 10274K/14164K, paused 2ms+1ms, total 15ms
D/dalvikvm(27453): WAIT_FOR_CONCURRENT_GC blocked 6ms
D/dalvikvm(27453): GC_CONCURRENT freed 988K, 28% free 10305K/14164K, paused 1ms+1ms, total 15ms
D/dalvikvm(27453): WAIT_FOR_CONCURRENT_GC blocked 6ms
D/dalvikvm(27453): GC_CONCURRENT freed 1515K, 28% free 10320K/14164K, paused 4ms+3ms, total 25ms
D/dalvikvm(27453): WAIT_FOR_CONCURRENT_GC blocked 6ms
D/dalvikvm(31026): GC_EXPLICIT freed 1330K, 18% free 16927K/20452K, paused 7ms+12ms, total 114ms
D/dalvikvm(27453): GC_CONCURRENT freed 544K, 28% free 10283K/14164K, paused 4ms+2ms, total 50ms
D/dalvikvm(27453): WAIT_FOR_CONCURRENT_GC blocked 23ms
D/dalvikvm( 1956): GC_EXPLICIT freed 40K, 19% free 9923K/12156K, paused 3ms+3ms, total 37ms
D/dalvikvm( 1956): GC_EXPLICIT freed <1K, 19% free 9923K/12156K, paused 2ms+3ms, total 27ms
D/dalvikvm( 2800): GC_EXPLICIT freed 382K, 35% free 38655K/58656K, paused 6ms+12ms, total 118ms
D/dalvikvm(27453): GC_CONCURRENT freed 454K, 28% free 10272K/14164K, paused 2ms+2ms, total 21ms
D/dalvikvm( 1956): GC_EXPLICIT freed <1K, 19% free 9923K/12156K, paused 2ms+3ms, total 27ms
D/dalvikvm(27453): GC_CONCURRENT freed 985K, 28% free 10305K/14164K, paused 2ms+2ms, total 20ms
D/dalvikvm(27453): WAIT_FOR_CONCURRENT_GC blocked 7ms
D/dalvikvm( 2411): GC_CONCURRENT freed 2087K, 14% free 53467K/61648K, paused 5ms+17ms, total 237ms
D/dalvikvm( 3582): GC_CONCURRENT freed 1378K, 38% free 14063K/22632K, paused 4ms+5ms, total 70ms
D/dalvikvm( 3582): WAIT_FOR_CONCURRENT_GC blocked 49ms
D/dalvikvm( 3582): WAIT_FOR_CONCURRENT_GC blocked 50ms
D/dalvikvm(30163): GC_CONCURRENT freed 860K, 24% free 11437K/14856K, paused 12ms+3ms, total 80ms
D/dalvikvm( 2411): GC_CONCURRENT freed 2043K, 14% free 53472K/61648K, paused 9ms+13ms, total 206ms
D/dalvikvm( 2411): WAIT_FOR_CONCURRENT_GC blocked 157ms
D/dalvikvm( 2411): WAIT_FOR_CONCURRENT_GC blocked 157ms
D/dalvikvm( 2411): WAIT_FOR_CONCURRENT_GC blocked 158ms
D/dalvikvm( 2411): WAIT_FOR_CONCURRENT_GC blocked 90ms
D/dalvikvm( 2411): WAIT_FOR_CONCURRENT_GC blocked 110ms
D/dalvikvm(27453): GC_CONCURRENT freed 1465K, 28% free 10328K/14164K, paused 2ms+5ms, total 34ms
D/dalvikvm( 3582): GC_CONCURRENT freed 1431K, 38% free 14035K/22632K, paused 5ms+3ms, total 90ms
D/dalvikvm( 3582): WAIT_FOR_CONCURRENT_GC blocked 41ms
D/dalvikvm( 2411): GC_CONCURRENT freed 1277K, 13% free 54195K/61648K, paused 16ms+22ms, total 269ms
D/dalvikvm(27453): GC_CONCURRENT freed 551K, 28% free 10285K/14164K, paused 4ms+1ms, total 46ms
D/dalvikvm(27453): WAIT_FOR_CONCURRENT_GC blocked 4ms
D/dalvikvm(27453): GC_CONCURRENT freed 505K, 28% free 10284K/14164K, paused 13ms+2ms, total 26ms
D/dalvikvm(27453): WAIT_FOR_CONCURRENT_GC blocked 13ms
D/dalvikvm(27453): GC_CONCURRENT freed 505K, 28% free 10284K/14164K, paused 3ms+1ms, total 25ms
D/dalvikvm(27453): WAIT_FOR_CONCURRENT_GC blocked 13ms
D/dalvikvm(27453): GC_CONCURRENT freed 1003K, 28% free 10290K/14164K, paused 4ms+1ms, total 24ms
D/dalvikvm(27453): WAIT_FOR_CONCURRENT_GC blocked 11ms
D/dalvikvm(27453): GC_CONCURRENT freed 1502K, 28% free 10321K/14164K, paused 3ms+2ms, total 26ms
D/dalvikvm(27453): WAIT_FOR_CONCURRENT_GC blocked 12ms
D/dalvikvm(27453): GC_CONCURRENT freed 541K, 28% free 10284K/14164K, paused 2ms+2ms, total 25ms
D/dalvikvm(27453): WAIT_FOR_CONCURRENT_GC blocked 8ms
D/dalvikvm(27453): GC_CONCURRENT freed 505K, 28% free 10284K/14164K, paused 4ms+2ms, total 28ms
D/dalvikvm(27453): WAIT_FOR_CONCURRENT_GC blocked 9ms
D/dalvikvm(27453): GC_CONCURRENT freed 1003K, 28% free 10290K/14164K, paused 3ms+2ms, total 25ms
D/dalvikvm(27453): WAIT_FOR_CONCURRENT_GC blocked 12ms
D/dalvikvm( 5249): GC_CONCURRENT freed 483K, 31% free 11021K/15776K, paused 16ms+4ms, total 85ms
D/dalvikvm( 5249): WAIT_FOR_CONCURRENT_GC blocked 16ms
D/dalvikvm( 5249): GC_CONCURRENT freed 362K, 30% free 11170K/15776K, paused 4ms+3ms, total 30ms
D/dalvikvm( 5249): WAIT_FOR_CONCURRENT_GC blocked 20ms
D/dalvikvm( 5249): GC_CONCURRENT freed 579K, 30% free 11102K/15776K, paused 5ms+7ms, total 75ms
D/dalvikvm( 5249): WAIT_FOR_CONCURRENT_GC blocked 28ms
D/dalvikvm( 5249): GC_CONCURRENT freed 476K, 30% free 11137K/15776K, paused 4ms+3ms, total 32ms
D/dalvikvm( 5249): WAIT_FOR_CONCURRENT_GC blocked 23ms
D/dalvikvm( 5249): GC_FOR_ALLOC freed 417K, 30% free 11179K/15776K, paused 25ms, total 25ms
D/dalvikvm( 5249): GC_CONCURRENT freed 1181K, 31% free 11022K/15776K, paused 5ms+4ms, total 95ms
D/dalvikvm( 5249): WAIT_FOR_CONCURRENT_GC blocked 19ms
D/dalvikvm( 5249): GC_CONCURRENT freed 363K, 30% free 11171K/15776K, paused 3ms+3ms, total 30ms
D/dalvikvm( 5249): WAIT_FOR_CONCURRENT_GC blocked 23ms
D/dalvikvm( 5671): GC_FOR_ALLOC freed 24K, 27% free 10827K/14828K, paused 70ms, total 71ms
D/dalvikvm( 5671): GC_FOR_ALLOC freed 6K, 27% free 10948K/14960K, paused 35ms, total 35ms
D/dalvikvm( 5671): GC_CONCURRENT freed 455K, 27% free 10968K/14960K, paused 3ms+2ms, total 63ms
D/dalvikvm( 2411): GC_CONCURRENT freed 2708K, 14% free 53535K/61648K, paused 30ms+28ms, total 523ms
D/dalvikvm( 2411): WAIT_FOR_CONCURRENT_GC blocked 171ms
D/dalvikvm( 5249): GC_CONCURRENT freed 577K, 30% free 11105K/15776K, paused 10ms+3ms, total 37ms
D/dalvikvm( 5249): WAIT_FOR_CONCURRENT_GC blocked 19ms
D/dalvikvm( 5249): GC_CONCURRENT freed 484K, 30% free 11133K/15776K, paused 7ms+3ms, total 34ms
D/dalvikvm( 5249): WAIT_FOR_CONCURRENT_GC blocked 22ms
D/dalvikvm( 5249): WAIT_FOR_CONCURRENT_GC blocked 29ms
D/dalvikvm( 5249): GC_CONCURRENT freed 431K, 29% free 11213K/15776K, paused 3ms+3ms, total 50ms
D/dalvikvm( 5249): WAIT_FOR_CONCURRENT_GC blocked 39ms
D/dalvikvm( 5249): WAIT_FOR_CONCURRENT_GC blocked 7ms
D/dalvikvm(26746): GC_CONCURRENT freed 394K, 36% free 10453K/16244K, paused 9ms+15ms, total 129ms
D/dalvikvm( 5249): GC_CONCURRENT freed 1125K, 30% free 11131K/15776K, paused 18ms+6ms, total 114ms
D/dalvikvm( 5249): WAIT_FOR_CONCURRENT_GC blocked 60ms
D/dalvikvm( 5249): GC_CONCURRENT freed 490K, 30% free 11152K/15776K, paused 3ms+3ms, total 31ms
D/dalvikvm( 5249): WAIT_FOR_CONCURRENT_GC blocked 23ms
D/dalvikvm( 5249): GC_CONCURRENT freed 652K, 31% free 10976K/15776K, paused 3ms+2ms, total 30ms
D/dalvikvm( 2772): GC_CONCURRENT freed 401K, 26% free 10116K/13536K, paused 24ms+9ms, total 95ms
D/dalvikvm( 5249): GC_CONCURRENT freed 885K, 30% free 11115K/15776K, paused 29ms+5ms, total 103ms
D/dalvikvm( 5249): WAIT_FOR_CONCURRENT_GC blocked 22ms
D/dalvikvm( 5249): GC_CONCURRENT freed 376K, 30% free 11172K/15776K, paused 4ms+3ms, total 30ms
D/dalvikvm( 5249): WAIT_FOR_CONCURRENT_GC blocked 21ms
D/dalvikvm( 5249): GC_CONCURRENT freed 572K, 30% free 11112K/15776K, paused 13ms+6ms, total 66ms
D/dalvikvm( 5249): WAIT_FOR_CONCURRENT_GC blocked 23ms
D/dalvikvm( 5249): GC_CONCURRENT freed 483K, 30% free 11140K/15776K, paused 4ms+3ms, total 31ms
D/dalvikvm( 5249): WAIT_FOR_CONCURRENT_GC blocked 23ms
D/dalvikvm( 5249): GC_FOR_ALLOC freed 442K, 30% free 11181K/15776K, paused 26ms, total 26ms
D/dalvikvm( 2411): GC_CONCURRENT freed 2058K, 14% free 53398K/61648K, paused 26ms+20ms, total 459ms
D/dalvikvm(28621): GC_CONCURRENT freed 385K, 22% free 10206K/13012K, paused 1ms+1ms, total 21ms
D/dalvikvm( 7724): GC_CONCURRENT freed 680K, 22% free 10235K/13112K, paused 10ms+4ms, total 40ms
D/dalvikvm( 7724): WAIT_FOR_CONCURRENT_GC blocked 2ms
D/dalvikvm( 7724): GC_FOR_ALLOC freed 362K, 24% free 10301K/13440K, paused 15ms, total 15ms
D/dalvikvm( 5249): GC_CONCURRENT freed 1025K, 30% free 11180K/15776K, paused 23ms+2ms, total 77ms
D/dalvikvm( 5249): WAIT_FOR_CONCURRENT_GC blocked 53ms
D/dalvikvm( 7724): GC_CONCURRENT freed 734K, 21% free 11174K/14024K, paused 2ms+13ms, total 132ms
D/dalvikvm( 7724): GC_CONCURRENT freed 1847K, 26% free 11572K/15612K, paused 2ms+2ms, total 30ms
D/dalvikvm( 7724): WAIT_FOR_CONCURRENT_GC blocked 9ms
D/dalvikvm( 7724): GC_CONCURRENT freed 671K, 27% free 11450K/15612K, paused 3ms+2ms, total 24ms
D/dalvikvm( 7724): WAIT_FOR_CONCURRENT_GC blocked 5ms
D/dalvikvm( 7724): GC_CONCURRENT freed 1429K, 33% free 10533K/15612K, paused 2ms+6ms, total 31ms
D/dalvikvm( 7724): WAIT_FOR_CONCURRENT_GC blocked 2ms
D/dalvikvm( 7724): GC_CONCURRENT freed 123K, 31% free 10922K/15612K, paused 2ms+3ms, total 39ms
D/dalvikvm( 7724): WAIT_FOR_CONCURRENT_GC blocked 6ms
D/dalvikvm( 7724): GC_CONCURRENT freed 60K, 28% free 11290K/15612K, paused 3ms+18ms, total 44ms
D/dalvikvm( 5249): GC_CONCURRENT freed 586K, 30% free 11106K/15776K, paused 9ms+8ms, total 70ms
D/dalvikvm( 5249): WAIT_FOR_CONCURRENT_GC blocked 31ms
D/dalvikvm( 7768): GC_CONCURRENT freed 746K, 23% free 10118K/13040K, paused 4ms+3ms, total 57ms
D/dalvikvm( 7792): GC_CONCURRENT freed 766K, 23% free 10151K/13108K, paused 9ms+7ms, total 44ms
D/dalvikvm( 5249): GC_CONCURRENT freed 507K, 30% free 11111K/15776K, paused 5ms+6ms, total 64ms
D/dalvikvm( 5249): WAIT_FOR_CONCURRENT_GC blocked 27ms
D/dalvikvm( 5249): GC_CONCURRENT freed 468K, 30% free 11154K/15776K, paused 8ms+3ms, total 34ms
D/dalvikvm( 5249): WAIT_FOR_CONCURRENT_GC blocked 26ms
D/dalvikvm( 5249): GC_CONCURRENT freed 652K, 31% free 10976K/15776K, paused 3ms+3ms, total 29ms
D/dalvikvm( 2411): GC_CONCURRENT freed 1810K, 14% free 53550K/61648K, paused 16ms+20ms, total 377ms
D/dalvikvm( 5249): GC_CONCURRENT freed 744K, 29% free 11215K/15776K, paused 3ms+3ms, total 28ms
D/dalvikvm( 5249): WAIT_FOR_CONCURRENT_GC blocked 19ms
D/dalvikvm( 5249): GC_CONCURRENT freed 619K, 30% free 11108K/15776K, paused 13ms+6ms, total 65ms
D/dalvikvm( 5249): WAIT_FOR_CONCURRENT_GC blocked 25ms
D/dalvikvm( 5249): GC_CONCURRENT freed 474K, 30% free 11134K/15776K, paused 5ms+3ms, total 41ms
D/dalvikvm( 5249): WAIT_FOR_CONCURRENT_GC blocked 28ms
D/dalvikvm( 5249): GC_FOR_ALLOC freed 372K, 30% free 11200K/15776K, paused 24ms, total 25ms
D/dalvikvm(26746): GC_CONCURRENT freed 385K, 36% free 10453K/16244K, paused 5ms+22ms, total 112ms
D/dalvikvm( 5249): GC_CONCURRENT freed 1194K, 31% free 11039K/15776K, paused 6ms+7ms, total 108ms
D/dalvikvm( 5249): WAIT_FOR_CONCURRENT_GC blocked 31ms
D/dalvikvm( 5249): GC_CONCURRENT freed 340K, 29% free 11211K/15776K, paused 4ms+3ms, total 30ms
D/dalvikvm( 5249): WAIT_FOR_CONCURRENT_GC blocked 20ms
D/dalvikvm(31316): GC_CONCURRENT freed 391K, 23% free 10090K/12996K, paused 14ms+4ms, total 81ms
D/dalvikvm( 5249): GC_CONCURRENT freed 615K, 30% free 11108K/15776K, paused 18ms+8ms, total 105ms
D/dalvikvm( 5249): WAIT_FOR_CONCURRENT_GC blocked 28ms
D/dalvikvm( 5249): GC_CONCURRENT freed 421K, 30% free 11167K/15776K, paused 4ms+4ms, total 38ms
D/dalvikvm( 5249): WAIT_FOR_CONCURRENT_GC blocked 30ms
D/dalvikvm( 5249): GC_FOR_ALLOC freed 439K, 30% free 11179K/15776K, paused 29ms, total 30ms
D/dalvikvm( 7959): GC_CONCURRENT freed 782K, 23% free 10126K/13100K, paused 8ms+7ms, total 54ms
D/dalvikvm( 7959): GC_CONCURRENT freed 668K, 22% free 10364K/13220K, paused 4ms+3ms, total 22ms
D/dalvikvm( 2411): GC_CONCURRENT freed 2132K, 14% free 53465K/61648K, paused 31ms+20ms, total 541ms
D/dalvikvm( 2411): WAIT_FOR_CONCURRENT_GC blocked 143ms
D/dalvikvm( 5249): GC_CONCURRENT freed 958K, 30% free 11192K/15776K, paused 3ms+2ms, total 28ms
D/dalvikvm( 5249): WAIT_FOR_CONCURRENT_GC blocked 21ms
D/dalvikvm( 5249): GC_CONCURRENT freed 638K, 31% free 10979K/15776K, paused 3ms+2ms, total 23ms
D/dalvikvm( 5249): GC_CONCURRENT freed 440K, 31% free 10993K/15776K, paused 14ms+5ms, total 73ms
D/dalvikvm( 5249): GC_CONCURRENT freed 436K, 30% free 11069K/15776K, paused 5ms+6ms, total 155ms
D/dalvikvm( 5249): WAIT_FOR_CONCURRENT_GC blocked 20ms
D/dalvikvm( 5249): GC_CONCURRENT freed 333K, 29% free 11211K/15776K, paused 4ms+3ms, total 30ms
D/dalvikvm( 5249): WAIT_FOR_CONCURRENT_GC blocked 20ms
D/dalvikvm( 5249): GC_CONCURRENT freed 613K, 30% free 11110K/15776K, paused 9ms+6ms, total 67ms
D/dalvikvm( 5249): WAIT_FOR_CONCURRENT_GC blocked 29ms
D/dalvikvm( 2772): GC_CONCURRENT freed 414K, 26% free 10115K/13536K, paused 74ms+27ms, total 209ms
D/dalvikvm( 5249): GC_CONCURRENT freed 509K, 30% free 11112K/15776K, paused 5ms+6ms, total 78ms
D/dalvikvm( 5249): WAIT_FOR_CONCURRENT_GC blocked 36ms
D/dalvikvm( 5249): GC_CONCURRENT freed 419K, 30% free 11173K/15776K, paused 4ms+3ms, total 31ms
D/dalvikvm( 5249): WAIT_FOR_CONCURRENT_GC blocked 23ms
D/dalvikvm( 5249): GC_FOR_ALLOC freed 440K, 30% free 11186K/15776K, paused 26ms, total 26ms
D/dalvikvm( 2411): GC_CONCURRENT freed 1975K, 14% free 53421K/61648K, paused 24ms+19ms, total 369ms
D/dalvikvm(26746): GC_CONCURRENT freed 394K, 36% free 10455K/16244K, paused 14ms+40ms, total 155ms
D/dalvikvm( 5249): GC_CONCURRENT freed 1079K, 30% free 11130K/15776K, paused 22ms+4ms, total 116ms
D/dalvikvm( 5249): WAIT_FOR_CONCURRENT_GC blocked 31ms
D/dalvikvm( 5249): GC_CONCURRENT freed 469K, 30% free 11173K/15776K, paused 4ms+3ms, total 38ms
D/dalvikvm( 5249): WAIT_FOR_CONCURRENT_GC blocked 30ms
D/dalvikvm(28621): GC_CONCURRENT freed 384K, 22% free 10206K/13012K, paused 14ms+11ms, total 97ms
D/dalvikvm(29229): GC_CONCURRENT freed 406K, 22% free 10187K/13000K, paused 8ms+11ms, total 95ms
D/dalvikvm( 5249): GC_CONCURRENT freed 577K, 30% free 11107K/15776K, paused 12ms+7ms, total 71ms
D/dalvikvm( 5249): WAIT_FOR_CONCURRENT_GC blocked 29ms
D/dalvikvm( 5249): GC_CONCURRENT freed 479K, 30% free 11139K/15776K, paused 6ms+3ms, total 34ms
D/dalvikvm( 5249): WAIT_FOR_CONCURRENT_GC blocked 21ms
D/dalvikvm( 5249): GC_CONCURRENT freed 352K, 29% free 11270K/15776K, paused 4ms+2ms, total 29ms
D/dalvikvm( 5249): WAIT_FOR_CONCURRENT_GC blocked 25ms
D/dalvikvm(19511): GC_CONCURRENT freed 407K, 31% free 10555K/15232K, paused 13ms+10ms, total 106ms
D/dalvikvm( 5249): GC_CONCURRENT freed 1233K, 30% free 11124K/15776K, paused 19ms+10ms, total 116ms
D/dalvikvm( 5249): WAIT_FOR_CONCURRENT_GC blocked 10ms
D/dalvikvm( 5249): GC_CONCURRENT freed 376K, 30% free 11173K/15776K, paused 5ms+4ms, total 38ms
D/dalvikvm( 5249): WAIT_FOR_CONCURRENT_GC blocked 25ms
D/dalvikvm( 2411): GC_CONCURRENT freed 1982K, 14% free 53449K/61648K, paused 28ms+19ms, total 414ms
D/dalvikvm( 5249): GC_CONCURRENT freed 578K, 30% free 11107K/15776K, paused 3ms+3ms, total 42ms
D/dalvikvm( 5249): WAIT_FOR_CONCURRENT_GC blocked 18ms
D/dalvikvm( 5249): GC_CONCURRENT freed 440K, 30% free 11178K/15776K, paused 3ms+3ms, total 27ms
D/dalvikvm( 5249): WAIT_FOR_CONCURRENT_GC blocked 17ms
D/dalvikvm( 5249): GC_CONCURRENT freed 691K, 31% free 10974K/15776K, paused 3ms+3ms, total 26ms
D/dalvikvm( 5249): GC_CONCURRENT freed 734K, 30% free 11176K/15776K, paused 5ms+5ms, total 50ms
D/dalvikvm( 5249): WAIT_FOR_CONCURRENT_GC blocked 43ms
D/dalvikvm( 5249): GC_CONCURRENT freed 579K, 30% free 11109K/15776K, paused 5ms+7ms, total 76ms
D/dalvikvm( 5249): WAIT_FOR_CONCURRENT_GC blocked 31ms
D/dalvikvm( 5249): GC_CONCURRENT freed 466K, 30% free 11132K/15776K, paused 28ms+3ms, total 57ms
D/dalvikvm( 5249): WAIT_FOR_CONCURRENT_GC blocked 29ms
D/dalvikvm( 5249): GC_FOR_ALLOC freed 372K, 30% free 11198K/15776K, paused 25ms, total 26ms
D/dalvikvm( 5249): GC_CONCURRENT freed 1020K, 29% free 11209K/15776K, paused 5ms+3ms, total 39ms
D/dalvikvm( 5249): WAIT_FOR_CONCURRENT_GC blocked 28ms
D/dalvikvm( 5249): GC_CONCURRENT freed 662K, 31% free 10982K/15776K, paused 3ms+3ms, total 29ms
D/dalvikvm( 5249): GC_CONCURRENT freed 417K, 30% free 11076K/15776K, paused 5ms+6ms, total 108ms
D/dalvikvm( 5249): WAIT_FOR_CONCURRENT_GC blocked 18ms
D/dalvikvm( 5249): GC_CONCURRENT freed 326K, 29% free 11208K/15776K, paused 4ms+3ms, total 30ms
D/dalvikvm( 5249): WAIT_FOR_CONCURRENT_GC blocked 17ms
D/dalvikvm( 5249): GC_CONCURRENT freed 610K, 30% free 11110K/15776K, paused 14ms+7ms, total 79ms
D/dalvikvm( 5249): WAIT_FOR_CONCURRENT_GC blocked 33ms
D/dalvikvm( 5249): GC_CONCURRENT freed 480K, 30% free 11136K/15776K, paused 4ms+3ms, total 41ms
D/dalvikvm( 5249): WAIT_FOR_CONCURRENT_GC blocked 28ms
D/dalvikvm( 5249): GC_FOR_ALLOC freed 373K, 30% free 11200K/15776K, paused 30ms, total 30ms
D/dalvikvm( 5249): GC_CONCURRENT freed 2K, 29% free 11348K/15776K, paused 5ms+3ms, total 37ms
D/dalvikvm( 2411): GC_CONCURRENT freed 2011K, 14% free 53379K/61648K, paused 29ms+18ms, total 474ms
D/dalvikvm(26746): GC_CONCURRENT freed 421K, 36% free 10460K/16244K, paused 46ms+10ms, total 158ms
D/dalvikvm( 2772): GC_CONCURRENT freed 393K, 26% free 10116K/13536K, paused 5ms+3ms, total 83ms
D/dalvikvm( 5249): GC_CONCURRENT freed 2752K, 31% free 11144K/16092K, paused 6ms+6ms, total 72ms
D/dalvikvm( 5249): WAIT_FOR_CONCURRENT_GC blocked 45ms
D/dalvikvm( 5249): GC_CONCURRENT freed 498K, 31% free 11158K/16092K, paused 4ms+3ms, total 31ms
D/dalvikvm( 5249): WAIT_FOR_CONCURRENT_GC blocked 21ms
D/dalvikvm( 5249): GC_CONCURRENT freed 651K, 32% free 10979K/16092K, paused 4ms+3ms, total 33ms
D/dalvikvm( 2411): GC_CONCURRENT freed 1929K, 14% free 53383K/61648K, paused 24ms+18ms, total 474ms
D/dalvikvm(28621): GC_CONCURRENT freed 357K, 22% free 10243K/13012K, paused 18ms+9ms, total 109ms
D/dalvikvm( 5249): GC_CONCURRENT freed 878K, 31% free 11125K/16012K, paused 11ms+7ms, total 75ms
D/dalvikvm( 5249): WAIT_FOR_CONCURRENT_GC blocked 35ms
D/dalvikvm( 5249): GC_CONCURRENT freed 477K, 31% free 11137K/16012K, paused 5ms+3ms, total 33ms
D/dalvikvm( 5249): WAIT_FOR_CONCURRENT_GC blocked 22ms
D/dalvikvm( 5249): GC_FOR_ALLOC freed 408K, 31% free 11180K/16012K, paused 25ms, total 26ms
D/dalvikvm( 5249): GC_CONCURRENT freed 1K, 30% free 11254K/16012K, paused 4ms+3ms, total 30ms
D/dalvikvm( 2800): GC_EXPLICIT freed 471K, 35% free 38665K/58656K, paused 17ms+34ms, total 267ms
D/dalvikvm( 2411): GC_CONCURRENT freed 1909K, 14% free 53400K/61648K, paused 25ms+20ms, total 333ms
D/dalvikvm( 5249): GC_CONCURRENT freed 2469K, 31% free 11159K/15968K, paused 4ms+3ms, total 38ms
D/dalvikvm( 5249): WAIT_FOR_CONCURRENT_GC blocked 19ms
D/dalvikvm( 5249): GC_FOR_ALLOC freed 443K, 30% free 11199K/15968K, paused 25ms, total 25ms
D/dalvikvm(26746): GC_CONCURRENT freed 428K, 36% free 10466K/16244K, paused 91ms+7ms, total 208ms
D/dalvikvm( 5249): GC_CONCURRENT freed 595K, 31% free 11116K/15968K, paused 14ms+5ms, total 71ms
D/dalvikvm( 5249): WAIT_FOR_CONCURRENT_GC blocked 48ms
D/dalvikvm( 5249): GC_CONCURRENT freed 463K, 31% free 11165K/15968K, paused 4ms+3ms, total 30ms
D/dalvikvm( 5249): WAIT_FOR_CONCURRENT_GC blocked 19ms
D/dalvikvm( 5249): GC_CONCURRENT freed 668K, 32% free 10983K/15968K, paused 3ms+3ms, total 29ms
D/dalvikvm( 3582): GC_CONCURRENT freed 1388K, 38% free 14042K/22632K, paused 21ms+8ms, total 123ms
D/dalvikvm( 3582): WAIT_FOR_CONCURRENT_GC blocked 82ms
D/dalvikvm( 5249): GC_CONCURRENT freed 889K, 30% free 11118K/15840K, paused 5ms+6ms, total 81ms
D/dalvikvm( 5249): WAIT_FOR_CONCURRENT_GC blocked 28ms
D/dalvikvm( 5249): GC_CONCURRENT freed 492K, 30% free 11137K/15840K, paused 4ms+3ms, total 35ms
D/dalvikvm( 5249): WAIT_FOR_CONCURRENT_GC blocked 19ms
D/dalvikvm( 5249): GC_FOR_ALLOC freed 395K, 30% free 11200K/15840K, paused 25ms, total 26ms
D/dalvikvm( 2411): GC_CONCURRENT freed 1932K, 14% free 53439K/61648K, paused 35ms+19ms, total 457ms
D/dalvikvm( 5249): GC_CONCURRENT freed 1020K, 30% free 11186K/15840K, paused 4ms+3ms, total 28ms
D/dalvikvm( 5249): WAIT_FOR_CONCURRENT_GC blocked 17ms
D/dalvikvm( 5249): GC_CONCURRENT freed 632K, 31% free 10978K/15840K, paused 3ms+2ms, total 26ms
D/dalvikvm( 2772): GC_CONCURRENT freed 407K, 26% free 10115K/13536K, paused 28ms+3ms, total 113ms
D/dalvikvm( 5249): GC_CONCURRENT freed 443K, 31% free 11046K/15840K, paused 11ms+6ms, total 99ms
D/dalvikvm( 5249): WAIT_FOR_CONCURRENT_GC blocked 19ms
D/dalvikvm( 5249): GC_CONCURRENT freed 337K, 30% free 11212K/15840K, paused 3ms+4ms, total 30ms
D/dalvikvm( 5249): WAIT_FOR_CONCURRENT_GC blocked 23ms
D/dalvikvm( 3459): GC_CONCURRENT freed 401K, 21% free 10677K/13428K, paused 15ms+8ms, total 130ms
D/dalvikvm( 5249): GC_CONCURRENT freed 614K, 30% free 11110K/15776K, paused 10ms+6ms, total 68ms
D/dalvikvm( 5249): WAIT_FOR_CONCURRENT_GC blocked 29ms
D/dalvikvm( 5249): GC_CONCURRENT freed 508K, 30% free 11113K/15776K, paused 5ms+6ms, total 60ms
D/dalvikvm( 5249): WAIT_FOR_CONCURRENT_GC blocked 39ms
D/dalvikvm( 5249): GC_CONCURRENT freed 422K, 29% free 11202K/15776K, paused 6ms+2ms, total 40ms
D/dalvikvm( 5249): WAIT_FOR_CONCURRENT_GC blocked 26ms
D/dalvikvm( 5249): GC_CONCURRENT freed 671K, 31% free 10979K/15776K, paused 2ms+3ms, total 28ms
D/dalvikvm( 7724): GC_CONCURRENT freed 811K, 27% free 11459K/15612K, paused 3ms+8ms, total 56ms
D/dalvikvm( 7724): GC_CONCURRENT freed 482K, 27% free 11410K/15612K, paused 2ms+2ms, total 32ms
D/dalvikvm( 7724): GC_CONCURRENT freed 394K, 27% free 11404K/15612K, paused 4ms+2ms, total 29ms
D/dalvikvm( 7724): GC_CONCURRENT freed 438K, 27% free 11406K/15612K, paused 3ms+2ms, total 24ms
D/dalvikvm( 7724): GC_CONCURRENT freed 448K, 27% free 11412K/15612K, paused 3ms+2ms, total 28ms
D/dalvikvm( 7724): GC_CONCURRENT freed 452K, 27% free 11414K/15612K, paused 2ms+1ms, total 25ms
D/dalvikvm( 7724): GC_CONCURRENT freed 452K, 27% free 11421K/15612K, paused 3ms+2ms, total 28ms
D/dalvikvm( 2411): GC_CONCURRENT freed 1883K, 14% free 53490K/61648K, paused 16ms+22ms, total 257ms
D/dalvikvm(26746): GC_CONCURRENT freed 400K, 36% free 10453K/16244K, paused 3ms+2ms, total 60ms
D/dalvikvm( 5249): GC_CONCURRENT freed 922K, 30% free 11081K/15776K, paused 3ms+3ms, total 77ms
D/dalvikvm( 5249): WAIT_FOR_CONCURRENT_GC blocked 9ms
D/dalvikvm( 5249): GC_CONCURRENT freed 346K, 29% free 11212K/15776K, paused 5ms+2ms, total 32ms
D/dalvikvm( 5249): WAIT_FOR_CONCURRENT_GC blocked 27ms
D/dalvikvm( 7724): GC_CONCURRENT freed 460K, 27% free 11415K/15612K, paused 3ms+3ms, total 29ms
D/dalvikvm( 7724): GC_CONCURRENT freed 453K, 27% free 11417K/15612K, paused 3ms+1ms, total 25ms
D/dalvikvm( 7724): GC_CONCURRENT freed 449K, 27% free 11424K/15612K, paused 3ms+2ms, total 27ms
D/dalvikvm( 7724): GC_CONCURRENT freed 435K, 27% free 11414K/15612K, paused 3ms+1ms, total 29ms
D/dalvikvm( 7724): GC_CONCURRENT freed 387K, 27% free 11415K/15612K, paused 3ms+1ms, total 30ms
D/dalvikvm( 7724): GC_CONCURRENT freed 390K, 27% free 11416K/15612K, paused 2ms+2ms, total 27ms
D/dalvikvm( 7724): GC_CONCURRENT freed 386K, 27% free 11417K/15612K, paused 2ms+2ms, total 24ms
D/dalvikvm( 7724): GC_CONCURRENT freed 444K, 27% free 11430K/15612K, paused 3ms+1ms, total 27ms
D/dalvikvm( 5249): GC_CONCURRENT freed 630K, 30% free 11094K/15776K, paused 4ms+3ms, total 42ms
D/dalvikvm( 5249): WAIT_FOR_CONCURRENT_GC blocked 18ms
D/dalvikvm( 7724): GC_CONCURRENT freed 443K, 27% free 11420K/15612K, paused 3ms+2ms, total 28ms
D/dalvikvm( 5249): GC_CONCURRENT freed 486K, 30% free 11120K/15776K, paused 5ms+6ms, total 74ms
D/dalvikvm( 5249): WAIT_FOR_CONCURRENT_GC blocked 30ms
D/dalvikvm( 5249): GC_CONCURRENT freed 490K, 30% free 11141K/15776K, paused 6ms+3ms, total 35ms
D/dalvikvm( 5249): WAIT_FOR_CONCURRENT_GC blocked 24ms
D/dalvikvm( 5249): GC_FOR_ALLOC freed 419K, 30% free 11183K/15776K, paused 27ms, total 27ms
D/dalvikvm(28621): GC_CONCURRENT freed 415K, 22% free 10243K/13012K, paused 15ms+9ms, total 118ms
D/dalvikvm( 5249): GC_CONCURRENT freed 1096K, 31% free 10997K/15776K, paused 5ms+5ms, total 76ms
D/dalvikvm( 2411): GC_CONCURRENT freed 2123K, 14% free 53408K/61648K, paused 32ms+26ms, total 603ms
D/dalvikvm( 5249): GC_CONCURRENT freed 412K, 30% free 11097K/15776K, paused 4ms+5ms, total 60ms
D/dalvikvm( 5249): WAIT_FOR_CONCURRENT_GC blocked 3ms
D/dalvikvm( 5249): GC_CONCURRENT freed 363K, 30% free 11166K/15776K, paused 3ms+3ms, total 27ms
D/dalvikvm( 5249): WAIT_FOR_CONCURRENT_GC blocked 22ms
D/dalvikvm( 5249): GC_CONCURRENT freed 572K, 30% free 11106K/15776K, paused 5ms+6ms, total 63ms
D/dalvikvm( 5249): WAIT_FOR_CONCURRENT_GC blocked 22ms
D/dalvikvm( 5249): GC_CONCURRENT freed 477K, 30% free 11141K/15776K, paused 5ms+3ms, total 33ms
D/dalvikvm( 5249): WAIT_FOR_CONCURRENT_GC blocked 19ms
D/dalvikvm( 5249): GC_CONCURRENT freed 347K, 29% free 11272K/15776K, paused 4ms+2ms, total 28ms
D/dalvikvm( 5249): WAIT_FOR_CONCURRENT_GC blocked 23ms
D/dalvikvm(29229): GC_CONCURRENT freed 380K, 22% free 10196K/13000K, paused 13ms+4ms, total 159ms
D/dalvikvm( 7388): GC_CONCURRENT freed 767K, 23% free 10055K/13012K, paused 17ms+9ms, total 115ms
D/dalvikvm( 5249): GC_CONCURRENT freed 1219K, 30% free 11143K/15776K, paused 6ms+3ms, total 71ms
D/dalvikvm( 5249): WAIT_FOR_CONCURRENT_GC blocked 21ms
D/dalvikvm( 5249): GC_FOR_ALLOC freed 435K, 29% free 11219K/15776K, paused 26ms, total 26ms
D/dalvikvm( 5249): GC_CONCURRENT freed 618K, 30% free 11113K/15776K, paused 6ms+5ms, total 58ms
D/dalvikvm( 5249): WAIT_FOR_CONCURRENT_GC blocked 38ms
D/dalvikvm( 5249): GC_CONCURRENT freed 433K, 30% free 11191K/15776K, paused 5ms+3ms, total 37ms
D/dalvikvm( 5249): WAIT_FOR_CONCURRENT_GC blocked 29ms
D/dalvikvm( 5249): GC_CONCURRENT freed 698K, 31% free 10982K/15776K, paused 2ms+3ms, total 28ms
D/dalvikvm( 2411): GC_CONCURRENT freed 1931K, 14% free 53446K/61648K, paused 17ms+18ms, total 350ms
D/dalvikvm( 2772): GC_CONCURRENT freed 404K, 26% free 10111K/13536K, paused 371ms+12ms, total 428ms
D/dalvikvm(26746): GC_CONCURRENT freed 397K, 36% free 10453K/16244K, paused 3ms+19ms, total 73ms
D/dalvikvm( 5249): GC_CONCURRENT freed 877K, 30% free 11129K/15776K, paused 10ms+6ms, total 84ms
D/dalvikvm( 5249): WAIT_FOR_CONCURRENT_GC blocked 38ms
D/dalvikvm( 5249): GC_CONCURRENT freed 486K, 30% free 11134K/15776K, paused 3ms+3ms, total 31ms
D/dalvikvm( 5249): WAIT_FOR_CONCURRENT_GC blocked 23ms
D/dalvikvm( 5249): GC_CONCURRENT freed 372K, 30% free 11200K/15776K, paused 4ms+3ms, total 29ms
D/dalvikvm( 5249): WAIT_FOR_CONCURRENT_GC blocked 24ms
D/dalvikvm( 5249): GC_CONCURRENT freed 1094K, 30% free 11105K/15776K, paused 5ms+6ms, total 92ms
D/dalvikvm(28621): GC_CONCURRENT freed 412K, 22% free 10232K/13012K, paused 4ms+3ms, total 55ms
D/dalvikvm( 2411): GC_CONCURRENT freed 1953K, 14% free 53439K/61648K, paused 35ms+18ms, total 452ms
D/dalvikvm( 5249): GC_CONCURRENT freed 542K, 30% free 11074K/15776K, paused 4ms+6ms, total 86ms
D/dalvikvm( 5249): WAIT_FOR_CONCURRENT_GC blocked 3ms
D/dalvikvm( 5249): GC_CONCURRENT freed 330K, 29% free 11209K/15776K, paused 4ms+3ms, total 27ms
D/dalvikvm( 5249): WAIT_FOR_CONCURRENT_GC blocked 18ms
D/dalvikvm( 5249): GC_CONCURRENT freed 609K, 30% free 11111K/15776K, paused 11ms+5ms, total 65ms
D/dalvikvm( 5249): WAIT_FOR_CONCURRENT_GC blocked 24ms
D/dalvikvm( 5249): GC_CONCURRENT freed 486K, 30% free 11137K/15776K, paused 4ms+3ms, total 48ms
D/dalvikvm( 5249): WAIT_FOR_CONCURRENT_GC blocked 35ms
D/dalvikvm( 5249): GC_FOR_ALLOC freed 375K, 29% free 11207K/15776K, paused 25ms, total 25ms
D/dalvikvm( 5249): GC_CONCURRENT freed 1021K, 30% free 11186K/15776K, paused 6ms+5ms, total 54ms
D/dalvikvm( 5249): WAIT_FOR_CONCURRENT_GC blocked 45ms
D/dalvikvm( 5249): GC_CONCURRENT freed 634K, 31% free 10977K/15776K, paused 4ms+2ms, total 29ms
D/dalvikvm( 5249): GC_CONCURRENT freed 442K, 30% free 11046K/15776K, paused 9ms+7ms, total 115ms
D/dalvikvm( 5249): WAIT_FOR_CONCURRENT_GC blocked 11ms
D/dalvikvm( 5249): GC_CONCURRENT freed 334K, 29% free 11212K/15776K, paused 4ms+3ms, total 31ms
D/dalvikvm( 5249): WAIT_FOR_CONCURRENT_GC blocked 21ms
D/dalvikvm(26746): GC_CONCURRENT freed 388K, 36% free 10458K/16244K, paused 4ms+8ms, total 116ms
D/dalvikvm( 5249): GC_CONCURRENT freed 614K, 30% free 11110K/15776K, paused 5ms+15ms, total 116ms
D/dalvikvm( 5249): WAIT_FOR_CONCURRENT_GC blocked 49ms
D/dalvikvm( 7177): GC_CONCURRENT freed 1916K, 26% free 16338K/21948K, paused 7ms+24ms, total 138ms
D/dalvikvm( 2411): GC_CONCURRENT freed 1889K, 14% free 53474K/61648K, paused 15ms+26ms, total 348ms
D/dalvikvm( 5249): GC_CONCURRENT freed 511K, 30% free 11110K/15776K, paused 4ms+2ms, total 37ms
D/dalvikvm( 5249): WAIT_FOR_CONCURRENT_GC blocked 20ms
D/dalvikvm( 5249): GC_CONCURRENT freed 520K, 30% free 11102K/15776K, paused 5ms+8ms, total 77ms
D/dalvikvm( 5249): WAIT_FOR_CONCURRENT_GC blocked 42ms
D/dalvikvm( 5249): GC_CONCURRENT freed 566K, 30% free 11048K/15776K, paused 16ms+6ms, total 115ms
D/dalvikvm( 5249): WAIT_FOR_CONCURRENT_GC blocked 14ms
D/dalvikvm( 5249): GC_CONCURRENT freed 333K, 29% free 11210K/15776K, paused 4ms+3ms, total 31ms
D/dalvikvm( 5249): WAIT_FOR_CONCURRENT_GC blocked 20ms
D/dalvikvm( 5249): GC_CONCURRENT freed 611K, 30% free 11110K/15776K, paused 9ms+7ms, total 78ms
D/dalvikvm( 5249): WAIT_FOR_CONCURRENT_GC blocked 36ms
D/dalvikvm( 2772): GC_CONCURRENT freed 404K, 26% free 10113K/13536K, paused 54ms+10ms, total 166ms
D/dalvikvm( 5249): GC_CONCURRENT freed 510K, 30% free 11112K/15776K, paused 24ms+4ms, total 138ms
D/dalvikvm( 5249): WAIT_FOR_CONCURRENT_GC blocked 59ms
D/dalvikvm( 2411): GC_CONCURRENT freed 2013K, 14% free 53433K/61648K, paused 30ms+16ms, total 424ms
D/dalvikvm( 5249): GC_CONCURRENT freed 527K, 30% free 11097K/15776K, paused 3ms+3ms, total 36ms
D/dalvikvm( 5249): WAIT_FOR_CONCURRENT_GC blocked 18ms
D/dalvikvm( 5249): WAIT_FOR_CONCURRENT_GC blocked 19ms
D/dalvikvm( 5249): GC_CONCURRENT freed 404K, 29% free 11204K/15776K, paused 4ms+3ms, total 26ms
D/dalvikvm( 5249): WAIT_FOR_CONCURRENT_GC blocked 19ms
D/dalvikvm( 5249): GC_CONCURRENT freed 677K, 31% free 10978K/15776K, paused 3ms+3ms, total 23ms
D/dalvikvm( 5249): GC_CONCURRENT freed 857K, 30% free 11144K/15776K, paused 5ms+3ms, total 58ms
D/dalvikvm( 5249): WAIT_FOR_CONCURRENT_GC blocked 10ms
D/dalvikvm( 5249): GC_CONCURRENT freed 398K, 29% free 11257K/15776K, paused 3ms+3ms, total 29ms
D/dalvikvm( 5249): WAIT_FOR_CONCURRENT_GC blocked 23ms
D/dalvikvm(28621): GC_CONCURRENT freed 410K, 22% free 10207K/13012K, paused 10ms+3ms, total 82ms
D/dalvikvm( 5249): GC_CONCURRENT freed 674K, 30% free 11095K/15776K, paused 5ms+5ms, total 61ms
D/dalvikvm( 5249): WAIT_FOR_CONCURRENT_GC blocked 39ms
D/dalvikvm( 5249): WAIT_FOR_CONCURRENT_GC blocked 34ms
D/dalvikvm(26746): GC_CONCURRENT freed 389K, 36% free 10455K/16244K, paused 6ms+14ms, total 130ms
D/dalvikvm( 5249): GC_CONCURRENT freed 532K, 31% free 10992K/15776K, paused 18ms+5ms, total 98ms
D/dalvikvm( 2411): GC_CONCURRENT freed 2032K, 14% free 53431K/61648K, paused 29ms+18ms, total 460ms
D/dalvikvm( 5249): GC_CONCURRENT freed 415K, 30% free 11089K/15776K, paused 5ms+3ms, total 35ms
D/dalvikvm( 5249): WAIT_FOR_CONCURRENT_GC blocked 21ms
D/dalvikvm( 5249): GC_CONCURRENT freed 463K, 30% free 11137K/15776K, paused 3ms+3ms, total 35ms
D/dalvikvm( 5249): WAIT_FOR_CONCURRENT_GC blocked 15ms
D/dalvikvm( 5249): GC_FOR_ALLOC freed 444K, 29% free 11201K/15776K, paused 19ms, total 19ms
D/dalvikvm( 5766): GC_CONCURRENT freed 407K, 25% free 10273K/13544K, paused 23ms+3ms, total 127ms
D/dalvikvm( 3582): GC_CONCURRENT freed 1410K, 39% free 14024K/22632K, paused 17ms+5ms, total 131ms
D/dalvikvm( 3582): WAIT_FOR_CONCURRENT_GC blocked 98ms
D/dalvikvm( 5249): GC_CONCURRENT freed 1136K, 30% free 11098K/15776K, paused 30ms+6ms, total 97ms
D/dalvikvm( 5249): WAIT_FOR_CONCURRENT_GC blocked 37ms
D/dalvikvm( 5249): GC_CONCURRENT freed 496K, 30% free 11113K/15776K, paused 6ms+6ms, total 63ms
D/dalvikvm( 5249): WAIT_FOR_CONCURRENT_GC blocked 33ms
D/dalvikvm( 5249): GC_CONCURRENT freed 466K, 30% free 11159K/15776K, paused 5ms+3ms, total 35ms
D/dalvikvm( 5249): WAIT_FOR_CONCURRENT_GC blocked 24ms
D/dalvikvm( 5249): GC_CONCURRENT freed 655K, 31% free 10979K/15776K, paused 67ms+3ms, total 92ms
D/dalvikvm( 5249): GC_CONCURRENT freed 759K, 29% free 11219K/15776K, paused 4ms+4ms, total 41ms
D/dalvikvm( 5249): WAIT_FOR_CONCURRENT_GC blocked 35ms
D/dalvikvm( 2411): GC_CONCURRENT freed 1972K, 14% free 53398K/61648K, paused 24ms+18ms, total 454ms
D/dalvikvm( 5249): GC_CONCURRENT freed 624K, 30% free 11107K/15776K, paused 12ms+7ms, total 74ms
D/dalvikvm( 5249): WAIT_FOR_CONCURRENT_GC blocked 26ms
D/dalvikvm( 5249): GC_CONCURRENT freed 478K, 30% free 11141K/15776K, paused 5ms+3ms, total 40ms
D/dalvikvm( 5249): WAIT_FOR_CONCURRENT_GC blocked 29ms
D/dalvikvm( 5249): GC_FOR_ALLOC freed 441K, 30% free 11183K/15776K, paused 24ms, total 24ms
D/dalvikvm( 5249): GC_CONCURRENT freed 1K, 29% free 11257K/15776K, paused 4ms+2ms, total 30ms
D/dalvikvm( 2772): GC_CONCURRENT freed 406K, 26% free 10113K/13536K, paused 30ms+18ms, total 139ms
D/dalvikvm(26746): GC_CONCURRENT freed 399K, 36% free 10460K/16244K, paused 5ms+26ms, total 126ms
D/dalvikvm( 5249): GC_FOR_ALLOC freed 2307K, 29% free 11215K/15776K, paused 46ms, total 46ms
D/dalvikvm( 2411): GC_CONCURRENT freed 2006K, 14% free 53396K/61648K, paused 42ms+20ms, total 562ms
D/dalvikvm( 5249): GC_CONCURRENT freed 612K, 30% free 11114K/15776K, paused 9ms+9ms, total 84ms
D/dalvikvm( 5249): WAIT_FOR_CONCURRENT_GC blocked 38ms
D/dalvikvm( 5249): GC_CONCURRENT freed 510K, 30% free 11116K/15776K, paused 5ms+5ms, total 71ms
D/dalvikvm( 5249): WAIT_FOR_CONCURRENT_GC blocked 41ms
D/dalvikvm( 5249): GC_CONCURRENT freed 463K, 30% free 11143K/15776K, paused 4ms+3ms, total 32ms
D/dalvikvm( 5249): WAIT_FOR_CONCURRENT_GC blocked 24ms
D/dalvikvm( 5249): GC_FOR_ALLOC freed 376K, 29% free 11205K/15776K, paused 24ms, total 24ms
D/dalvikvm(28621): GC_CONCURRENT freed 385K, 22% free 10206K/13012K, paused 10ms+8ms, total 94ms
D/dalvikvm( 5249): GC_CONCURRENT freed 1080K, 30% free 11162K/15776K, paused 5ms+10ms, total 74ms
D/dalvikvm( 5249): WAIT_FOR_CONCURRENT_GC blocked 66ms
D/dalvikvm( 5249): GC_CONCURRENT freed 278K, 29% free 11345K/15776K, paused 4ms+3ms, total 32ms
D/dalvikvm( 5249): GC_CONCURRENT freed 759K, 30% free 11098K/15776K, paused 14ms+6ms, total 112ms
D/dalvikvm( 5249): WAIT_FOR_CONCURRENT_GC blocked 13ms
D/dalvikvm( 5249): GC_CONCURRENT freed 362K, 30% free 11166K/15776K, paused 5ms+3ms, total 43ms
D/dalvikvm( 5249): WAIT_FOR_CONCURRENT_GC blocked 35ms
D/dalvikvm( 5249): GC_CONCURRENT freed 573K, 30% free 11105K/15776K, paused 5ms+7ms, total 74ms
D/dalvikvm( 5249): WAIT_FOR_CONCURRENT_GC blocked 33ms
D/dalvikvm( 2411): GC_CONCURRENT freed 1891K, 14% free 53424K/61648K, paused 14ms+23ms, total 283ms
D/dalvikvm( 5249): GC_CONCURRENT freed 520K, 30% free 11097K/15776K, paused 5ms+5ms, total 63ms
D/dalvikvm( 5249): WAIT_FOR_CONCURRENT_GC blocked 36ms
D/dalvikvm( 5249): WAIT_FOR_CONCURRENT_GC blocked 41ms
D/dalvikvm( 5249): GC_CONCURRENT freed 443K, 30% free 11153K/15776K, paused 5ms+3ms, total 49ms
D/dalvikvm( 5249): WAIT_FOR_CONCURRENT_GC blocked 37ms
D/dalvikvm( 5249): GC_CONCURRENT freed 600K, 31% free 10977K/15776K, paused 4ms+2ms, total 29ms
D/dalvikvm(29229): GC_CONCURRENT freed 376K, 22% free 10204K/13000K, paused 5ms+6ms, total 59ms
D/dalvikvm( 9727): GC_CONCURRENT freed 94K, 12% free 719K/816K, paused 0ms+0ms, total 3ms
D/dalvikvm(26746): GC_CONCURRENT freed 408K, 36% free 10459K/16244K, paused 10ms+10ms, total 108ms
D/dalvikvm( 5249): GC_CONCURRENT freed 885K, 30% free 11115K/15776K, paused 8ms+21ms, total 127ms
D/dalvikvm( 5249): WAIT_FOR_CONCURRENT_GC blocked 62ms
D/dalvikvm( 5249): GC_CONCURRENT freed 481K, 30% free 11137K/15776K, paused 5ms+3ms, total 49ms
D/dalvikvm( 5249): WAIT_FOR_CONCURRENT_GC blocked 31ms
D/dalvikvm( 5249): GC_FOR_ALLOC freed 377K, 30% free 11198K/15776K, paused 27ms, total 27ms
D/dalvikvm( 2411): GC_CONCURRENT freed 1936K, 14% free 53536K/61648K, paused 31ms+26ms, total 495ms
D/dalvikvm( 2411): WAIT_FOR_CONCURRENT_GC blocked 18ms
D/dalvikvm( 5249): GC_CONCURRENT freed 1161K, 30% free 11069K/15776K, paused 15ms+6ms, total 116ms
D/dalvikvm( 5249): WAIT_FOR_CONCURRENT_GC blocked 18ms
D/dalvikvm( 5249): GC_CONCURRENT freed 340K, 29% free 11211K/15776K, paused 3ms+3ms, total 30ms
D/dalvikvm( 5249): WAIT_FOR_CONCURRENT_GC blocked 20ms
D/dalvikvm( 5249): GC_CONCURRENT freed 616K, 30% free 11107K/15776K, paused 12ms+7ms, total 79ms
D/dalvikvm( 5249): WAIT_FOR_CONCURRENT_GC blocked 36ms
D/dalvikvm( 5249): GC_CONCURRENT freed 475K, 30% free 11143K/15776K, paused 4ms+3ms, total 39ms
D/dalvikvm( 5249): WAIT_FOR_CONCURRENT_GC blocked 31ms
D/dalvikvm( 5249): GC_FOR_ALLOC freed 437K, 30% free 11183K/15776K, paused 31ms, total 31ms
D/dalvikvm( 5249): GC_CONCURRENT freed 980K, 29% free 11215K/15776K, paused 5ms+5ms, total 53ms
D/dalvikvm( 5249): WAIT_FOR_CONCURRENT_GC blocked 45ms
D/dalvikvm( 2772): GC_CONCURRENT freed 408K, 26% free 10115K/13536K, paused 22ms+23ms, total 130ms
D/dalvikvm( 5249): GC_CONCURRENT freed 619K, 30% free 11108K/15776K, paused 17ms+7ms, total 102ms
D/dalvikvm( 5249): WAIT_FOR_CONCURRENT_GC blocked 43ms
D/dalvikvm( 5249): GC_CONCURRENT freed 512K, 30% free 11108K/15776K, paused 5ms+5ms, total 66ms
D/dalvikvm( 5249): WAIT_FOR_CONCURRENT_GC blocked 28ms
D/dalvikvm( 5249): GC_CONCURRENT freed 457K, 30% free 11148K/15776K, paused 5ms+4ms, total 47ms
D/dalvikvm( 5249): WAIT_FOR_CONCURRENT_GC blocked 36ms
D/dalvikvm( 5249): GC_CONCURRENT freed 600K, 31% free 10973K/15776K, paused 4ms+3ms, total 30ms
D/dalvikvm( 2411): GC_CONCURRENT freed 2100K, 14% free 53389K/61648K, paused 31ms+21ms, total 445ms
D/dalvikvm(19511): GC_CONCURRENT freed 414K, 31% free 10554K/15232K, paused 8ms+4ms, total 49ms
D/dalvikvm( 5249): GC_CONCURRENT freed 868K, 30% free 11128K/15776K, paused 5ms+6ms, total 73ms
D/dalvikvm( 5249): WAIT_FOR_CONCURRENT_GC blocked 36ms
D/dalvikvm( 5249): GC_CONCURRENT freed 500K, 30% free 11140K/15776K, paused 4ms+3ms, total 32ms
D/dalvikvm( 5249): WAIT_FOR_CONCURRENT_GC blocked 25ms
D/dalvikvm( 5249): GC_FOR_ALLOC freed 437K, 30% free 11182K/15776K, paused 24ms, total 24ms
D/dalvikvm(28621): GC_CONCURRENT freed 384K, 22% free 10206K/13012K, paused 5ms+3ms, total 93ms
D/dalvikvm( 2800): GC_EXPLICIT freed 269K, 35% free 38690K/58656K, paused 21ms+16ms, total 252ms
D/dalvikvm(26746): GC_CONCURRENT freed 412K, 36% free 10459K/16244K, paused 16ms+21ms, total 163ms
D/dalvikvm( 5249): GC_CONCURRENT freed 1124K, 30% free 11082K/15776K, paused 17ms+4ms, total 97ms
D/dalvikvm( 5249): WAIT_FOR_CONCURRENT_GC blocked 14ms
D/dalvikvm( 5249): GC_CONCURRENT freed 342K, 29% free 11210K/15776K, paused 4ms+3ms, total 30ms
D/dalvikvm( 5249): WAIT_FOR_CONCURRENT_GC blocked 23ms
D/dalvikvm( 2411): GC_CONCURRENT freed 1897K, 14% free 53440K/61648K, paused 32ms+18ms, total 389ms
D/dalvikvm( 5249): GC_CONCURRENT freed 612K, 30% free 11109K/15776K, paused 9ms+3ms, total 43ms
D/dalvikvm( 5249): WAIT_FOR_CONCURRENT_GC blocked 23ms
D/dalvikvm( 5249): GC_CONCURRENT freed 471K, 30% free 11135K/15776K, paused 3ms+3ms, total 34ms
D/dalvikvm( 5249): WAIT_FOR_CONCURRENT_GC blocked 19ms
D/dalvikvm( 5249): GC_FOR_ALLOC freed 406K, 29% free 11211K/15776K, paused 21ms, total 21ms
D/dalvikvm( 4343): GC_CONCURRENT freed 860K, 23% free 10241K/13292K, paused 42ms+3ms, total 72ms
D/dalvikvm( 5249): GC_CONCURRENT freed 1171K, 30% free 11082K/15776K, paused 5ms+3ms, total 95ms
D/dalvikvm( 5249): WAIT_FOR_CONCURRENT_GC blocked 12ms
D/dalvikvm( 5249): GC_CONCURRENT freed 334K, 29% free 11208K/15776K, paused 3ms+2ms, total 30ms
D/dalvikvm( 5249): WAIT_FOR_CONCURRENT_GC blocked 20ms
D/dalvikvm( 5249): GC_CONCURRENT freed 612K, 30% free 11108K/15776K, paused 5ms+6ms, total 67ms
D/dalvikvm( 5249): WAIT_FOR_CONCURRENT_GC blocked 30ms
D/dalvikvm( 5249): GC_CONCURRENT freed 479K, 30% free 11140K/15776K, paused 5ms+3ms, total 54ms
D/dalvikvm( 5249): WAIT_FOR_CONCURRENT_GC blocked 44ms
D/dalvikvm( 5249): GC_FOR_ALLOC freed 432K, 30% free 11183K/15776K, paused 25ms, total 26ms
D/dalvikvm( 5249): GC_CONCURRENT freed 1K, 29% free 11257K/15776K, paused 3ms+2ms, total 30ms
D/dalvikvm( 6864): GC_CONCURRENT freed 430K, 22% free 10289K/13100K, paused 3ms+25ms, total 49ms
D/dalvikvm( 2411): GC_CONCURRENT freed 2054K, 14% free 53432K/61648K, paused 27ms+26ms, total 546ms
D/dalvikvm( 2411): WAIT_FOR_CONCURRENT_GC blocked 296ms
D/dalvikvm( 5249): GC_CONCURRENT freed 2517K, 30% free 11127K/15840K, paused 5ms+9ms, total 76ms
D/dalvikvm( 5249): WAIT_FOR_CONCURRENT_GC blocked 47ms
D/dalvikvm( 5249): WAIT_FOR_CONCURRENT_GC blocked 50ms
D/dalvikvm( 2772): GC_CONCURRENT freed 388K, 26% free 10113K/13536K, paused 4ms+3ms, total 77ms
D/dalvikvm( 5249): GC_CONCURRENT freed 531K, 30% free 11107K/15840K, paused 9ms+4ms, total 87ms
D/dalvikvm( 5249): WAIT_FOR_CONCURRENT_GC blocked 31ms
D/dalvikvm( 5249): WAIT_FOR_CONCURRENT_GC blocked 23ms
D/dalvikvm( 5249): GC_CONCURRENT freed 445K, 30% free 11174K/15840K, paused 4ms+3ms, total 31ms
D/dalvikvm( 5249): WAIT_FOR_CONCURRENT_GC blocked 24ms
D/dalvikvm( 5249): GC_CONCURRENT freed 588K, 30% free 11097K/15840K, paused 6ms+7ms, total 83ms
D/dalvikvm( 5249): WAIT_FOR_CONCURRENT_GC blocked 30ms
D/dalvikvm( 5249): GC_CONCURRENT freed 472K, 30% free 11136K/15840K, paused 3ms+3ms, total 36ms
D/dalvikvm( 5249): WAIT_FOR_CONCURRENT_GC blocked 23ms
D/dalvikvm( 5249): GC_FOR_ALLOC freed 383K, 30% free 11198K/15840K, paused 25ms, total 25ms
D/dalvikvm(26746): GC_CONCURRENT freed 412K, 36% free 10461K/16244K, paused 29ms+5ms, total 120ms
D/dalvikvm( 5249): GC_CONCURRENT freed 1015K, 30% free 11186K/15840K, paused 5ms+3ms, total 48ms
D/dalvikvm( 5249): WAIT_FOR_CONCURRENT_GC blocked 40ms
D/dalvikvm( 5249): GC_CONCURRENT freed 632K, 31% free 10979K/15840K, paused 4ms+3ms, total 31ms
D/dalvikvm( 2411): GC_CONCURRENT freed 1931K, 14% free 53466K/61648K, paused 16ms+18ms, total 353ms
D/dalvikvm( 5249): GC_CONCURRENT freed 381K, 31% free 10987K/15840K, paused 3ms+3ms, total 41ms
D/dalvikvm( 5249): GC_CONCURRENT freed 442K, 31% free 11056K/15840K, paused 17ms+4ms, total 113ms
D/dalvikvm( 5249): WAIT_FOR_CONCURRENT_GC blocked 11ms
D/dalvikvm( 5249): GC_CONCURRENT freed 329K, 30% free 11210K/15840K, paused 4ms+3ms, total 37ms
D/dalvikvm( 5249): WAIT_FOR_CONCURRENT_GC blocked 28ms
D/dalvikvm(28621): GC_CONCURRENT freed 385K, 22% free 10206K/13012K, paused 7ms+8ms, total 89ms
D/dalvikvm( 5249): GC_CONCURRENT freed 615K, 30% free 11107K/15840K, paused 6ms+6ms, total 74ms
D/dalvikvm( 5249): WAIT_FOR_CONCURRENT_GC blocked 31ms
D/dalvikvm( 5249): GC_CONCURRENT freed 518K, 30% free 11100K/15840K, paused 5ms+5ms, total 61ms
D/dalvikvm( 5249): WAIT_FOR_CONCURRENT_GC blocked 37ms
D/dalvikvm( 5249): GC_CONCURRENT freed 454K, 30% free 11157K/15840K, paused 5ms+3ms, total 46ms
D/dalvikvm( 5249): WAIT_FOR_CONCURRENT_GC blocked 38ms
D/dalvikvm( 5249): GC_CONCURRENT freed 609K, 31% free 10979K/15840K, paused 3ms+3ms, total 30ms
D/dalvikvm( 2411): GC_CONCURRENT freed 1923K, 14% free 53482K/61648K, paused 28ms+21ms, total 452ms
D/dalvikvm( 5249): GC_CONCURRENT freed 862K, 30% free 11141K/15840K, paused 3ms+3ms, total 38ms
D/dalvikvm( 5249): WAIT_FOR_CONCURRENT_GC blocked 9ms
D/dalvikvm( 5249): GC_FOR_ALLOC freed 452K, 30% free 11195K/15840K, paused 22ms, total 22ms
D/dalvikvm( 5249): GC_CONCURRENT freed 607K, 30% free 11100K/15840K, paused 5ms+6ms, total 55ms
D/dalvikvm( 5249): WAIT_FOR_CONCURRENT_GC blocked 26ms
D/dalvikvm( 5249): WAIT_FOR_CONCURRENT_GC blocked 28ms
D/dalvikvm( 5249): GC_CONCURRENT freed 595K, 31% free 11016K/15776K, paused 6ms+5ms, total 105ms
D/dalvikvm( 5249): WAIT_FOR_CONCURRENT_GC blocked 25ms
D/dalvikvm( 5249): GC_CONCURRENT freed 356K, 30% free 11171K/15776K, paused 5ms+3ms, total 33ms
D/dalvikvm( 5249): WAIT_FOR_CONCURRENT_GC blocked 19ms
D/dalvikvm(31316): GC_CONCURRENT freed 392K, 23% free 10090K/12996K, paused 27ms+9ms, total 129ms
D/dalvikvm( 5249): GC_CONCURRENT freed 578K, 30% free 11105K/15776K, paused 5ms+6ms, total 74ms
D/dalvikvm( 5249): WAIT_FOR_CONCURRENT_GC blocked 31ms
D/dalvikvm( 5249): GC_CONCURRENT freed 476K, 30% free 11141K/15776K, paused 4ms+2ms, total 31ms
D/dalvikvm( 5249): WAIT_FOR_CONCURRENT_GC blocked 23ms
D/dalvikvm( 5249): GC_FOR_ALLOC freed 425K, 30% free 11188K/15776K, paused 24ms, total 24ms
D/dalvikvm( 5249): GC_CONCURRENT freed 1034K, 30% free 11178K/15776K, paused 5ms+6ms, total 54ms
D/dalvikvm( 5249): WAIT_FOR_CONCURRENT_GC blocked 43ms
D/dalvikvm( 2411): GC_CONCURRENT freed 1995K, 14% free 53422K/61648K, paused 12ms+25ms, total 291ms
D/dalvikvm( 7724): GC_CONCURRENT freed 446K, 28% free 11361K/15612K, paused 27ms+2ms, total 375ms
D/dalvikvm(26746): GC_CONCURRENT freed 417K, 36% free 10463K/16244K, paused 12ms+9ms, total 145ms
D/dalvikvm( 5249): GC_CONCURRENT freed 580K, 30% free 11109K/15776K, paused 10ms+8ms, total 85ms
D/dalvikvm( 5249): WAIT_FOR_CONCURRENT_GC blocked 38ms
D/dalvikvm( 5249): GC_CONCURRENT freed 508K, 30% free 11112K/15776K, paused 5ms+7ms, total 68ms
D/dalvikvm( 5249): WAIT_FOR_CONCURRENT_GC blocked 33ms
D/dalvikvm( 5249): GC_CONCURRENT freed 470K, 30% free 11154K/15776K, paused 3ms+3ms, total 30ms
D/dalvikvm( 5249): WAIT_FOR_CONCURRENT_GC blocked 22ms
D/dalvikvm( 5249): GC_CONCURRENT freed 651K, 31% free 10978K/15776K, paused 2ms+3ms, total 28ms
D/dalvikvm( 5249): GC_CONCURRENT freed 799K, 29% free 11203K/15776K, paused 6ms+6ms, total 52ms
D/dalvikvm( 5249): WAIT_FOR_CONCURRENT_GC blocked 41ms
D/dalvikvm( 2772): GC_CONCURRENT freed 404K, 26% free 10112K/13536K, paused 55ms+10ms, total 145ms
D/dalvikvm( 5249): GC_CONCURRENT freed 619K, 30% free 11096K/15776K, paused 18ms+5ms, total 75ms
D/dalvikvm( 5249): WAIT_FOR_CONCURRENT_GC blocked 34ms
D/dalvikvm( 5249): WAIT_FOR_CONCURRENT_GC blocked 36ms
D/dalvikvm( 1956): GC_EXPLICIT freed 41K, 19% free 9923K/12156K, paused 16ms+17ms, total 153ms
D/dalvikvm( 1956): GC_EXPLICIT freed <1K, 19% free 9923K/12156K, paused 8ms+4ms, total 59ms
D/dalvikvm( 1956): GC_EXPLICIT freed <1K, 19% free 9923K/12156K, paused 3ms+4ms, total 51ms
D/dalvikvm( 2411): GC_CONCURRENT freed 1911K, 14% free 53513K/61648K, paused 32ms+21ms, total 436ms
D/dalvikvm( 5249): GC_CONCURRENT freed 505K, 30% free 11102K/15776K, paused 4ms+3ms, total 39ms
D/dalvikvm( 5249): WAIT_FOR_CONCURRENT_GC blocked 13ms
D/dalvikvm( 5249): WAIT_FOR_CONCURRENT_GC blocked 15ms
D/dalvikvm( 5249): WAIT_FOR_CONCURRENT_GC blocked 16ms
D/dalvikvm( 5249): GC_CONCURRENT freed 442K, 30% free 11172K/15776K, paused 3ms+2ms, total 25ms
D/dalvikvm( 5249): WAIT_FOR_CONCURRENT_GC blocked 19ms
D/dalvikvm( 3459): GC_CONCURRENT freed 371K, 21% free 10690K/13428K, paused 9ms+9ms, total 103ms
D/dalvikvm( 5249): GC_CONCURRENT freed 593K, 30% free 11090K/15776K, paused 6ms+6ms, total 76ms
D/dalvikvm( 5249): WAIT_FOR_CONCURRENT_GC blocked 31ms
D/dalvikvm( 5249): GC_CONCURRENT freed 449K, 30% free 11136K/15776K, paused 3ms+3ms, total 30ms
D/dalvikvm( 5249): WAIT_FOR_CONCURRENT_GC blocked 23ms
D/dalvikvm( 5249): GC_CONCURRENT freed 377K, 30% free 11197K/15776K, paused 3ms+3ms, total 28ms
D/dalvikvm( 5249): WAIT_FOR_CONCURRENT_GC blocked 23ms
D/dalvikvm(28621): GC_CONCURRENT freed 384K, 22% free 10206K/13012K, paused 10ms+8ms, total 93ms
D/dalvikvm( 7029): GC_CONCURRENT freed 1880K, 42% free 19503K/33408K, paused 18ms+11ms, total 123ms
D/dalvikvm( 7029): WAIT_FOR_CONCURRENT_GC blocked 51ms
D/dalvikvm( 5249): GC_CONCURRENT freed 1093K, 30% free 11129K/15776K, paused 6ms+5ms, total 59ms
D/dalvikvm( 5249): WAIT_FOR_CONCURRENT_GC blocked 5ms
D/dalvikvm( 5249): GC_FOR_ALLOC freed 444K, 30% free 11197K/15776K, paused 25ms, total 25ms
D/dalvikvm( 5249): GC_CONCURRENT freed 116K, 29% free 11270K/15776K, paused 4ms+44ms, total 73ms
D/dalvikvm( 2411): GC_CONCURRENT freed 1840K, 14% free 53594K/61648K, paused 13ms+15ms, total 310ms
D/dalvikvm( 5249): GC_CONCURRENT freed 1113K, 30% free 11187K/15776K, paused 4ms+2ms, total 60ms
D/dalvikvm( 5249): WAIT_FOR_CONCURRENT_GC blocked 56ms
D/dalvikvm( 7029): GC_CONCURRENT freed 1878K, 42% free 19673K/33408K, paused 20ms+14ms, total 136ms
D/dalvikvm( 7029): WAIT_FOR_CONCURRENT_GC blocked 85ms
D/dalvikvm( 3582): GC_CONCURRENT freed 1388K, 39% free 14027K/22632K, paused 3ms+3ms, total 89ms
D/dalvikvm( 3582): WAIT_FOR_CONCURRENT_GC blocked 60ms
D/dalvikvm( 3582): WAIT_FOR_CONCURRENT_GC blocked 33ms
D/dalvikvm(30163): GC_CONCURRENT freed 319K, 23% free 11525K/14856K, paused 10ms+32ms, total 394ms
D/dalvikvm( 5249): GC_CONCURRENT freed 655K, 31% free 11006K/15776K, paused 4ms+9ms, total 54ms
D/dalvikvm( 5261): GC_CONCURRENT freed 995K, 25% free 13240K/17620K, paused 4ms+5ms, total 74ms
D/dalvikvm(25379): GC_CONCURRENT freed 387K, 21% free 10413K/13044K, paused 2ms+3ms, total 45ms
D/dalvikvm( 3012): GC_CONCURRENT freed 377K, 23% free 10809K/13924K, paused 3ms+5ms, total 58ms
D/dalvikvm( 9753): GC_CONCURRENT freed 621K, 22% free 10217K/13036K, paused 5ms+3ms, total 55ms
D/dalvikvm( 2411): GC_CONCURRENT freed 1917K, 13% free 53725K/61648K, paused 9ms+20ms, total 253ms
D/dalvikvm( 2411): WAIT_FOR_CONCURRENT_GC blocked 118ms
D/dalvikvm( 2411): WAIT_FOR_CONCURRENT_GC blocked 98ms
D/dalvikvm( 2411): WAIT_FOR_CONCURRENT_GC blocked 103ms
D/dalvikvm(28682): GC_CONCURRENT freed 396K, 23% free 10956K/14092K, paused 9ms+6ms, total 103ms
D/dalvikvm( 5249): GC_CONCURRENT freed 437K, 31% free 10995K/15776K, paused 2ms+3ms, total 27ms
D/dalvikvm(27453): GC_CONCURRENT freed 1494K, 28% free 10318K/14164K, paused 2ms+1ms, total 17ms
D/dalvikvm(27453): WAIT_FOR_CONCURRENT_GC blocked 8ms
D/dalvikvm(27453): GC_CONCURRENT freed 541K, 28% free 10283K/14164K, paused 1ms+1ms, total 16ms
D/dalvikvm(27453): WAIT_FOR_CONCURRENT_GC blocked 7ms
D/dalvikvm(27453): GC_CONCURRENT freed 504K, 28% free 10283K/14164K, paused 1ms+2ms, total 16ms
D/dalvikvm(27453): WAIT_FOR_CONCURRENT_GC blocked 7ms
D/dalvikvm(27453): GC_CONCURRENT freed 1004K, 28% free 10288K/14164K, paused 1ms+2ms, total 15ms
D/dalvikvm(27453): WAIT_FOR_CONCURRENT_GC blocked 8ms
D/dalvikvm(27453): GC_CONCURRENT freed 1503K, 28% free 10321K/14164K, paused 2ms+2ms, total 17ms
D/dalvikvm(27453): WAIT_FOR_CONCURRENT_GC blocked 7ms
D/dalvikvm(27453): GC_CONCURRENT freed 544K, 28% free 10283K/14164K, paused 1ms+2ms, total 16ms
D/dalvikvm(27453): WAIT_FOR_CONCURRENT_GC blocked 7ms
D/dalvikvm(27453): GC_CONCURRENT freed 504K, 28% free 10283K/14164K, paused 3ms+2ms, total 16ms
D/dalvikvm(27453): WAIT_FOR_CONCURRENT_GC blocked 6ms
D/dalvikvm(27453): GC_CONCURRENT freed 1013K, 28% free 10280K/14164K, paused 1ms+2ms, total 16ms
D/dalvikvm(27453): WAIT_FOR_CONCURRENT_GC blocked 8ms
D/dalvikvm( 7029): GC_CONCURRENT freed 2066K, 42% free 19647K/33408K, paused 7ms+8ms, total 70ms
D/dalvikvm(10625): GC_EXPLICIT freed 769K, 25% free 17338K/23076K, paused 7ms+7ms, total 64ms
D/dalvikvm(27453): GC_CONCURRENT freed 1513K, 28% free 10299K/14164K, paused 3ms+2ms, total 28ms
D/dalvikvm(27453): WAIT_FOR_CONCURRENT_GC blocked 17ms
D/dalvikvm(27453): GC_CONCURRENT freed 527K, 28% free 10278K/14164K, paused 4ms+2ms, total 22ms
D/dalvikvm(27453): WAIT_FOR_CONCURRENT_GC blocked 5ms
D/dalvikvm(27453): GC_CONCURRENT freed 505K, 28% free 10278K/14164K, paused 1ms+2ms, total 19ms
D/dalvikvm(27453): WAIT_FOR_CONCURRENT_GC blocked 8ms
D/dalvikvm(27453): GC_CONCURRENT freed 988K, 28% free 10308K/14164K, paused 3ms+2ms, total 18ms
D/dalvikvm(27453): WAIT_FOR_CONCURRENT_GC blocked 6ms
D/dalvikvm(10625): GC_EXPLICIT freed 215K, 25% free 17395K/23076K, paused 8ms+8ms, total 82ms
D/dalvikvm( 7388): GC_CONCURRENT freed 387K, 23% free 10052K/13012K, paused 3ms+3ms, total 33ms
D/dalvikvm(27453): GC_CONCURRENT freed 1519K, 28% free 10324K/14164K, paused 3ms+2ms, total 24ms
D/dalvikvm(27453): WAIT_FOR_CONCURRENT_GC blocked 8ms
D/dalvikvm(27453): GC_CONCURRENT freed 543K, 28% free 10286K/14164K, paused 1ms+2ms, total 16ms
D/dalvikvm(27453): WAIT_FOR_CONCURRENT_GC blocked 5ms
D/dalvikvm(27453): GC_CONCURRENT freed 505K, 28% free 10286K/14164K, paused 1ms+2ms, total 17ms
D/dalvikvm(27453): WAIT_FOR_CONCURRENT_GC blocked 8ms
D/dalvikvm(10625): GC_EXPLICIT freed 151K, 26% free 17283K/23076K, paused 5ms+5ms, total 48ms
D/dalvikvm(27453): GC_CONCURRENT freed 1004K, 28% free 10292K/14164K, paused 1ms+2ms, total 14ms
D/dalvikvm(27453): WAIT_FOR_CONCURRENT_GC blocked 8ms
D/dalvikvm( 5249): GC_CONCURRENT freed 417K, 31% free 10991K/15776K, paused 8ms+3ms, total 38ms
D/dalvikvm( 2411): GC_CONCURRENT freed 2050K, 13% free 53682K/61648K, paused 11ms+16ms, total 237ms
D/dalvikvm( 3582): GC_CONCURRENT freed 1379K, 38% free 14037K/22632K, paused 2ms+4ms, total 44ms
D/dalvikvm( 3582): WAIT_FOR_CONCURRENT_GC blocked 35ms
D/dalvikvm(26746): GC_CONCURRENT freed 412K, 36% free 10459K/16244K, paused 5ms+3ms, total 32ms
D/dalvikvm( 5249): GC_CONCURRENT freed 431K, 30% free 11072K/15776K, paused 2ms+4ms, total 31ms
D/dalvikvm( 5249): WAIT_FOR_CONCURRENT_GC blocked 9ms
D/dalvikvm( 5249): GC_CONCURRENT freed 367K, 30% free 11174K/15776K, paused 3ms+3ms, total 24ms
D/dalvikvm( 5249): WAIT_FOR_CONCURRENT_GC blocked 19ms
D/dalvikvm( 5249): GC_CONCURRENT freed 570K, 30% free 11115K/15776K, paused 4ms+3ms, total 39ms
D/dalvikvm( 5249): WAIT_FOR_CONCURRENT_GC blocked 17ms
D/dalvikvm( 5249): GC_CONCURRENT freed 484K, 30% free 11142K/15776K, paused 2ms+3ms, total 23ms
D/dalvikvm( 5249): WAIT_FOR_CONCURRENT_GC blocked 14ms
D/dalvikvm( 5249): GC_CONCURRENT freed 398K, 29% free 11206K/15776K, paused 4ms+3ms, total 28ms
D/dalvikvm( 5249): WAIT_FOR_CONCURRENT_GC blocked 22ms
D/dalvikvm(10625): GC_EXPLICIT freed 336K, 25% free 17498K/23076K, paused 5ms+6ms, total 53ms
D/dalvikvm(10625): GC_EXPLICIT freed 256K, 26% free 17257K/23076K, paused 4ms+5ms, total 55ms
D/dalvikvm( 7029): GC_CONCURRENT freed 1777K, 41% free 19797K/33408K, paused 5ms+10ms, total 73ms
D/dalvikvm( 2411): GC_CONCURRENT freed 1936K, 13% free 53667K/61648K, paused 9ms+19ms, total 221ms
D/dalvikvm(10625): GC_EXPLICIT freed 22K, 26% free 17257K/23076K, paused 3ms+4ms, total 45ms
D/dalvikvm( 2634): GC_CONCURRENT freed 1454K, 50% free 15093K/29728K, paused 2ms+6ms, total 36ms
D/dalvikvm(10625): GC_EXPLICIT freed 15K, 26% free 17260K/23076K, paused 5ms+6ms, total 100ms
D/dalvikvm(10625): GC_EXPLICIT freed 10K, 26% free 17260K/23076K, paused 2ms+6ms, total 49ms
D/dalvikvm( 5249): GC_CONCURRENT freed 1198K, 30% free 11046K/15776K, paused 3ms+3ms, total 30ms
D/dalvikvm( 5249): WAIT_FOR_CONCURRENT_GC blocked 11ms
D/dalvikvm( 5249): GC_CONCURRENT freed 382K, 30% free 11175K/15776K, paused 3ms+2ms, total 25ms
D/dalvikvm( 5249): WAIT_FOR_CONCURRENT_GC blocked 21ms
D/dalvikvm( 7029): GC_FOR_ALLOC freed 1180K, 41% free 19817K/33408K, paused 80ms, total 80ms
D/dalvikvm( 7029): GC_FOR_ALLOC freed 126K, 39% free 20591K/33408K, paused 43ms, total 43ms
D/dalvikvm( 7029): GC_CONCURRENT freed 1039K, 36% free 21597K/33408K, paused 4ms+7ms, total 50ms
D/dalvikvm( 7029): WAIT_FOR_CONCURRENT_GC blocked 23ms
D/dalvikvm( 7367): GC_CONCURRENT freed 396K, 23% free 10140K/13020K, paused 1ms+2ms, total 30ms
D/dalvikvm( 7029): GC_CONCURRENT freed 1090K, 33% free 22554K/33408K, paused 3ms+8ms, total 82ms
D/dalvikvm( 7029): WAIT_FOR_CONCURRENT_GC blocked 44ms
D/dalvikvm( 7029): GC_CONCURRENT freed 2069K, 33% free 22532K/33408K, paused 6ms+7ms, total 66ms
D/dalvikvm( 7029): WAIT_FOR_CONCURRENT_GC blocked 41ms
D/dalvikvm( 7029): WAIT_FOR_CONCURRENT_GC blocked 41ms
D/dalvikvm( 2411): GC_CONCURRENT freed 2069K, 14% free 53547K/61648K, paused 11ms+14ms, total 253ms
D/dalvikvm( 7029): GC_CONCURRENT freed 1938K, 33% free 22642K/33408K, paused 6ms+11ms, total 80ms
D/dalvikvm( 7029): WAIT_FOR_CONCURRENT_GC blocked 69ms
D/dalvikvm( 5249): GC_CONCURRENT freed 575K, 30% free 11111K/15776K, paused 5ms+4ms, total 31ms
D/dalvikvm( 5249): WAIT_FOR_CONCURRENT_GC blocked 16ms
D/dalvikvm( 5249): GC_CONCURRENT freed 479K, 30% free 11144K/15776K, paused 4ms+4ms, total 35ms
D/dalvikvm( 5249): WAIT_FOR_CONCURRENT_GC blocked 29ms
D/dalvikvm( 7029): GC_CONCURRENT freed 1827K, 32% free 22862K/33408K, paused 3ms+9ms, total 72ms
D/dalvikvm( 7029): WAIT_FOR_CONCURRENT_GC blocked 28ms
D/dalvikvm( 7029): WAIT_FOR_CONCURRENT_GC blocked 67ms
D/dalvikvm( 7029): WAIT_FOR_CONCURRENT_GC blocked 57ms
D/dalvikvm( 5249): GC_CONCURRENT freed 337K, 29% free 11275K/15776K, paused 2ms+3ms, total 31ms
D/dalvikvm( 5249): WAIT_FOR_CONCURRENT_GC blocked 29ms
D/dalvikvm( 2411): GC_CONCURRENT freed 1792K, 13% free 53748K/61648K, paused 7ms+16ms, total 251ms
D/dalvikvm( 7029): GC_CONCURRENT freed 3663K, 37% free 21208K/33408K, paused 3ms+12ms, total 57ms
D/dalvikvm( 7029): WAIT_FOR_CONCURRENT_GC blocked 54ms
D/dalvikvm(10625): GC_EXPLICIT freed 29K, 26% free 17261K/23076K, paused 5ms+4ms, total 60ms
D/dalvikvm( 7029): GC_EXPLICIT freed 3040K, 42% free 19692K/33408K, paused 6ms+8ms, total 69ms
D/dalvikvm( 3582): GC_CONCURRENT freed 1360K, 38% free 14071K/22632K, paused 2ms+4ms, total 48ms
D/dalvikvm( 3582): WAIT_FOR_CONCURRENT_GC blocked 21ms
D/dalvikvm( 3582): WAIT_FOR_CONCURRENT_GC blocked 18ms
D/dalvikvm( 5249): GC_CONCURRENT freed 1140K, 30% free 11185K/15776K, paused 2ms+5ms, total 30ms
D/dalvikvm( 5249): WAIT_FOR_CONCURRENT_GC blocked 27ms
D/dalvikvm(10625): GC_EXPLICIT freed 111K, 25% free 17323K/23076K, paused 3ms+6ms, total 56ms
D/dalvikvm(10625): GC_EXPLICIT freed 91K, 26% free 17261K/23076K, paused 12ms+5ms, total 91ms
D/dalvikvm(28621): GC_CONCURRENT freed 374K, 22% free 10232K/13012K, paused 8ms+2ms, total 29ms
D/dalvikvm( 2772): GC_CONCURRENT freed 387K, 26% free 10111K/13536K, paused 3ms+3ms, total 24ms
D/dalvikvm( 5249): GC_CONCURRENT freed 585K, 30% free 11112K/15776K, paused 5ms+4ms, total 35ms
D/dalvikvm( 5249): WAIT_FOR_CONCURRENT_GC blocked 15ms
D/dalvikvm( 3582): GC_CONCURRENT freed 1448K, 39% free 14026K/22632K, paused 4ms+6ms, total 59ms
D/dalvikvm( 3582): WAIT_FOR_CONCURRENT_GC blocked 48ms
D/dalvikvm( 2411): GC_CONCURRENT freed 1909K, 13% free 53785K/61648K, paused 7ms+19ms, total 243ms
D/dalvikvm( 5249): GC_CONCURRENT freed 512K, 30% free 11112K/15776K, paused 4ms+4ms, total 39ms
D/dalvikvm( 5249): WAIT_FOR_CONCURRENT_GC blocked 25ms
D/dalvikvm( 5249): GC_CONCURRENT freed 464K, 30% free 11159K/15776K, paused 2ms+4ms, total 32ms
D/dalvikvm( 5249): WAIT_FOR_CONCURRENT_GC blocked 28ms
D/dalvikvm( 5249): GC_CONCURRENT freed 338K, 29% free 11263K/15776K, paused 4ms+3ms, total 29ms
D/dalvikvm( 5249): GC_CONCURRENT freed 1131K, 29% free 11214K/15776K, paused 4ms+2ms, total 27ms
D/dalvikvm( 5249): WAIT_FOR_CONCURRENT_GC blocked 22ms
D/dalvikvm(10625): GC_EXPLICIT freed 364K, 24% free 17567K/23076K, paused 12ms+7ms, total 71ms
D/dalvikvm( 5249): GC_CONCURRENT freed 612K, 30% free 11113K/15776K, paused 4ms+3ms, total 38ms
D/dalvikvm( 5249): WAIT_FOR_CONCURRENT_GC blocked 20ms
D/dalvikvm(10625): GC_EXPLICIT freed 376K, 25% free 17340K/23076K, paused 3ms+5ms, total 64ms
D/dalvikvm( 3582): GC_CONCURRENT freed 1272K, 39% free 14028K/22632K, paused 4ms+3ms, total 46ms
D/dalvikvm( 2411): GC_CONCURRENT freed 1773K, 13% free 54013K/61648K, paused 4ms+13ms, total 199ms
D/dalvikvm( 2411): WAIT_FOR_CONCURRENT_GC blocked 194ms
D/dalvikvm(30869): GC_CONCURRENT freed 445K, 23% free 10078K/12952K, paused 2ms+2ms, total 34ms
D/dalvikvm(26746): GC_CONCURRENT freed 417K, 36% free 10461K/16244K, paused 3ms+3ms, total 25ms
D/dalvikvm( 5249): GC_CONCURRENT freed 484K, 30% free 11141K/15776K, paused 2ms+3ms, total 25ms
D/dalvikvm( 5249): WAIT_FOR_CONCURRENT_GC blocked 10ms
D/dalvikvm( 5249): GC_CONCURRENT freed 480K, 30% free 11172K/15776K, paused 2ms+2ms, total 21ms
D/dalvikvm( 5249): WAIT_FOR_CONCURRENT_GC blocked 18ms
D/dalvikvm(27453): GC_CONCURRENT freed 1508K, 28% free 10314K/14164K, paused 1ms+2ms, total 20ms
D/dalvikvm(27453): WAIT_FOR_CONCURRENT_GC blocked 8ms
D/dalvikvm(27453): GC_CONCURRENT freed 542K, 28% free 10277K/14164K, paused 1ms+2ms, total 21ms
D/dalvikvm(27453): WAIT_FOR_CONCURRENT_GC blocked 9ms
D/dalvikvm(27453): GC_CONCURRENT freed 504K, 28% free 10277K/14164K, paused 1ms+1ms, total 15ms
D/dalvikvm(27453): WAIT_FOR_CONCURRENT_GC blocked 6ms
D/dalvikvm(27453): GC_CONCURRENT freed 988K, 28% free 10307K/14164K, paused 1ms+1ms, total 15ms
D/dalvikvm(27453): WAIT_FOR_CONCURRENT_GC blocked 6ms
D/dalvikvm(27453): GC_CONCURRENT freed 1518K, 28% free 10323K/14164K, paused 1ms+2ms, total 16ms
D/dalvikvm(27453): WAIT_FOR_CONCURRENT_GC blocked 7ms
D/dalvikvm(27453): GC_CONCURRENT freed 542K, 28% free 10286K/14164K, paused 1ms+1ms, total 15ms
D/dalvikvm(27453): WAIT_FOR_CONCURRENT_GC blocked 6ms
D/dalvikvm(27453): GC_CONCURRENT freed 504K, 28% free 10286K/14164K, paused 1ms+1ms, total 14ms
D/dalvikvm(27453): WAIT_FOR_CONCURRENT_GC blocked 6ms
D/dalvikvm(27453): GC_CONCURRENT freed 1004K, 28% free 10291K/14164K, paused 1ms+2ms, total 14ms
D/dalvikvm(27453): WAIT_FOR_CONCURRENT_GC blocked 7ms
D/dalvikvm( 7029): GC_CONCURRENT freed 1559K, 40% free 20183K/33408K, paused 8ms+9ms, total 63ms
D/dalvikvm( 2411): GC_FOR_ALLOC freed 2245K, 14% free 53549K/61648K, paused 204ms, total 204ms
D/dalvikvm(27453): GC_CONCURRENT freed 1508K, 28% free 10315K/14164K, paused 2ms+1ms, total 21ms
D/dalvikvm(27453): WAIT_FOR_CONCURRENT_GC blocked 9ms
D/dalvikvm(27453): GC_CONCURRENT freed 542K, 28% free 10277K/14164K, paused 3ms+1ms, total 16ms
D/dalvikvm(27453): WAIT_FOR_CONCURRENT_GC blocked 6ms
D/dalvikvm(27453): GC_CONCURRENT freed 504K, 28% free 10277K/14164K, paused 1ms+1ms, total 15ms
D/dalvikvm(27453): WAIT_FOR_CONCURRENT_GC blocked 6ms
D/dalvikvm(27453): GC_CONCURRENT freed 988K, 28% free 10307K/14164K, paused 1ms+2ms, total 15ms
D/dalvikvm(27453): WAIT_FOR_CONCURRENT_GC blocked 6ms
D/dalvikvm(27453): GC_CONCURRENT freed 1522K, 28% free 10315K/14164K, paused 1ms+1ms, total 15ms
D/dalvikvm(27453): WAIT_FOR_CONCURRENT_GC blocked 5ms
D/dalvikvm(27453): GC_CONCURRENT freed 542K, 28% free 10278K/14164K, paused 1ms+1ms, total 15ms
D/dalvikvm(27453): WAIT_FOR_CONCURRENT_GC blocked 6ms
D/dalvikvm(27453): GC_CONCURRENT freed 504K, 28% free 10277K/14164K, paused 2ms+2ms, total 15ms
D/dalvikvm(27453): WAIT_FOR_CONCURRENT_GC blocked 6ms
D/dalvikvm(27453): GC_CONCURRENT freed 988K, 28% free 10308K/14164K, paused 1ms+1ms, total 15ms
D/dalvikvm(27453): WAIT_FOR_CONCURRENT_GC blocked 6ms
D/dalvikvm( 7029): GC_EXPLICIT freed 1026K, 42% free 19409K/33408K, paused 7ms+9ms, total 105ms
D/dalvikvm( 7029): GC_EXPLICIT freed 31K, 42% free 19378K/33408K, paused 3ms+7ms, total 55ms
D/dalvikvm( 7388): GC_FOR_ALLOC freed 52K, 23% free 10071K/12952K, paused 21ms, total 22ms
D/dalvikvm( 7388): GC_FOR_ALLOC freed 0K, 22% free 10422K/13304K, paused 29ms, total 29ms
D/dalvikvm( 7388): GC_FOR_ALLOC freed <1K, 22% free 10422K/13304K, paused 13ms, total 13ms
D/dalvikvm( 7388): GC_FOR_ALLOC freed 0K, 20% free 11829K/14712K, paused 14ms, total 14ms
D/dalvikvm( 7388): GC_CONCURRENT freed <1K, 20% free 11830K/14712K, paused 3ms+3ms, total 20ms
D/dalvikvm( 2411): GC_CONCURRENT freed 1544K, 13% free 53951K/61648K, paused 5ms+13ms, total 186ms
D/dalvikvm( 2411): WAIT_FOR_CONCURRENT_GC blocked 180ms
D/dalvikvm( 7388): GC_FOR_ALLOC freed 2999K, 27% free 14145K/19332K, paused 20ms, total 20ms
D/dalvikvm( 7388): GC_FOR_ALLOC freed 226K, 28% free 14497K/19912K, paused 18ms, total 18ms
D/dalvikvm( 7388): GC_FOR_ALLOC freed 477K, 28% free 14366K/19912K, paused 18ms, total 18ms
D/dalvikvm( 7388): GC_FOR_ALLOC freed 56K, 28% free 14888K/20492K, paused 19ms, total 19ms
D/dalvikvm( 7388): GC_CONCURRENT freed 2607K, 21% free 18359K/23152K, paused 3ms+6ms, total 36ms
D/dalvikvm( 5249): GC_CONCURRENT freed 578K, 30% free 11105K/15776K, paused 3ms+3ms, total 28ms
D/dalvikvm( 5249): WAIT_FOR_CONCURRENT_GC blocked 7ms
D/dalvikvm( 5249): GC_CONCURRENT freed 465K, 30% free 11152K/15776K, paused 2ms+3ms, total 31ms
D/dalvikvm( 5249): WAIT_FOR_CONCURRENT_GC blocked 28ms
D/dalvikvm( 5249): GC_CONCURRENT freed 273K, 29% free 11345K/15776K, paused 4ms+3ms, total 31ms
D/dalvikvm( 7388): GC_FOR_ALLOC freed 1559K, 20% free 18696K/23152K, paused 28ms, total 28ms
D/dalvikvm( 7388): GC_FOR_ALLOC freed 234K, 18% free 19066K/23152K, paused 26ms, total 27ms
D/dalvikvm( 7388): GC_FOR_ALLOC freed 160K, 18% free 19207K/23272K, paused 23ms, total 23ms
D/dalvikvm(27453): GC_CONCURRENT freed 1521K, 28% free 10315K/14164K, paused 2ms+1ms, total 21ms
D/dalvikvm(27453): WAIT_FOR_CONCURRENT_GC blocked 9ms
D/dalvikvm(27453): GC_CONCURRENT freed 541K, 28% free 10278K/14164K, paused 2ms+1ms, total 18ms
D/dalvikvm(27453): WAIT_FOR_CONCURRENT_GC blocked 7ms
D/dalvikvm(27453): GC_CONCURRENT freed 503K, 28% free 10286K/14164K, paused 2ms+2ms, total 17ms
D/dalvikvm(27453): WAIT_FOR_CONCURRENT_GC blocked 8ms
D/dalvikvm(27453): GC_CONCURRENT freed 1013K, 28% free 10284K/14164K, paused 2ms+6ms, total 22ms
D/dalvikvm(27453): WAIT_FOR_CONCURRENT_GC blocked 12ms
D/dalvikvm( 7388): GC_FOR_ALLOC freed 2525K, 19% free 20449K/25172K, paused 32ms, total 32ms
D/dalvikvm( 7388): GC_FOR_ALLOC freed 10K, 19% free 20813K/25548K, paused 28ms, total 28ms
D/dalvikvm( 7388): GC_FOR_ALLOC freed 279K, 20% free 20638K/25548K, paused 28ms, total 28ms
D/dalvikvm( 7388): GC_FOR_ALLOC freed 880K, 22% free 21062K/26824K, paused 27ms, total 27ms
D/dalvikvm( 5249): GC_CONCURRENT freed 1197K, 29% free 11273K/15776K, paused 4ms+4ms, total 38ms
D/dalvikvm( 5249): WAIT_FOR_CONCURRENT_GC blocked 30ms
D/dalvikvm(27453): GC_CONCURRENT freed 1499K, 28% free 10315K/14164K, paused 3ms+2ms, total 21ms
D/dalvikvm(27453): WAIT_FOR_CONCURRENT_GC blocked 4ms
D/dalvikvm(27453): GC_CONCURRENT freed 543K, 28% free 10278K/14164K, paused 2ms+1ms, total 19ms
D/dalvikvm(27453): WAIT_FOR_CONCURRENT_GC blocked 8ms
D/dalvikvm(27453): GC_CONCURRENT freed 503K, 28% free 10286K/14164K, paused 2ms+2ms, total 21ms
D/dalvikvm(27453): WAIT_FOR_CONCURRENT_GC blocked 9ms
D/dalvikvm(27453): GC_CONCURRENT freed 1013K, 28% free 10284K/14164K, paused 1ms+3ms, total 18ms
D/dalvikvm(27453): WAIT_FOR_CONCURRENT_GC blocked 9ms
D/dalvikvm( 5249): GC_CONCURRENT freed 657K, 30% free 11098K/15776K, paused 4ms+3ms, total 36ms
D/dalvikvm( 2411): GC_CONCURRENT freed 2371K, 14% free 53628K/61648K, paused 6ms+19ms, total 222ms
D/dalvikvm( 2411): WAIT_FOR_CONCURRENT_GC blocked 152ms
D/dalvikvm( 2411): WAIT_FOR_CONCURRENT_GC blocked 152ms
D/dalvikvm( 2411): WAIT_FOR_CONCURRENT_GC blocked 103ms
D/dalvikvm( 2411): WAIT_FOR_CONCURRENT_GC blocked 116ms
D/dalvikvm( 7388): GC_FOR_ALLOC freed 5051K, 26% free 21632K/28968K, paused 38ms, total 38ms
D/dalvikvm( 7388): GC_FOR_ALLOC freed 3860K, 33% free 19434K/28968K, paused 32ms, total 32ms
D/dalvikvm( 7388): GC_FOR_ALLOC freed 734K, 30% free 20476K/28968K, paused 30ms, total 30ms
D/dalvikvm( 7388): GC_FOR_ALLOC freed 1879K, 30% free 20412K/28968K, paused 31ms, total 31ms
D/dalvikvm( 7388): GC_CONCURRENT freed 2180K, 30% free 20280K/28968K, paused 2ms+4ms, total 36ms
D/dalvikvm( 7388): WAIT_FOR_CONCURRENT_GC blocked 32ms
D/dalvikvm( 7388): WAIT_FOR_CONCURRENT_GC blocked 32ms
D/dalvikvm( 7388): GC_CONCURRENT freed 1524K, 29% free 20803K/28968K, paused 4ms+6ms, total 40ms
D/dalvikvm( 7388): WAIT_FOR_CONCURRENT_GC blocked 30ms
D/dalvikvm( 7388): WAIT_FOR_CONCURRENT_GC blocked 33ms
D/dalvikvm( 7388): GC_EXPLICIT freed 535K, 29% free 20618K/28968K, paused 3ms+7ms, total 67ms
D/dalvikvm(27453): GC_CONCURRENT freed 1501K, 28% free 10313K/14164K, paused 3ms+2ms, total 18ms
D/dalvikvm(27453): WAIT_FOR_CONCURRENT_GC blocked 5ms
D/dalvikvm(27453): GC_CONCURRENT freed 541K, 28% free 10276K/14164K, paused 2ms+2ms, total 17ms
D/dalvikvm(27453): WAIT_FOR_CONCURRENT_GC blocked 6ms
D/dalvikvm(27453): GC_CONCURRENT freed 504K, 28% free 10276K/14164K, paused 1ms+1ms, total 16ms
D/dalvikvm(27453): WAIT_FOR_CONCURRENT_GC blocked 6ms
D/dalvikvm( 2411): GC_CONCURRENT freed 1996K, 14% free 53564K/61648K, paused 7ms+15ms, total 228ms
D/dalvikvm(27453): GC_CONCURRENT freed 988K, 28% free 10306K/14164K, paused 2ms+2ms, total 17ms
D/dalvikvm(27453): WAIT_FOR_CONCURRENT_GC blocked 6ms
D/dalvikvm(27453): GC_CONCURRENT freed 1518K, 28% free 10322K/14164K, paused 1ms+2ms, total 15ms
D/dalvikvm(27453): WAIT_FOR_CONCURRENT_GC blocked 6ms
D/dalvikvm(27453): GC_CONCURRENT freed 542K, 28% free 10285K/14164K, paused 1ms+1ms, total 15ms
D/dalvikvm(27453): WAIT_FOR_CONCURRENT_GC blocked 6ms
D/dalvikvm(27453): GC_CONCURRENT freed 503K, 28% free 10285K/14164K, paused 2ms+2ms, total 17ms
D/dalvikvm(27453): WAIT_FOR_CONCURRENT_GC blocked 6ms
D/dalvikvm(27453): GC_CONCURRENT freed 1004K, 28% free 10290K/14164K, paused 3ms+2ms, total 18ms
D/dalvikvm(27453): WAIT_FOR_CONCURRENT_GC blocked 7ms
D/dalvikvm( 2833): GC_CONCURRENT freed 1851K, 33% free 31136K/46012K, paused 5ms+12ms, total 84ms
D/dalvikvm(11814): GC_FOR_ALLOC freed 437K, 21% free 10198K/12824K, paused 18ms, total 18ms
D/dalvikvm( 5249): GC_CONCURRENT freed 514K, 30% free 11094K/15776K, paused 2ms+6ms, total 31ms
D/dalvikvm( 5249): GC_CONCURRENT freed 365K, 30% free 11172K/15776K, paused 3ms+5ms, total 30ms
D/dalvikvm( 5249): WAIT_FOR_CONCURRENT_GC blocked 26ms
D/dalvikvm(11814): GC_FOR_ALLOC freed 96K, 20% free 10787K/13400K, paused 18ms, total 18ms
D/dalvikvm(11814): GC_FOR_ALLOC freed 89K, 19% free 11318K/13936K, paused 13ms, total 13ms
D/dalvikvm(11814): GC_CONCURRENT freed 1590K, 24% free 12177K/15956K, paused 3ms+3ms, total 27ms
D/dalvikvm( 4343): GC_CONCURRENT freed 407K, 23% free 10263K/13292K, paused 3ms+4ms, total 50ms
D/dalvikvm(27453): GC_CONCURRENT freed 1523K, 28% free 10300K/14164K, paused 2ms+1ms, total 15ms
D/dalvikvm(27453): WAIT_FOR_CONCURRENT_GC blocked 7ms
D/dalvikvm(27453): GC_CONCURRENT freed 526K, 28% free 10279K/14164K, paused 1ms+1ms, total 15ms
D/dalvikvm(27453): WAIT_FOR_CONCURRENT_GC blocked 6ms
D/dalvikvm(27453): GC_CONCURRENT freed 504K, 28% free 10279K/14164K, paused 1ms+2ms, total 20ms
D/dalvikvm(27453): WAIT_FOR_CONCURRENT_GC blocked 11ms
D/dalvikvm( 5249): GC_CONCURRENT freed 569K, 30% free 11114K/15776K, paused 2ms+3ms, total 24ms
D/dalvikvm( 5249): WAIT_FOR_CONCURRENT_GC blocked 12ms
D/dalvikvm(27453): GC_CONCURRENT freed 988K, 28% free 10309K/14164K, paused 2ms+4ms, total 21ms
D/dalvikvm(27453): WAIT_FOR_CONCURRENT_GC blocked 10ms
D/dalvikvm( 5249): GC_CONCURRENT freed 467K, 30% free 11139K/15776K, paused 2ms+2ms, total 23ms
D/dalvikvm( 5249): WAIT_FOR_CONCURRENT_GC blocked 21ms
D/dalvikvm( 5249): GC_CONCURRENT freed 373K, 29% free 11204K/15776K, paused 4ms+2ms, total 26ms
D/dalvikvm( 5249): WAIT_FOR_CONCURRENT_GC blocked 20ms
D/dalvikvm(10625): GC_EXPLICIT freed 123K, 26% free 17266K/23076K, paused 13ms+5ms, total 93ms
D/dalvikvm( 7029): GC_EXPLICIT freed 360K, 42% free 19383K/33408K, paused 4ms+11ms, total 76ms
D/dalvikvm(10625): GC_EXPLICIT freed 35K, 26% free 17257K/23076K, paused 12ms+6ms, total 110ms
D/dalvikvm( 3582): GC_CONCURRENT freed 1326K, 38% free 14094K/22632K, paused 5ms+4ms, total 66ms
D/dalvikvm( 3582): WAIT_FOR_CONCURRENT_GC blocked 21ms
D/dalvikvm( 3582): WAIT_FOR_CONCURRENT_GC blocked 12ms
D/dalvikvm(27453): GC_CONCURRENT freed 1523K, 28% free 10317K/14164K, paused 1ms+2ms, total 16ms
D/dalvikvm(27453): WAIT_FOR_CONCURRENT_GC blocked 6ms
D/dalvikvm(27453): GC_CONCURRENT freed 544K, 28% free 10279K/14164K, paused 2ms+2ms, total 15ms
D/dalvikvm(27453): WAIT_FOR_CONCURRENT_GC blocked 5ms
D/dalvikvm(27453): GC_CONCURRENT freed 503K, 28% free 10279K/14164K, paused 2ms+1ms, total 15ms
D/dalvikvm(27453): WAIT_FOR_CONCURRENT_GC blocked 6ms
D/dalvikvm(27453): GC_CONCURRENT freed 988K, 28% free 10309K/14164K, paused 1ms+2ms, total 15ms
D/dalvikvm(27453): WAIT_FOR_CONCURRENT_GC blocked 7ms
D/dalvikvm(10625): GC_EXPLICIT freed 67K, 26% free 17262K/23076K, paused 4ms+5ms, total 62ms
D/dalvikvm(28621): GC_CONCURRENT freed 409K, 22% free 10207K/13012K, paused 5ms+2ms, total 30ms
D/dalvikvm(10625): GC_EXPLICIT freed 19K, 26% free 17265K/23076K, paused 13ms+7ms, total 80ms
D/dalvikvm(11814): GC_CONCURRENT freed 336K, 22% free 12471K/15956K, paused 2ms+4ms, total 28ms
D/dalvikvm(10625): GC_EXPLICIT freed 11K, 26% free 17264K/23076K, paused 3ms+7ms, total 64ms
D/dalvikvm(11814): GC_CONCURRENT freed 950K, 24% free 12253K/15956K, paused 2ms+4ms, total 32ms
D/dalvikvm( 2411): GC_CONCURRENT freed 1941K, 14% free 53557K/61648K, paused 7ms+19ms, total 247ms
D/dalvikvm(27453): GC_CONCURRENT freed 1525K, 28% free 10316K/14164K, paused 2ms+2ms, total 19ms
D/dalvikvm(27453): WAIT_FOR_CONCURRENT_GC blocked 7ms
D/dalvikvm(27453): GC_CONCURRENT freed 542K, 28% free 10279K/14164K, paused 1ms+3ms, total 17ms
D/dalvikvm(27453): WAIT_FOR_CONCURRENT_GC blocked 7ms
D/dalvikvm(27453): GC_CONCURRENT freed 503K, 28% free 10287K/14164K, paused 1ms+2ms, total 15ms
D/dalvikvm(27453): WAIT_FOR_CONCURRENT_GC blocked 6ms
D/dalvikvm(27453): GC_CONCURRENT freed 1013K, 28% free 10284K/14164K, paused 2ms+1ms, total 17ms
D/dalvikvm(27453): WAIT_FOR_CONCURRENT_GC blocked 7ms
D/dalvikvm( 2411): GC_CONCURRENT freed 2054K, 14% free 53551K/61648K, paused 7ms+19ms, total 222ms
D/dalvikvm( 2411): WAIT_FOR_CONCURRENT_GC blocked 188ms
D/dalvikvm( 2411): WAIT_FOR_CONCURRENT_GC blocked 189ms
D/dalvikvm( 2411): WAIT_FOR_CONCURRENT_GC blocked 190ms
D/dalvikvm( 2411): WAIT_FOR_CONCURRENT_GC blocked 115ms
D/dalvikvm(27453): GC_CONCURRENT freed 1495K, 28% free 10324K/14164K, paused 2ms+12ms, total 58ms
D/dalvikvm(27453): WAIT_FOR_CONCURRENT_GC blocked 19ms
D/dalvikvm(27453): GC_CONCURRENT freed 542K, 28% free 10287K/14164K, paused 3ms+2ms, total 72ms
D/dalvikvm(27453): WAIT_FOR_CONCURRENT_GC blocked 28ms
D/dalvikvm(27453): GC_CONCURRENT freed 503K, 28% free 10287K/14164K, paused 4ms+1ms, total 106ms
D/dalvikvm(27453): WAIT_FOR_CONCURRENT_GC blocked 30ms
D/dalvikvm( 3582): GC_CONCURRENT freed 1469K, 38% free 14036K/22632K, paused 3ms+15ms, total 301ms
D/dalvikvm( 3582): WAIT_FOR_CONCURRENT_GC blocked 215ms
D/dalvikvm(27453): GC_CONCURRENT freed 1004K, 28% free 10284K/14164K, paused 2ms+14ms, total 62ms
D/dalvikvm(19511): GC_CONCURRENT freed 431K, 31% free 10524K/15232K, paused 2ms+6ms, total 50ms
D/dalvikvm( 5249): GC_CONCURRENT freed 1156K, 30% free 11084K/15776K, paused 10ms+6ms, total 98ms
D/dalvikvm( 5249): WAIT_FOR_CONCURRENT_GC blocked 15ms
D/dalvikvm( 5249): WAIT_FOR_CONCURRENT_GC blocked 8ms
D/dalvikvm( 5249): GC_CONCURRENT freed 342K, 29% free 11211K/15776K, paused 4ms+3ms, total 30ms
D/dalvikvm( 5249): WAIT_FOR_CONCURRENT_GC blocked 23ms
D/dalvikvm(27453): GC_CONCURRENT freed 1519K, 28% free 10301K/14164K, paused 4ms+3ms, total 44ms
D/dalvikvm(27453): WAIT_FOR_CONCURRENT_GC blocked 20ms
D/dalvikvm(27453): GC_CONCURRENT freed 528K, 28% free 10280K/14164K, paused 3ms+3ms, total 31ms
D/dalvikvm(27453): WAIT_FOR_CONCURRENT_GC blocked 1ms
D/dalvikvm(27453): GC_CONCURRENT freed 503K, 28% free 10288K/14164K, paused 3ms+2ms, total 31ms
D/dalvikvm(27453): WAIT_FOR_CONCURRENT_GC blocked 8ms
D/dalvikvm(27453): GC_CONCURRENT freed 1004K, 28% free 10294K/14164K, paused 3ms+2ms, total 29ms
D/dalvikvm(27453): WAIT_FOR_CONCURRENT_GC blocked 14ms
D/dalvikvm( 2411): GC_CONCURRENT freed 1586K, 13% free 53892K/61648K, paused 4ms+18ms, total 250ms
D/dalvikvm(27453): GC_CONCURRENT freed 1504K, 28% free 10317K/14164K, paused 4ms+2ms, total 42ms
D/dalvikvm(27453): WAIT_FOR_CONCURRENT_GC blocked 11ms
D/dalvikvm(27453): GC_CONCURRENT freed 544K, 28% free 10280K/14164K, paused 4ms+2ms, total 41ms
D/dalvikvm(27453): WAIT_FOR_CONCURRENT_GC blocked 12ms
D/dalvikvm(27453): GC_CONCURRENT freed 503K, 28% free 10288K/14164K, paused 3ms+2ms, total 29ms
D/dalvikvm(27453): WAIT_FOR_CONCURRENT_GC blocked 4ms
D/dalvikvm(27453): GC_CONCURRENT freed 979K, 28% free 10319K/14164K, paused 3ms+4ms, total 24ms
D/dalvikvm(27453): WAIT_FOR_CONCURRENT_GC blocked 2ms
D/dalvikvm( 5249): GC_CONCURRENT freed 624K, 30% free 11099K/15776K, paused 11ms+7ms, total 68ms
D/dalvikvm( 5249): WAIT_FOR_CONCURRENT_GC blocked 29ms
D/dalvikvm( 5249): GC_CONCURRENT freed 469K, 30% free 11140K/15776K, paused 3ms+3ms, total 34ms
D/dalvikvm( 5249): WAIT_FOR_CONCURRENT_GC blocked 22ms
D/dalvikvm( 5249): GC_CONCURRENT freed 375K, 29% free 11203K/15776K, paused 4ms+2ms, total 29ms
D/dalvikvm( 5249): WAIT_FOR_CONCURRENT_GC blocked 19ms
D/dalvikvm( 2772): GC_CONCURRENT freed 392K, 26% free 10112K/13536K, paused 5ms+9ms, total 128ms
D/dalvikvm(26746): GC_CONCURRENT freed 405K, 36% free 10458K/16244K, paused 14ms+19ms, total 156ms
D/dalvikvm( 5249): GC_CONCURRENT freed 1095K, 30% free 11144K/15776K, paused 24ms+4ms, total 114ms
D/dalvikvm( 5249): WAIT_FOR_CONCURRENT_GC blocked 25ms
D/dalvikvm( 5249): GC_CONCURRENT freed 481K, 30% free 11174K/15776K, paused 4ms+6ms, total 41ms
D/dalvikvm( 5249): WAIT_FOR_CONCURRENT_GC blocked 34ms
D/dalvikvm( 5671): GC_FOR_ALLOC freed 184K, 28% free 10826K/14956K, paused 116ms, total 116ms
D/dalvikvm( 5671): GC_CONCURRENT freed 344K, 27% free 10965K/14956K, paused 5ms+2ms, total 102ms
D/dalvikvm( 2411): GC_CONCURRENT freed 2272K, 14% free 53610K/61648K, paused 47ms+29ms, total 436ms
D/dalvikvm( 5249): GC_CONCURRENT freed 576K, 30% free 11109K/15776K, paused 4ms+3ms, total 35ms
D/dalvikvm( 5249): WAIT_FOR_CONCURRENT_GC blocked 14ms
D/dalvikvm( 5249): GC_CONCURRENT freed 472K, 30% free 11141K/15776K, paused 3ms+3ms, total 25ms
D/dalvikvm( 5249): WAIT_FOR_CONCURRENT_GC blocked 18ms
D/dalvikvm( 5249): GC_FOR_ALLOC freed 405K, 30% free 11188K/15776K, paused 20ms, total 20ms
D/dalvikvm( 5249): GC_CONCURRENT freed 1025K, 30% free 11187K/15776K, paused 5ms+4ms, total 48ms
D/dalvikvm( 5249): WAIT_FOR_CONCURRENT_GC blocked 40ms
D/dalvikvm( 5249): GC_CONCURRENT freed 597K, 30% free 11101K/15776K, paused 14ms+7ms, total 68ms
D/dalvikvm( 5249): WAIT_FOR_CONCURRENT_GC blocked 30ms
D/dalvikvm( 5249): GC_CONCURRENT freed 469K, 30% free 11144K/15776K, paused 4ms+2ms, total 31ms
D/dalvikvm( 5249): WAIT_FOR_CONCURRENT_GC blocked 25ms
D/dalvikvm( 5249): GC_FOR_ALLOC freed 445K, 30% free 11183K/15776K, paused 24ms, total 24ms
D/dalvikvm( 5249): GC_CONCURRENT freed 1K, 29% free 11258K/15776K, paused 4ms+3ms, total 31ms
D/dalvikvm( 2411): GC_CONCURRENT freed 1967K, 14% free 53574K/61648K, paused 24ms+21ms, total 497ms
D/dalvikvm( 5249): GC_CONCURRENT freed 2517K, 30% free 11131K/15844K, paused 6ms+31ms, total 120ms
D/dalvikvm( 5249): WAIT_FOR_CONCURRENT_GC blocked 90ms
D/dalvikvm( 5249): WAIT_FOR_CONCURRENT_GC blocked 92ms
D/dalvikvm( 5249): GC_CONCURRENT freed 481K, 30% free 11161K/15844K, paused 3ms+4ms, total 35ms
D/dalvikvm( 5249): WAIT_FOR_CONCURRENT_GC blocked 23ms
D/dalvikvm( 5249): GC_CONCURRENT freed 611K, 31% free 10981K/15844K, paused 4ms+3ms, total 30ms
D/dalvikvm( 5249): GC_CONCURRENT freed 862K, 30% free 11142K/15844K, paused 6ms+3ms, total 75ms
D/dalvikvm( 5249): WAIT_FOR_CONCURRENT_GC blocked 24ms
D/dalvikvm( 5249): GC_FOR_ALLOC freed 441K, 30% free 11198K/15844K, paused 24ms, total 24ms
D/dalvikvm( 7029): GC_CONCURRENT freed 1946K, 42% free 19484K/33408K, paused 74ms+25ms, total 218ms
D/dalvikvm( 7029): WAIT_FOR_CONCURRENT_GC blocked 113ms
D/dalvikvm( 5766): GC_CONCURRENT freed 408K, 25% free 10273K/13544K, paused 9ms+2ms, total 66ms
D/dalvikvm( 7367): GC_CONCURRENT freed 388K, 23% free 10139K/13020K, paused 3ms+1ms, total 22ms
D/dalvikvm( 2411): GC_CONCURRENT freed 1931K, 13% free 53690K/61648K, paused 63ms+26ms, total 424ms
D/dalvikvm( 2411): WAIT_FOR_CONCURRENT_GC blocked 85ms
D/dalvikvm( 2411): WAIT_FOR_CONCURRENT_GC blocked 17ms
D/dalvikvm( 5249): GC_CONCURRENT freed 609K, 30% free 11101K/15844K, paused 28ms+14ms, total 510ms
D/dalvikvm( 5249): WAIT_FOR_CONCURRENT_GC blocked 62ms
D/dalvikvm( 5249): WAIT_FOR_CONCURRENT_GC blocked 64ms
D/dalvikvm( 5249): WAIT_FOR_CONCURRENT_GC blocked 32ms
D/dalvikvm( 3582): GC_CONCURRENT freed 1400K, 39% free 14030K/22632K, paused 38ms+9ms, total 190ms
D/dalvikvm( 3582): WAIT_FOR_CONCURRENT_GC blocked 138ms
D/dalvikvm( 3582): WAIT_FOR_CONCURRENT_GC blocked 133ms
D/dalvikvm(30163): GC_CONCURRENT freed 530K, 23% free 11450K/14856K, paused 2ms+2ms, total 64ms
D/dalvikvm( 7768): GC_CONCURRENT freed 755K, 23% free 10268K/13212K, paused 5ms+5ms, total 42ms
D/dalvikvm(28621): GC_CONCURRENT freed 389K, 22% free 10208K/13012K, paused 1ms+3ms, total 52ms
D/dalvikvm(30560): GC_CONCURRENT freed 416K, 21% free 11781K/14880K, paused 6ms+2ms, total 46ms
D/dalvikvm( 9753): GC_CONCURRENT freed 445K, 22% free 10182K/13028K, paused 1ms+3ms, total 20ms
D/dalvikvm( 2411): GC_CONCURRENT freed 1879K, 13% free 53858K/61648K, paused 11ms+20ms, total 265ms
D/dalvikvm( 2411): WAIT_FOR_CONCURRENT_GC blocked 236ms
D/dalvikvm( 2411): WAIT_FOR_CONCURRENT_GC blocked 119ms
D/dalvikvm( 2411): WAIT_FOR_CONCURRENT_GC blocked 48ms
D/dalvikvm( 2411): WAIT_FOR_CONCURRENT_GC blocked 15ms
D/dalvikvm( 2411): WAIT_FOR_CONCURRENT_GC blocked 166ms
D/dalvikvm( 2411): WAIT_FOR_CONCURRENT_GC blocked 50ms
D/dalvikvm( 2411): WAIT_FOR_CONCURRENT_GC blocked 142ms
D/dalvikvm( 2411): WAIT_FOR_CONCURRENT_GC blocked 241ms
D/dalvikvm( 5249): GC_CONCURRENT freed 494K, 30% free 11118K/15844K, paused 6ms+6ms, total 47ms
D/dalvikvm( 5249): WAIT_FOR_CONCURRENT_GC blocked 16ms
D/dalvikvm(26746): GC_CONCURRENT freed 416K, 36% free 10458K/16244K, paused 17ms+10ms, total 78ms
D/dalvikvm(27453): GC_CONCURRENT freed 1526K, 28% free 10320K/14164K, paused 2ms+3ms, total 30ms
D/dalvikvm(27453): WAIT_FOR_CONCURRENT_GC blocked 8ms
D/dalvikvm(27453): GC_CONCURRENT freed 541K, 28% free 10283K/14164K, paused 3ms+3ms, total 51ms
D/dalvikvm(27453): WAIT_FOR_CONCURRENT_GC blocked 11ms
D/dalvikvm(27453): GC_CONCURRENT freed 504K, 28% free 10283K/14164K, paused 4ms+3ms, total 32ms
D/dalvikvm(27453): WAIT_FOR_CONCURRENT_GC blocked 16ms
D/dalvikvm(27453): GC_CONCURRENT freed 1004K, 28% free 10289K/14164K, paused 3ms+2ms, total 24ms
D/dalvikvm(27453): WAIT_FOR_CONCURRENT_GC blocked 7ms
D/dalvikvm(27453): GC_CONCURRENT freed 1501K, 28% free 10321K/14164K, paused 1ms+2ms, total 17ms
D/dalvikvm(27453): WAIT_FOR_CONCURRENT_GC blocked 7ms
D/dalvikvm(27453): GC_CONCURRENT freed 543K, 28% free 10284K/14164K, paused 4ms+2ms, total 21ms
D/dalvikvm(27453): WAIT_FOR_CONCURRENT_GC blocked 8ms
D/dalvikvm(27453): GC_CONCURRENT freed 504K, 28% free 10283K/14164K, paused 3ms+1ms, total 20ms
D/dalvikvm(27453): WAIT_FOR_CONCURRENT_GC blocked 8ms
D/dalvikvm(27453): GC_CONCURRENT freed 1004K, 28% free 10289K/14164K, paused 1ms+2ms, total 18ms
D/dalvikvm(27453): WAIT_FOR_CONCURRENT_GC blocked 9ms
D/dalvikvm( 2634): GC_CONCURRENT freed 1692K, 50% free 15005K/29728K, paused 2ms+12ms, total 59ms
D/dalvikvm( 7029): GC_CONCURRENT freed 1480K, 41% free 20002K/33408K, paused 4ms+9ms, total 76ms
D/dalvikvm( 7029): WAIT_FOR_CONCURRENT_GC blocked 72ms
D/dalvikvm(27453): GC_CONCURRENT freed 1523K, 28% free 10300K/14164K, paused 2ms+2ms, total 22ms
D/dalvikvm(27453): WAIT_FOR_CONCURRENT_GC blocked 5ms
D/dalvikvm(27453): GC_CONCURRENT freed 527K, 28% free 10279K/14164K, paused 3ms+1ms, total 19ms
D/dalvikvm(27453): WAIT_FOR_CONCURRENT_GC blocked 5ms
D/dalvikvm(27453): GC_CONCURRENT freed 504K, 28% free 10279K/14164K, paused 1ms+3ms, total 25ms
D/dalvikvm(27453): WAIT_FOR_CONCURRENT_GC blocked 12ms
D/dalvikvm(27453): GC_CONCURRENT freed 1012K, 28% free 10284K/14164K, paused 4ms+1ms, total 24ms
D/dalvikvm(27453): WAIT_FOR_CONCURRENT_GC blocked 9ms
D/dalvikvm(10625): GC_EXPLICIT freed 63K, 26% free 17265K/23076K, paused 12ms+6ms, total 107ms
D/dalvikvm( 5249): GC_CONCURRENT freed 520K, 30% free 11110K/15840K, paused 3ms+4ms, total 31ms
D/dalvikvm( 5249): WAIT_FOR_CONCURRENT_GC blocked 21ms
D/dalvikvm( 5249): WAIT_FOR_CONCURRENT_GC blocked 21ms
D/dalvikvm( 5249): GC_CONCURRENT freed 443K, 30% free 11179K/15840K, paused 3ms+4ms, total 33ms
D/dalvikvm( 5249): WAIT_FOR_CONCURRENT_GC blocked 28ms
D/dalvikvm( 5249): GC_CONCURRENT freed 609K, 31% free 10985K/15840K, paused 4ms+6ms, total 44ms
D/dalvikvm( 2411): GC_CONCURRENT freed 2033K, 13% free 53764K/61648K, paused 24ms+16ms, total 234ms
D/dalvikvm(27453): GC_CONCURRENT freed 1496K, 28% free 10316K/14164K, paused 2ms+3ms, total 22ms
D/dalvikvm(27453): WAIT_FOR_CONCURRENT_GC blocked 7ms
D/dalvikvm(27453): GC_CONCURRENT freed 543K, 28% free 10279K/14164K, paused 3ms+2ms, total 23ms
D/dalvikvm(27453): WAIT_FOR_CONCURRENT_GC blocked 8ms
D/dalvikvm(27453): GC_CONCURRENT freed 504K, 28% free 10279K/14164K, paused 2ms+2ms, total 16ms
D/dalvikvm(27453): WAIT_FOR_CONCURRENT_GC blocked 6ms
D/dalvikvm(27453): GC_CONCURRENT freed 988K, 28% free 10309K/14164K, paused 1ms+1ms, total 16ms
D/dalvikvm(27453): WAIT_FOR_CONCURRENT_GC blocked 8ms
D/dalvikvm(10625): GC_EXPLICIT freed 106K, 25% free 17362K/23076K, paused 4ms+6ms, total 67ms
D/dalvikvm( 5249): GC_CONCURRENT freed 398K, 30% free 11068K/15776K, paused 4ms+3ms, total 35ms
D/dalvikvm( 5249): GC_CONCURRENT freed 328K, 29% free 11215K/15776K, paused 5ms+3ms, total 26ms
D/dalvikvm( 5249): WAIT_FOR_CONCURRENT_GC blocked 20ms
D/dalvikvm(10625): GC_EXPLICIT freed 94K, 26% free 17279K/23076K, paused 7ms+6ms, total 65ms
D/dalvikvm( 3582): GC_CONCURRENT freed 1368K, 38% free 14047K/22632K, paused 5ms+4ms, total 45ms
D/dalvikvm( 3582): WAIT_FOR_CONCURRENT_GC blocked 33ms
D/dalvikvm( 2800): GC_EXPLICIT freed 390K, 35% free 38686K/58656K, paused 4ms+7ms, total 63ms
D/dalvikvm( 5249): GC_CONCURRENT freed 612K, 30% free 11115K/15776K, paused 3ms+4ms, total 37ms
D/dalvikvm( 5249): WAIT_FOR_CONCURRENT_GC blocked 17ms
D/dalvikvm( 7029): GC_CONCURRENT freed 1979K, 41% free 20003K/33408K, paused 5ms+9ms, total 92ms
D/dalvikvm( 2772): GC_CONCURRENT freed 405K, 26% free 10116K/13536K, paused 2ms+2ms, total 24ms
D/dalvikvm( 5249): GC_CONCURRENT freed 503K, 30% free 11124K/15776K, paused 4ms+4ms, total 34ms
D/dalvikvm( 5249): WAIT_FOR_CONCURRENT_GC blocked 19ms
D/dalvikvm( 5249): GC_CONCURRENT freed 477K, 30% free 11158K/15776K, paused 3ms+2ms, total 22ms
D/dalvikvm( 5249): WAIT_FOR_CONCURRENT_GC blocked 18ms
D/dalvikvm( 5249): GC_FOR_ALLOC freed 421K, 30% free 11196K/15776K, paused 18ms, total 18ms
D/dalvikvm( 5249): GC_CONCURRENT freed 1K, 29% free 11270K/15776K, paused 3ms+2ms, total 20ms
D/dalvikvm( 2411): GC_CONCURRENT freed 1885K, 13% free 53833K/61648K, paused 14ms+20ms, total 274ms
D/dalvikvm(10625): GC_EXPLICIT freed 426K, 24% free 17560K/23076K, paused 6ms+9ms, total 77ms
D/dalvikvm( 3582): GC_CONCURRENT freed 1295K, 39% free 14029K/22632K, paused 3ms+5ms, total 57ms
D/dalvikvm(10625): GC_EXPLICIT freed 381K, 25% free 17323K/23076K, paused 13ms+6ms, total 70ms
D/dalvikvm( 5249): GC_CONCURRENT freed 2353K, 29% free 11295K/15852K, paused 4ms+3ms, total 33ms
D/dalvikvm( 5249): WAIT_FOR_CONCURRENT_GC blocked 27ms
D/dalvikvm(10625): GC_EXPLICIT freed 184K, 25% free 17357K/23076K, paused 3ms+5ms, total 52ms
D/dalvikvm( 7029): GC_CONCURRENT freed 1978K, 41% free 19971K/33408K, paused 3ms+10ms, total 61ms
D/dalvikvm(10625): GC_EXPLICIT freed 129K, 26% free 17251K/23076K, paused 6ms+5ms, total 101ms
D/dalvikvm(10625): GC_EXPLICIT freed 62K, 26% free 17290K/23076K, paused 2ms+4ms, total 46ms
D/dalvikvm( 2411): GC_CONCURRENT freed 2079K, 13% free 53802K/61648K, paused 9ms+26ms, total 241ms
D/dalvikvm( 2411): WAIT_FOR_CONCURRENT_GC blocked 191ms
D/dalvikvm( 2411): WAIT_FOR_CONCURRENT_GC blocked 191ms
D/dalvikvm( 2411): WAIT_FOR_CONCURRENT_GC blocked 189ms
D/dalvikvm( 2411): WAIT_FOR_CONCURRENT_GC blocked 191ms
D/dalvikvm( 2411): WAIT_FOR_CONCURRENT_GC blocked 190ms
D/dalvikvm( 5249): GC_CONCURRENT freed 691K, 30% free 11115K/15848K, paused 3ms+3ms, total 29ms
D/dalvikvm( 5249): WAIT_FOR_CONCURRENT_GC blocked 12ms
D/dalvikvm( 5249): WAIT_FOR_CONCURRENT_GC blocked 8ms
D/dalvikvm( 5249): GC_CONCURRENT freed 449K, 30% free 11177K/15848K, paused 1ms+3ms, total 20ms
D/dalvikvm( 5249): WAIT_FOR_CONCURRENT_GC blocked 18ms
D/dalvikvm(27453): GC_CONCURRENT freed 1525K, 28% free 10311K/14164K, paused 3ms+1ms, total 18ms
D/dalvikvm(27453): WAIT_FOR_CONCURRENT_GC blocked 3ms
D/dalvikvm(27453): GC_CONCURRENT freed 544K, 28% free 10274K/14164K, paused 3ms+2ms, total 18ms
D/dalvikvm(27453): WAIT_FOR_CONCURRENT_GC blocked 7ms
D/dalvikvm(27453): GC_CONCURRENT freed 503K, 28% free 10274K/14164K, paused 1ms+1ms, total 17ms
D/dalvikvm(27453): GC_CONCURRENT freed 988K, 28% free 10304K/14164K, paused 1ms+1ms, total 15ms
D/dalvikvm(27453): WAIT_FOR_CONCURRENT_GC blocked 6ms
D/dalvikvm(27453): GC_CONCURRENT freed 1517K, 28% free 10320K/14164K, paused 2ms+2ms, total 17ms
D/dalvikvm(27453): WAIT_FOR_CONCURRENT_GC blocked 4ms
D/dalvikvm(27453): GC_CONCURRENT freed 544K, 28% free 10282K/14164K, paused 1ms+2ms, total 17ms
D/dalvikvm(27453): WAIT_FOR_CONCURRENT_GC blocked 6ms
D/dalvikvm(27453): GC_CONCURRENT freed 504K, 28% free 10283K/14164K, paused 1ms+2ms, total 19ms
D/dalvikvm(27453): WAIT_FOR_CONCURRENT_GC blocked 8ms
D/dalvikvm(27453): GC_CONCURRENT freed 1004K, 28% free 10288K/14164K, paused 1ms+2ms, total 18ms
D/dalvikvm(27453): WAIT_FOR_CONCURRENT_GC blocked 9ms
D/dalvikvm( 7029): GC_EXPLICIT freed 1883K, 42% free 19571K/33408K, paused 18ms+9ms, total 107ms
D/dalvikvm( 7029): GC_EXPLICIT freed 189K, 42% free 19382K/33408K, paused 4ms+6ms, total 55ms
D/dalvikvm( 2411): GC_CONCURRENT freed 2206K, 13% free 53644K/61648K, paused 5ms+17ms, total 219ms
D/dalvikvm( 2411): WAIT_FOR_CONCURRENT_GC blocked 48ms
D/dalvikvm( 2411): WAIT_FOR_CONCURRENT_GC blocked 56ms
D/dalvikvm(11814): GC_FOR_ALLOC freed 1155K, 28% free 11606K/15956K, paused 17ms, total 17ms
D/dalvikvm(11814): GC_CONCURRENT freed 36K, 24% free 12145K/15956K, paused 2ms+1ms, total 18ms
D/dalvikvm(11814): WAIT_FOR_CONCURRENT_GC blocked 15ms
D/dalvikvm(11814): WAIT_FOR_CONCURRENT_GC blocked 16ms
D/dalvikvm(11814): GC_CONCURRENT freed 343K, 22% free 12538K/15956K, paused 1ms+3ms, total 21ms
D/dalvikvm(11814): WAIT_FOR_CONCURRENT_GC blocked 10ms
D/dalvikvm(27453): GC_CONCURRENT freed 1505K, 28% free 10314K/14164K, paused 2ms+1ms, total 22ms
D/dalvikvm(27453): WAIT_FOR_CONCURRENT_GC blocked 10ms
D/dalvikvm(27453): GC_CONCURRENT freed 544K, 28% free 10277K/14164K, paused 3ms+2ms, total 22ms
D/dalvikvm(27453): WAIT_FOR_CONCURRENT_GC blocked 8ms
D/dalvikvm(27453): GC_CONCURRENT freed 503K, 28% free 10285K/14164K, paused 1ms+1ms, total 16ms
D/dalvikvm(27453): WAIT_FOR_CONCURRENT_GC blocked 7ms
D/dalvikvm(27453): GC_CONCURRENT freed 1013K, 28% free 10283K/14164K, paused 2ms+2ms, total 15ms
D/dalvikvm(27453): WAIT_FOR_CONCURRENT_GC blocked 7ms
D/dalvikvm(10625): GC_EXPLICIT freed 70K, 26% free 17251K/23076K, paused 4ms+7ms, total 67ms
D/dalvikvm( 5249): GC_CONCURRENT freed 589K, 30% free 11099K/15776K, paused 3ms+5ms, total 36ms
D/dalvikvm( 5249): WAIT_FOR_CONCURRENT_GC blocked 23ms
D/dalvikvm( 5249): GC_CONCURRENT freed 468K, 30% free 11143K/15776K, paused 5ms+3ms, total 33ms
D/dalvikvm( 5249): WAIT_FOR_CONCURRENT_GC blocked 14ms
D/dalvikvm( 5249): GC_CONCURRENT freed 420K, 29% free 11207K/15776K, paused 3ms+3ms, total 22ms
D/dalvikvm( 5249): WAIT_FOR_CONCURRENT_GC blocked 18ms
D/dalvikvm(10625): GC_EXPLICIT freed 37K, 26% free 17244K/23076K, paused 4ms+5ms, total 52ms
D/dalvikvm(10625): GC_EXPLICIT freed 28K, 26% free 17247K/23076K, paused 2ms+3ms, total 39ms
D/dalvikvm(10625): GC_EXPLICIT freed 7K, 26% free 17241K/23076K, paused 13ms+5ms, total 109ms
D/dalvikvm(27453): GC_CONCURRENT freed 1497K, 28% free 10315K/14164K, paused 2ms+2ms, total 22ms
D/dalvikvm(27453): WAIT_FOR_CONCURRENT_GC blocked 7ms
D/dalvikvm(27453): GC_CONCURRENT freed 545K, 28% free 10277K/14164K, paused 2ms+2ms, total 15ms
D/dalvikvm(27453): WAIT_FOR_CONCURRENT_GC blocked 7ms
D/dalvikvm(27453): GC_CONCURRENT freed 504K, 28% free 10277K/14164K, paused 2ms+1ms, total 17ms
D/dalvikvm(27453): WAIT_FOR_CONCURRENT_GC blocked 6ms
D/dalvikvm(27453): GC_CONCURRENT freed 989K, 28% free 10308K/14164K, paused 1ms+2ms, total 15ms
D/dalvikvm(27453): WAIT_FOR_CONCURRENT_GC blocked 7ms
D/dalvikvm(10625): GC_EXPLICIT freed 13K, 26% free 17242K/23076K, paused 3ms+5ms, total 57ms
D/dalvikvm(10625): GC_EXPLICIT freed 36K, 26% free 17247K/23076K, paused 2ms+4ms, total 38ms
D/dalvikvm(10625): GC_EXPLICIT freed 6K, 26% free 17241K/23076K, paused 12ms+5ms, total 74ms
D/dalvikvm(10625): GC_EXPLICIT freed 12K, 26% free 17242K/23076K, paused 4ms+5ms, total 52ms
D/dalvikvm(10625): GC_EXPLICIT freed 20K, 26% free 17241K/23076K, paused 6ms+5ms, total 63ms
D/dalvikvm( 5249): GC_CONCURRENT freed 1065K, 30% free 11180K/15776K, paused 4ms+4ms, total 36ms
D/dalvikvm( 5249): WAIT_FOR_CONCURRENT_GC blocked 31ms
D/dalvikvm( 3582): GC_CONCURRENT freed 1366K, 38% free 14052K/22632K, paused 6ms+4ms, total 75ms
D/dalvikvm( 3582): WAIT_FOR_CONCURRENT_GC blocked 53ms
D/dalvikvm(11814): GC_CONCURRENT freed 1140K, 24% free 12149K/15952K, paused 3ms+6ms, total 41ms
D/dalvikvm(11814): GC_CONCURRENT freed 576K, 24% free 12245K/15952K, paused 9ms+10ms, total 63ms
D/dalvikvm( 2411): GC_CONCURRENT freed 2087K, 14% free 53605K/61648K, paused 17ms+16ms, total 257ms
D/dalvikvm( 2411): WAIT_FOR_CONCURRENT_GC blocked 167ms
D/dalvikvm( 2411): WAIT_FOR_CONCURRENT_GC blocked 167ms
D/dalvikvm( 2411): WAIT_FOR_CONCURRENT_GC blocked 59ms
D/dalvikvm( 2411): WAIT_FOR_CONCURRENT_GC blocked 154ms
D/dalvikvm(26746): GC_CONCURRENT freed 408K, 36% free 10459K/16244K, paused 2ms+3ms, total 22ms
D/dalvikvm( 5249): GC_CONCURRENT freed 584K, 30% free 11107K/15776K, paused 4ms+3ms, total 29ms
D/dalvikvm( 5249): WAIT_FOR_CONCURRENT_GC blocked 14ms
D/dalvikvm( 5249): GC_CONCURRENT freed 474K, 30% free 11145K/15776K, paused 2ms+3ms, total 21ms
D/dalvikvm( 5249): WAIT_FOR_CONCURRENT_GC blocked 19ms
D/dalvikvm( 5249): GC_CONCURRENT freed 350K, 29% free 11277K/15776K, paused 2ms+2ms, total 20ms
D/dalvikvm( 5249): WAIT_FOR_CONCURRENT_GC blocked 17ms
D/dalvikvm( 7029): GC_EXPLICIT freed 938K, 42% free 19399K/33408K, paused 9ms+16ms, total 185ms
D/dalvikvm( 5249): GC_CONCURRENT freed 1179K, 30% free 11192K/15776K, paused 2ms+2ms, total 22ms
D/dalvikvm( 5249): WAIT_FOR_CONCURRENT_GC blocked 19ms
D/dalvikvm( 5249): GC_CONCURRENT freed 598K, 30% free 11106K/15776K, paused 2ms+3ms, total 27ms
D/dalvikvm( 5249): WAIT_FOR_CONCURRENT_GC blocked 16ms
D/dalvikvm( 3582): GC_CONCURRENT freed 1412K, 38% free 14033K/22632K, paused 2ms+4ms, total 44ms
D/dalvikvm( 3582): WAIT_FOR_CONCURRENT_GC blocked 36ms
D/dalvikvm( 1956): GC_EXPLICIT freed 40K, 19% free 9923K/12156K, paused 3ms+3ms, total 40ms
D/dalvikvm( 1956): GC_EXPLICIT freed <1K, 19% free 9923K/12156K, paused 3ms+3ms, total 25ms
D/dalvikvm( 1956): GC_EXPLICIT freed <1K, 19% free 9923K/12156K, paused 1ms+3ms, total 24ms
D/dalvikvm(28621): GC_CONCURRENT freed 386K, 22% free 10206K/13012K, paused 1ms+4ms, total 45ms
D/dalvikvm( 2411): GC_FOR_ALLOC freed 1859K, 14% free 53480K/61648K, paused 181ms, total 183ms
D/dalvikvm(13220): GC_CONCURRENT freed 129K, 18% free 10818K/13136K, paused 2ms+2ms, total 20ms
D/dalvikvm(13220): WAIT_FOR_CONCURRENT_GC blocked 7ms
D/dalvikvm(13220): GC_CONCURRENT freed 178K, 17% free 11558K/13924K, paused 2ms+2ms, total 19ms
D/dalvikvm(13220): GC_FOR_ALLOC freed 6K, 17% free 11557K/13924K, paused 20ms, total 20ms
D/dalvikvm(13220): GC_FOR_ALLOC freed <1K, 14% free 15157K/17528K, paused 18ms, total 18ms
D/dalvikvm(13220): GC_CONCURRENT freed <1K, 10% free 22358K/24736K, paused 4ms+2ms, total 26ms
D/dalvikvm(13220): WAIT_FOR_CONCURRENT_GC blocked 1ms
D/dalvikvm(13220): GC_FOR_ALLOC freed 2152K, 14% free 27931K/32288K, paused 20ms, total 20ms
D/dalvikvm(13220): GC_FOR_ALLOC freed 39K, 11% free 29031K/32288K, paused 18ms, total 18ms
D/dalvikvm(13220): GC_FOR_ALLOC freed <1K, 10% free 30132K/33392K, paused 25ms, total 25ms
D/dalvikvm(13220): GC_FOR_ALLOC freed 1172K, 13% free 31201K/35600K, paused 17ms, total 17ms
D/dalvikvm(13220): GC_FOR_ALLOC freed 1639K, 12% free 31461K/35600K, paused 18ms, total 18ms
D/dalvikvm(13220): GC_CONCURRENT freed 1K, 11% free 35060K/39204K, paused 2ms+3ms, total 25ms
D/dalvikvm(13220): WAIT_FOR_CONCURRENT_GC blocked 23ms
D/dalvikvm(13220): GC_FOR_ALLOC freed 3641K, 9% free 31457K/34444K, paused 21ms, total 22ms
D/dalvikvm(13220): GC_FOR_ALLOC freed <1K, 8% free 35057K/38048K, paused 21ms, total 21ms
D/dalvikvm(13220): GC_CONCURRENT freed <1K, 8% free 35057K/38048K, paused 3ms+2ms, total 24ms
D/dalvikvm( 5249): GC_CONCURRENT freed 501K, 30% free 11116K/15776K, paused 3ms+4ms, total 33ms
D/dalvikvm( 5249): WAIT_FOR_CONCURRENT_GC blocked 19ms
D/dalvikvm( 5249): GC_CONCURRENT freed 487K, 30% free 11140K/15776K, paused 2ms+2ms, total 21ms
D/dalvikvm( 5249): WAIT_FOR_CONCURRENT_GC blocked 17ms
D/dalvikvm( 5249): GC_CONCURRENT freed 374K, 29% free 11204K/15776K, paused 3ms+2ms, total 22ms
D/dalvikvm( 5249): WAIT_FOR_CONCURRENT_GC blocked 18ms
D/dalvikvm(13220): GC_FOR_ALLOC freed 282K, 7% free 36663K/39364K, paused 20ms, total 20ms
D/dalvikvm(13220): GC_FOR_ALLOC freed 1K, 7% free 40261K/42968K, paused 24ms, total 24ms
D/dalvikvm(13220): GC_CONCURRENT freed 10K, 7% free 40264K/42968K, paused 3ms+4ms, total 39ms
D/dalvikvm( 2411): GC_CONCURRENT freed 1596K, 13% free 53817K/61648K, paused 5ms+14ms, total 189ms
D/dalvikvm( 2411): WAIT_FOR_CONCURRENT_GC blocked 184ms
D/dalvikvm( 4343): GC_CONCURRENT freed 400K, 23% free 10264K/13288K, paused 3ms+2ms, total 18ms
D/dalvikvm(11814): GC_CONCURRENT freed 913K, 25% free 12011K/15952K, paused 2ms+4ms, total 27ms
D/dalvikvm( 2411): GC_CONCURRENT freed 1904K, 13% free 53842K/61648K, paused 5ms+13ms, total 209ms
D/dalvikvm(10625): GC_EXPLICIT freed 32K, 26% free 17244K/23076K, paused 3ms+6ms, total 51ms
D/dalvikvm(10625): GC_EXPLICIT freed 6K, 26% free 17243K/23076K, paused 2ms+8ms, total 59ms
D/dalvikvm( 5249): GC_CONCURRENT freed 1147K, 30% free 11092K/15776K, paused 2ms+4ms, total 49ms
D/dalvikvm( 5249): WAIT_FOR_CONCURRENT_GC blocked 13ms
D/dalvikvm( 5249): GC_CONCURRENT freed 377K, 30% free 11176K/15776K, paused 2ms+2ms, total 25ms
D/dalvikvm( 5249): WAIT_FOR_CONCURRENT_GC blocked 14ms
D/dalvikvm(10625): GC_EXPLICIT freed 14K, 26% free 17243K/23076K, paused 5ms+4ms, total 52ms
D/dalvikvm(10625): GC_EXPLICIT freed 14K, 26% free 17243K/23076K, paused 3ms+4ms, total 51ms
D/dalvikvm(11814): GC_CONCURRENT freed 551K, 25% free 12122K/15952K, paused 4ms+8ms, total 48ms
D/dalvikvm( 5249): GC_CONCURRENT freed 573K, 30% free 11114K/15776K, paused 3ms+3ms, total 30ms
D/dalvikvm( 5249): WAIT_FOR_CONCURRENT_GC blocked 15ms
D/dalvikvm(11814): GC_CONCURRENT freed 401K, 23% free 12381K/15952K, paused 2ms+5ms, total 28ms
D/dalvikvm(11814): GC_CONCURRENT freed 525K, 22% free 12574K/15952K, paused 3ms+5ms, total 36ms
D/dalvikvm( 2411): GC_CONCURRENT freed 1505K, 12% free 54303K/61648K, paused 6ms+15ms, total 209ms
D/dalvikvm( 2411): WAIT_FOR_CONCURRENT_GC blocked 201ms
D/dalvikvm(27214): GC_CONCURRENT freed 389K, 21% free 10305K/12896K, paused 5ms+7ms, total 41ms
D/dalvikvm(30869): GC_CONCURRENT freed 469K, 23% free 10047K/12948K, paused 4ms+2ms, total 37ms
D/dalvikvm( 3582): GC_CONCURRENT freed 1279K, 38% free 14043K/22632K, paused 5ms+4ms, total 84ms
D/dalvikvm(27453): GC_CONCURRENT freed 1546K, 28% free 10296K/14164K, paused 1ms+2ms, total 15ms
D/dalvikvm(27453): WAIT_FOR_CONCURRENT_GC blocked 6ms
D/dalvikvm(27453): GC_CONCURRENT freed 547K, 28% free 10259K/14164K, paused 1ms+1ms, total 15ms
D/dalvikvm(27453): WAIT_FOR_CONCURRENT_GC blocked 6ms
D/dalvikvm(27453): GC_CONCURRENT freed 511K, 28% free 10260K/14164K, paused 2ms+1ms, total 16ms
D/dalvikvm(27453): WAIT_FOR_CONCURRENT_GC blocked 6ms
D/dalvikvm(27453): GC_CONCURRENT freed 973K, 28% free 10307K/14164K, paused 3ms+2ms, total 16ms
D/dalvikvm(27453): WAIT_FOR_CONCURRENT_GC blocked 6ms
D/dalvikvm(27453): GC_CONCURRENT freed 1516K, 28% free 10322K/14164K, paused 1ms+1ms, total 15ms
D/dalvikvm(27453): WAIT_FOR_CONCURRENT_GC blocked 6ms
D/dalvikvm(27453): GC_CONCURRENT freed 545K, 28% free 10285K/14164K, paused 3ms+2ms, total 27ms
D/dalvikvm(27453): WAIT_FOR_CONCURRENT_GC blocked 12ms
D/dalvikvm(27453): GC_CONCURRENT freed 504K, 28% free 10285K/14164K, paused 2ms+2ms, total 19ms
D/dalvikvm(27453): WAIT_FOR_CONCURRENT_GC blocked 4ms
D/dalvikvm(27453): GC_CONCURRENT freed 1005K, 28% free 10291K/14164K, paused 2ms+1ms, total 15ms
D/dalvikvm(27453): WAIT_FOR_CONCURRENT_GC blocked 7ms
D/dalvikvm( 5249): GC_CONCURRENT freed 518K, 30% free 11107K/15776K, paused 4ms+3ms, total 29ms
D/dalvikvm( 5249): WAIT_FOR_CONCURRENT_GC blocked 15ms
D/dalvikvm( 5249): GC_CONCURRENT freed 408K, 29% free 11210K/15776K, paused 4ms+3ms, total 24ms
D/dalvikvm( 5249): WAIT_FOR_CONCURRENT_GC blocked 19ms
D/dalvikvm( 5249): GC_CONCURRENT freed 384K, 29% free 11268K/15776K, paused 3ms+2ms, total 23ms
D/dalvikvm( 7029): GC_CONCURRENT freed 1492K, 41% free 19919K/33408K, paused 4ms+10ms, total 83ms
D/dalvikvm( 2772): GC_CONCURRENT freed 393K, 26% free 10115K/13536K, paused 4ms+2ms, total 28ms
D/dalvikvm( 2411): GC_CONCURRENT freed 2456K, 13% free 53895K/61648K, paused 9ms+15ms, total 229ms
D/dalvikvm( 2411): WAIT_FOR_CONCURRENT_GC blocked 183ms
D/dalvikvm( 2411): WAIT_FOR_CONCURRENT_GC blocked 153ms
D/dalvikvm( 2411): WAIT_FOR_CONCURRENT_GC blocked 183ms
D/dalvikvm( 5249): GC_CONCURRENT freed 1096K, 30% free 11191K/15776K, paused 2ms+2ms, total 22ms
D/dalvikvm( 5249): WAIT_FOR_CONCURRENT_GC blocked 19ms
D/dalvikvm(13500): GC_CONCURRENT freed 665K, 22% free 10323K/13136K, paused 4ms+2ms, total 39ms
D/dalvikvm(13500): WAIT_FOR_CONCURRENT_GC blocked 10ms
D/dalvikvm(13500): GC_CONCURRENT freed 395K, 21% free 10440K/13136K, paused 4ms+4ms, total 25ms
D/dalvikvm(13500): WAIT_FOR_CONCURRENT_GC blocked 17ms
D/dalvikvm(13500): WAIT_FOR_CONCURRENT_GC blocked 17ms
D/dalvikvm(13500): WAIT_FOR_CONCURRENT_GC blocked 17ms
D/dalvikvm(13500): WAIT_FOR_CONCURRENT_GC blocked 13ms
D/dalvikvm(13500): WAIT_FOR_CONCURRENT_GC blocked 15ms
D/dalvikvm(13500): GC_CONCURRENT freed 244K, 19% free 10656K/13136K, paused 3ms+4ms, total 26ms
D/dalvikvm( 7029): GC_CONCURRENT freed 1557K, 39% free 20409K/33408K, paused 5ms+7ms, total 54ms
D/dalvikvm( 7029): WAIT_FOR_CONCURRENT_GC blocked 15ms
D/dalvikvm( 7029): WAIT_FOR_CONCURRENT_GC blocked 32ms
D/dalvikvm(13500): GC_FOR_ALLOC freed 626K, 21% free 10763K/13580K, paused 157ms, total 157ms
D/dalvikvm(13500): GC_CONCURRENT freed 1554K, 26% free 10743K/14488K, paused 2ms+2ms, total 27ms
D/dalvikvm(13500): WAIT_FOR_CONCURRENT_GC blocked 10ms
D/dalvikvm(13500): WAIT_FOR_CONCURRENT_GC blocked 24ms
D/dalvikvm(13500): GC_FOR_ALLOC freed 3K, 24% free 12024K/15772K, paused 32ms, total 32ms
D/dalvikvm(13500): WAIT_FOR_CONCURRENT_GC blocked 46ms
D/dalvikvm(13500): WAIT_FOR_CONCURRENT_GC blocked 46ms
D/dalvikvm(27453): GC_CONCURRENT freed 1403K, 28% free 10313K/14164K, paused 3ms+2ms, total 23ms
D/dalvikvm( 7367): GC_CONCURRENT freed 385K, 23% free 10139K/13020K, paused 2ms+2ms, total 22ms
D/dalvikvm(13500): GC_CONCURRENT freed 53K, 24% free 12076K/15772K, paused 3ms+8ms, total 42ms
D/dalvikvm(27453): GC_CONCURRENT freed 487K, 28% free 10279K/14164K, paused 3ms+6ms, total 40ms
D/dalvikvm(27453): GC_CONCURRENT freed 480K, 28% free 10279K/14164K, paused 2ms+2ms, total 26ms
D/dalvikvm(27453): GC_CONCURRENT freed 986K, 28% free 10311K/14164K, paused 3ms+2ms, total 25ms
D/dalvikvm(27453): WAIT_FOR_CONCURRENT_GC blocked 1ms
D/dalvikvm(13500): GC_CONCURRENT freed 1037K, 21% free 12677K/15904K, paused 4ms+2ms, total 32ms
D/dalvikvm(13579): GC_CONCURRENT freed 646K, 22% free 10302K/13136K, paused 3ms+1ms, total 19ms
D/dalvikvm(13579): WAIT_FOR_CONCURRENT_GC blocked 12ms
D/dalvikvm(13579): GC_FOR_ALLOC freed 303K, 20% free 10534K/13136K, paused 15ms, total 15ms
D/dalvikvm(13579): GC_FOR_ALLOC freed <1K, 16% free 14134K/16740K, paused 14ms, total 14ms
D/dalvikvm(13579): GC_CONCURRENT freed 4K, 16% free 14130K/16740K, paused 1ms+2ms, total 15ms
D/dalvikvm( 2411): GC_CONCURRENT freed 2357K, 14% free 53474K/61648K, paused 10ms+16ms, total 236ms
D/dalvikvm(13500): GC_CONCURRENT freed 743K, 20% free 12733K/15904K, paused 4ms+4ms, total 58ms
D/dalvikvm( 2411): GC_FOR_ALLOC freed 1601K, 13% free 53807K/61648K, paused 178ms, total 178ms
D/dalvikvm( 7029): GC_FOR_ALLOC freed 1029K, 39% free 20468K/33408K, paused 70ms, total 70ms
D/dalvikvm( 7029): GC_FOR_ALLOC freed 22K, 36% free 24046K/37012K, paused 52ms, total 52ms
D/dalvikvm( 2411): GC_CONCURRENT freed 450K, 13% free 53811K/61648K, paused 5ms+14ms, total 259ms
D/dalvikvm( 7029): GC_FOR_ALLOC freed 316K, 35% free 24055K/37008K, paused 43ms, total 43ms
D/dalvikvm(27453): GC_CONCURRENT freed 1445K, 28% free 10315K/14164K, paused 2ms+2ms, total 18ms
D/dalvikvm(27453): GC_CONCURRENT freed 512K, 28% free 10304K/14164K, paused 3ms+3ms, total 25ms
D/dalvikvm(27453): GC_CONCURRENT freed 548K, 28% free 10266K/14164K, paused 2ms+2ms, total 28ms
D/dalvikvm(27453): WAIT_FOR_CONCURRENT_GC blocked 6ms
D/dalvikvm(27453): GC_CONCURRENT freed 971K, 28% free 10311K/14164K, paused 3ms+2ms, total 30ms
D/dalvikvm(27453): WAIT_FOR_CONCURRENT_GC blocked 11ms
D/dalvikvm( 5249): GC_CONCURRENT freed 584K, 30% free 11119K/15776K, paused 3ms+4ms, total 39ms
D/dalvikvm( 5249): WAIT_FOR_CONCURRENT_GC blocked 18ms
D/dalvikvm( 7029): GC_CONCURRENT freed 7309K, 38% free 20839K/33408K, paused 6ms+11ms, total 78ms
D/dalvikvm(27453): GC_CONCURRENT freed 1469K, 28% free 10302K/14164K, paused 2ms+2ms, total 17ms
D/dalvikvm( 5249): GC_CONCURRENT freed 468K, 30% free 11143K/15776K, paused 2ms+2ms, total 35ms
D/dalvikvm( 5249): WAIT_FOR_CONCURRENT_GC blocked 32ms
D/dalvikvm( 5249): GC_CONCURRENT freed 320K, 29% free 11275K/15776K, paused 3ms+3ms, total 25ms
D/dalvikvm( 5249): WAIT_FOR_CONCURRENT_GC blocked 21ms
D/dalvikvm(10625): GC_EXPLICIT freed 44K, 26% free 17251K/23076K, paused 2ms+4ms, total 41ms
D/dalvikvm(13500): GC_CONCURRENT freed 817K, 20% free 12733K/15904K, paused 2ms+1ms, total 24ms
D/dalvikvm(13500): GC_CONCURRENT freed 818K, 20% free 12732K/15904K, paused 3ms+2ms, total 44ms
D/dalvikvm(26746): GC_CONCURRENT freed 412K, 36% free 10458K/16244K, paused 7ms+5ms, total 47ms
D/dalvikvm( 5249): GC_CONCURRENT freed 1114K, 29% free 11229K/15776K, paused 3ms+3ms, total 31ms
D/dalvikvm( 5249): WAIT_FOR_CONCURRENT_GC blocked 24ms
D/dalvikvm(13500): GC_CONCURRENT freed 817K, 20% free 12732K/15904K, paused 2ms+2ms, total 43ms
D/dalvikvm(10625): GC_EXPLICIT freed 227K, 25% free 17407K/23076K, paused 4ms+9ms, total 71ms
D/dalvikvm( 3582): GC_CONCURRENT freed 1387K, 38% free 14047K/22632K, paused 5ms+5ms, total 67ms
D/dalvikvm( 3582): WAIT_FOR_CONCURRENT_GC blocked 42ms
D/dalvikvm( 7029): GC_CONCURRENT freed 2130K, 38% free 20757K/33408K, paused 6ms+9ms, total 75ms
D/dalvikvm( 7029): WAIT_FOR_CONCURRENT_GC blocked 40ms
D/dalvikvm( 5249): GC_CONCURRENT freed 624K, 30% free 11116K/15776K, paused 2ms+3ms, total 25ms
D/dalvikvm( 5249): WAIT_FOR_CONCURRENT_GC blocked 13ms
D/dalvikvm(13500): GC_CONCURRENT freed 817K, 20% free 12733K/15904K, paused 4ms+3ms, total 46ms
D/dalvikvm(13500): GC_CONCURRENT freed 816K, 20% free 12732K/15904K, paused 4ms+3ms, total 42ms
D/dalvikvm( 2411): GC_CONCURRENT freed 1775K, 13% free 53964K/61648K, paused 5ms+20ms, total 226ms
D/dalvikvm( 5249): GC_CONCURRENT freed 508K, 30% free 11120K/15776K, paused 3ms+2ms, total 25ms
D/dalvikvm( 5249): WAIT_FOR_CONCURRENT_GC blocked 14ms
D/dalvikvm( 5249): GC_CONCURRENT freed 468K, 30% free 11163K/15776K, paused 2ms+3ms, total 26ms
D/dalvikvm( 5249): WAIT_FOR_CONCURRENT_GC blocked 22ms
D/dalvikvm( 5249): GC_CONCURRENT freed 273K, 29% free 11354K/15776K, paused 3ms+2ms, total 24ms
D/dalvikvm(13500): GC_CONCURRENT freed 826K, 20% free 12732K/15904K, paused 2ms+3ms, total 38ms
D/dalvikvm(13500): GC_CONCURRENT freed 836K, 20% free 12733K/15904K, paused 2ms+1ms, total 26ms
D/dalvikvm(13500): GC_CONCURRENT freed 837K, 20% free 12733K/15904K, paused 1ms+2ms, total 25ms
D/dalvikvm(13500): GC_CONCURRENT freed 834K, 20% free 12734K/15904K, paused 2ms+2ms, total 29ms
D/dalvikvm(13500): GC_CONCURRENT freed 837K, 20% free 12733K/15904K, paused 1ms+2ms, total 23ms
D/dalvikvm(13500): GC_CONCURRENT freed 781K, 20% free 12770K/15904K, paused 5ms+5ms, total 68ms
D/dalvikvm( 7029): GC_CONCURRENT freed 2106K, 39% free 20699K/33408K, paused 6ms+11ms, total 81ms
D/dalvikvm( 7029): WAIT_FOR_CONCURRENT_GC blocked 59ms
D/dalvikvm( 3582): GC_CONCURRENT freed 1406K, 38% free 14033K/22632K, paused 8ms+4ms, total 46ms
D/dalvikvm( 3582): WAIT_FOR_CONCURRENT_GC blocked 38ms
D/dalvikvm(13500): GC_CONCURRENT freed 857K, 20% free 12744K/15904K, paused 3ms+2ms, total 31ms
D/dalvikvm( 2411): GC_CONCURRENT freed 1931K, 13% free 53966K/61648K, paused 8ms+15ms, total 236ms
D/dalvikvm(13500): GC_CONCURRENT freed 822K, 20% free 12744K/15904K, paused 5ms+4ms, total 75ms
D/dalvikvm( 5249): GC_CONCURRENT freed 1383K, 30% free 11127K/15776K, paused 10ms+3ms, total 42ms
D/dalvikvm( 5249): WAIT_FOR_CONCURRENT_GC blocked 14ms
D/dalvikvm( 5249): WAIT_FOR_CONCURRENT_GC blocked 19ms
D/dalvikvm( 5249): GC_CONCURRENT freed 444K, 30% free 11159K/15776K, paused 2ms+3ms, total 25ms
D/dalvikvm( 5249): WAIT_FOR_CONCURRENT_GC blocked 22ms
D/dalvikvm( 5249): GC_CONCURRENT freed 600K, 31% free 10983K/15776K, paused 4ms+2ms, total 36ms
D/dalvikvm(13500): GC_CONCURRENT freed 821K, 20% free 12744K/15904K, paused 2ms+3ms, total 36ms
D/dalvikvm(10625): GC_EXPLICIT freed 680K, 24% free 17716K/23076K, paused 6ms+8ms, total 77ms
D/dalvikvm(13500): GC_CONCURRENT freed 821K, 20% free 12744K/15904K, paused 4ms+4ms, total 47ms
D/dalvikvm(13500): GC_CONCURRENT freed 822K, 20% free 12744K/15904K, paused 5ms+6ms, total 63ms
D/dalvikvm(10625): GC_EXPLICIT freed 533K, 25% free 17318K/23076K, paused 3ms+5ms, total 52ms
D/dalvikvm( 5249): GC_CONCURRENT freed 769K, 30% free 11188K/15776K, paused 3ms+2ms, total 23ms
D/dalvikvm( 5249): WAIT_FOR_CONCURRENT_GC blocked 19ms
D/dalvikvm( 2411): GC_FOR_ALLOC freed 1371K, 12% free 54312K/61648K, paused 173ms, total 173ms
D/dalvikvm( 7029): GC_CONCURRENT freed 1799K, 38% free 20890K/33408K, paused 4ms+10ms, total 76ms
D/dalvikvm(13500): GC_CONCURRENT freed 826K, 20% free 12744K/15904K, paused 2ms+3ms, total 33ms
D/dalvikvm( 7029): GC_FOR_ALLOC freed 503K, 38% free 20975K/33408K, paused 48ms, total 48ms
D/dalvikvm( 7029): GC_CONCURRENT freed 15K, 32% free 22985K/33408K, paused 3ms+6ms, total 52ms
D/dalvikvm( 7029): WAIT_FOR_CONCURRENT_GC blocked 34ms
D/dalvikvm( 7029): GC_CONCURRENT freed 2060K, 32% free 22956K/33408K, paused 4ms+9ms, total 84ms
D/dalvikvm( 7029): GC_FOR_ALLOC freed 96K, 31% free 23053K/33408K, paused 43ms, total 43ms
D/dalvikvm( 7029): GC_CONCURRENT freed 8K, 25% free 25070K/33408K, paused 2ms+6ms, total 49ms
D/dalvikvm( 7029): WAIT_FOR_CONCURRENT_GC blocked 32ms
D/dalvikvm( 7029): GC_FOR_ALLOC freed 32K, 24% free 27063K/35436K, paused 46ms, total 46ms
D/dalvikvm( 7029): GC_FOR_ALLOC freed 2034K, 30% free 25037K/35436K, paused 42ms, total 42ms
D/dalvikvm( 7029): GC_FOR_ALLOC freed 2069K, 32% free 26567K/39040K, paused 44ms, total 44ms
D/dalvikvm( 7029): GC_CONCURRENT freed 30K, 32% free 26574K/39040K, paused 4ms+10ms, total 85ms
D/dalvikvm(13500): GC_CONCURRENT freed 840K, 20% free 12744K/15904K, paused 2ms+3ms, total 28ms
D/dalvikvm( 5249): GC_CONCURRENT freed 580K, 30% free 11119K/15776K, paused 2ms+3ms, total 25ms
D/dalvikvm( 5249): WAIT_FOR_CONCURRENT_GC blocked 13ms
D/dalvikvm( 5249): GC_CONCURRENT freed 482K, 30% free 11149K/15776K, paused 2ms+2ms, total 23ms
D/dalvikvm( 5249): WAIT_FOR_CONCURRENT_GC blocked 20ms
D/dalvikvm( 5249): GC_CONCURRENT freed 340K, 29% free 11279K/15776K, paused 2ms+2ms, total 21ms
D/dalvikvm( 5249): WAIT_FOR_CONCURRENT_GC blocked 20ms
D/dalvikvm(13500): GC_CONCURRENT freed 843K, 20% free 12745K/15904K, paused 3ms+2ms, total 30ms
D/dalvikvm(13500): GC_CONCURRENT freed 847K, 20% free 12744K/15904K, paused 2ms+2ms, total 32ms
D/dalvikvm( 2411): GC_CONCURRENT freed 2102K, 13% free 54193K/61648K, paused 6ms+12ms, total 191ms
D/dalvikvm( 2411): WAIT_FOR_CONCURRENT_GC blocked 183ms
D/dalvikvm( 2634): GC_CONCURRENT freed 1588K, 50% free 15041K/29728K, paused 4ms+16ms, total 65ms
D/dalvikvm(30163): GC_CONCURRENT freed 426K, 24% free 11438K/14856K, paused 7ms+3ms, total 47ms
D/dalvikvm(10625): GC_EXPLICIT freed 129K, 26% free 17260K/23076K, paused 5ms+8ms, total 82ms
D/dalvikvm( 7029): GC_CONCURRENT freed 7374K, 37% free 21248K/33408K, paused 14ms+16ms, total 100ms
D/dalvikvm( 7029): WAIT_FOR_CONCURRENT_GC blocked 81ms
D/dalvikvm(28621): GC_CONCURRENT freed 355K, 22% free 10244K/13012K, paused 12ms+8ms, total 88ms
D/dalvikvm(26746): GC_CONCURRENT freed 395K, 36% free 10456K/16244K, paused 4ms+6ms, total 44ms
D/dalvikvm( 5249): GC_CONCURRENT freed 1217K, 30% free 11152K/15776K, paused 2ms+3ms, total 24ms
D/dalvikvm( 5249): WAIT_FOR_CONCURRENT_GC blocked 15ms
D/dalvikvm( 5249): GC_CONCURRENT freed 430K, 29% free 11205K/15776K, paused 3ms+3ms, total 26ms
D/dalvikvm( 5249): WAIT_FOR_CONCURRENT_GC blocked 22ms
D/dalvikvm( 3582): GC_CONCURRENT freed 1385K, 38% free 14041K/22632K, paused 4ms+5ms, total 63ms
D/dalvikvm( 3582): WAIT_FOR_CONCURRENT_GC blocked 51ms
D/dalvikvm( 3582): WAIT_FOR_CONCURRENT_GC blocked 51ms
D/dalvikvm( 2411): GC_CONCURRENT freed 2155K, 13% free 53980K/61648K, paused 7ms+21ms, total 245ms
D/dalvikvm( 5249): GC_CONCURRENT freed 613K, 30% free 11104K/15776K, paused 2ms+3ms, total 23ms
D/dalvikvm( 5249): WAIT_FOR_CONCURRENT_GC blocked 14ms
D/dalvikvm( 5249): WAIT_FOR_CONCURRENT_GC blocked 16ms
D/dalvikvm( 5249): GC_CONCURRENT freed 441K, 30% free 11164K/15776K, paused 2ms+2ms, total 28ms
D/dalvikvm( 5249): WAIT_FOR_CONCURRENT_GC blocked 24ms
D/dalvikvm( 5249): GC_CONCURRENT freed 323K, 29% free 11266K/15776K, paused 4ms+3ms, total 28ms
D/dalvikvm(10625): GC_EXPLICIT freed 180K, 25% free 17394K/23076K, paused 12ms+7ms, total 87ms
D/dalvikvm(10625): GC_EXPLICIT freed 164K, 26% free 17254K/23076K, paused 13ms+5ms, total 74ms
D/dalvikvm( 2772): GC_CONCURRENT freed 392K, 26% free 10116K/13536K, paused 3ms+2ms, total 25ms
D/dalvikvm( 5249): GC_CONCURRENT freed 1085K, 30% free 11192K/15776K, paused 3ms+4ms, total 35ms
D/dalvikvm( 5249): WAIT_FOR_CONCURRENT_GC blocked 31ms
D/dalvikvm( 7367): GC_CONCURRENT freed 398K, 23% free 10140K/13020K, paused 1ms+3ms, total 36ms
D/dalvikvm( 5249): GC_CONCURRENT freed 581K, 30% free 11122K/15776K, paused 3ms+3ms, total 29ms
D/dalvikvm( 5249): WAIT_FOR_CONCURRENT_GC blocked 12ms
D/dalvikvm( 3582): GC_CONCURRENT freed 1403K, 38% free 14034K/22632K, paused 7ms+4ms, total 68ms
D/dalvikvm( 3582): WAIT_FOR_CONCURRENT_GC blocked 51ms
D/dalvikvm( 2411): GC_CONCURRENT freed 1837K, 13% free 54088K/61648K, paused 7ms+19ms, total 218ms
D/dalvikvm( 5249): GC_CONCURRENT freed 514K, 30% free 11120K/15776K, paused 4ms+4ms, total 41ms
D/dalvikvm( 5249): WAIT_FOR_CONCURRENT_GC blocked 29ms
D/dalvikvm( 5249): GC_CONCURRENT freed 463K, 30% free 11160K/15776K, paused 2ms+2ms, total 21ms
D/dalvikvm( 5249): WAIT_FOR_CONCURRENT_GC blocked 18ms
D/dalvikvm( 5249): GC_CONCURRENT freed 321K, 29% free 11264K/15776K, paused 3ms+3ms, total 25ms
D/dalvikvm(10625): GC_EXPLICIT freed 338K, 24% free 17554K/23076K, paused 2ms+8ms, total 55ms
D/dalvikvm( 7029): GC_CONCURRENT freed 2201K, 37% free 21049K/33408K, paused 5ms+11ms, total 77ms
D/dalvikvm( 7029): WAIT_FOR_CONCURRENT_GC blocked 69ms
D/dalvikvm( 2411): GC_CONCURRENT freed 2130K, 13% free 53966K/61648K, paused 7ms+17ms, total 275ms
D/dalvikvm( 2411): GC_FOR_ALLOC freed 1410K, 12% free 54283K/61648K, paused 198ms, total 198ms
D/dalvikvm(32208): GC_EXPLICIT freed 272K, 21% free 10179K/12764K, paused 2ms+5ms, total 35ms
D/dalvikvm(31060): GC_CONCURRENT freed 850K, 24% free 9972K/13012K, paused 3ms+3ms, total 45ms
D/dalvikvm(27453): GC_CONCURRENT freed 472K, 28% free 10300K/14164K, paused 3ms+6ms, total 43ms
D/dalvikvm(27453): GC_CONCURRENT freed 468K, 28% free 10286K/14164K, paused 2ms+6ms, total 22ms
D/dalvikvm(27453): GC_CONCURRENT freed 512K, 28% free 10281K/14164K, paused 3ms+2ms, total 31ms
D/dalvikvm(27453): WAIT_FOR_CONCURRENT_GC blocked 8ms
D/dalvikvm(27453): GC_CONCURRENT freed 987K, 28% free 10311K/14164K, paused 2ms+1ms, total 18ms
D/dalvikvm(27453): WAIT_FOR_CONCURRENT_GC blocked 6ms
D/dalvikvm( 2411): GC_CONCURRENT freed 2016K, 12% free 54315K/61648K, paused 5ms+14ms, total 220ms
D/dalvikvm( 2411): WAIT_FOR_CONCURRENT_GC blocked 176ms
D/dalvikvm( 2411): WAIT_FOR_CONCURRENT_GC blocked 177ms
D/dalvikvm( 2411): WAIT_FOR_CONCURRENT_GC blocked 46ms
D/dalvikvm( 2411): WAIT_FOR_CONCURRENT_GC blocked 143ms
D/dalvikvm( 2411): WAIT_FOR_CONCURRENT_GC blocked 177ms
D/dalvikvm(27453): GC_CONCURRENT freed 1518K, 28% free 10325K/14164K, paused 13ms+7ms, total 94ms
D/dalvikvm(27453): WAIT_FOR_CONCURRENT_GC blocked 44ms
D/dalvikvm(27453): GC_CONCURRENT freed 543K, 28% free 10288K/14164K, paused 3ms+1ms, total 67ms
D/dalvikvm(27453): WAIT_FOR_CONCURRENT_GC blocked 34ms
D/dalvikvm(27453): GC_CONCURRENT freed 506K, 28% free 10288K/14164K, paused 2ms+2ms, total 31ms
D/dalvikvm(27453): WAIT_FOR_CONCURRENT_GC blocked 4ms
D/dalvikvm(27453): GC_CONCURRENT freed 1004K, 28% free 10294K/14164K, paused 2ms+14ms, total 45ms
D/dalvikvm(27453): WAIT_FOR_CONCURRENT_GC blocked 23ms
D/dalvikvm(19511): GC_CONCURRENT freed 393K, 31% free 10522K/15232K, paused 1ms+2ms, total 87ms
D/dalvikvm(11776): GC_CONCURRENT freed 769K, 23% free 10057K/13024K, paused 3ms+1ms, total 62ms
D/dalvikvm( 7029): GC_EXPLICIT freed 2741K, 41% free 20025K/33408K, paused 3ms+12ms, total 82ms
D/dalvikvm( 7029): GC_EXPLICIT freed 296K, 41% free 19731K/33408K, paused 10ms+9ms, total 85ms
D/dalvikvm( 3582): GC_CONCURRENT freed 1386K, 38% free 14036K/22632K, paused 5ms+7ms, total 85ms
D/dalvikvm( 3582): WAIT_FOR_CONCURRENT_GC blocked 65ms
D/dalvikvm( 5249): GC_CONCURRENT freed 1192K, 30% free 11155K/15776K, paused 5ms+5ms, total 52ms
D/dalvikvm( 5249): WAIT_FOR_CONCURRENT_GC blocked 34ms
D/dalvikvm( 5249): GC_FOR_ALLOC freed 396K, 29% free 11203K/15776K, paused 21ms, total 22ms
D/dalvikvm( 2411): GC_CONCURRENT freed 1578K, 12% free 54660K/61648K, paused 13ms+26ms, total 317ms
D/dalvikvm(27453): GC_CONCURRENT freed 1453K, 27% free 10368K/14164K, paused 2ms+7ms, total 38ms
D/dalvikvm(27453): WAIT_FOR_CONCURRENT_GC blocked 11ms
D/dalvikvm(27453): GC_CONCURRENT freed 590K, 28% free 10283K/14164K, paused 3ms+1ms, total 100ms
D/dalvikvm(27453): WAIT_FOR_CONCURRENT_GC blocked 81ms
D/dalvikvm(27453): GC_CONCURRENT freed 509K, 28% free 10281K/14164K, paused 2ms+1ms, total 27ms
D/dalvikvm(27453): WAIT_FOR_CONCURRENT_GC blocked 8ms
D/dalvikvm(30025): GC_EXPLICIT freed 693K, 28% free 10387K/14384K, paused 2ms+4ms, total 35ms
D/dalvikvm(27453): GC_CONCURRENT freed 988K, 28% free 10311K/14164K, paused 3ms+1ms, total 74ms
D/dalvikvm(27453): WAIT_FOR_CONCURRENT_GC blocked 11ms
D/dalvikvm(27453): GC_CONCURRENT freed 1518K, 28% free 10326K/14164K, paused 14ms+9ms, total 142ms
D/dalvikvm(27453): WAIT_FOR_CONCURRENT_GC blocked 54ms
D/dalvikvm(27453): GC_CONCURRENT freed 541K, 28% free 10289K/14164K, paused 3ms+3ms, total 53ms
D/dalvikvm(27453): WAIT_FOR_CONCURRENT_GC blocked 10ms
D/dalvikvm(27453): GC_CONCURRENT freed 507K, 28% free 10289K/14164K, paused 3ms+2ms, total 28ms
D/dalvikvm(27453): WAIT_FOR_CONCURRENT_GC blocked 8ms
D/dalvikvm(27453): GC_CONCURRENT freed 1003K, 28% free 10295K/14164K, paused 3ms+1ms, total 27ms
D/dalvikvm(27453): WAIT_FOR_CONCURRENT_GC blocked 8ms
D/dalvikvm( 5249): GC_CONCURRENT freed 612K, 30% free 11103K/15776K, paused 3ms+2ms, total 52ms
D/dalvikvm( 5249): WAIT_FOR_CONCURRENT_GC blocked 33ms
D/dalvikvm( 5249): WAIT_FOR_CONCURRENT_GC blocked 34ms
D/dalvikvm( 5249): GC_CONCURRENT freed 594K, 31% free 11021K/15776K, paused 15ms+5ms, total 112ms
D/dalvikvm( 5249): WAIT_FOR_CONCURRENT_GC blocked 30ms
D/dalvikvm( 5249): GC_CONCURRENT freed 352K, 30% free 11180K/15776K, paused 3ms+3ms, total 31ms
D/dalvikvm( 5249): WAIT_FOR_CONCURRENT_GC blocked 22ms
D/dalvikvm(26746): GC_CONCURRENT freed 393K, 36% free 10461K/16244K, paused 4ms+11ms, total 127ms
D/dalvikvm( 5249): GC_CONCURRENT freed 579K, 30% free 11112K/15776K, paused 24ms+4ms, total 135ms
D/dalvikvm( 5249): WAIT_FOR_CONCURRENT_GC blocked 58ms
D/dalvikvm( 2411): GC_CONCURRENT freed 2449K, 13% free 54141K/61648K, paused 21ms+16ms, total 307ms
D/dalvikvm( 3582): GC_CONCURRENT freed 1402K, 39% free 14029K/22632K, paused 10ms+4ms, total 52ms
D/dalvikvm( 3582): WAIT_FOR_CONCURRENT_GC blocked 43ms
D/dalvikvm( 3582): WAIT_FOR_CONCURRENT_GC blocked 45ms
D/dalvikvm( 9753): GC_CONCURRENT freed 366K, 22% free 10203K/13028K, paused 1ms+42ms, total 487ms
D/dalvikvm( 7029): GC_EXPLICIT freed 1275K, 41% free 19800K/33408K, paused 3ms+10ms, total 337ms
D/dalvikvm( 5249): GC_CONCURRENT freed 510K, 30% free 11114K/15776K, paused 3ms+6ms, total 39ms
D/dalvikvm( 5249): WAIT_FOR_CONCURRENT_GC blocked 27ms
D/dalvikvm( 2411): GC_CONCURRENT freed 1840K, 12% free 54336K/61648K, paused 6ms+23ms, total 270ms
D/dalvikvm( 5249): GC_CONCURRENT freed 618K, 31% free 11007K/15776K, paused 30ms+3ms, total 84ms
D/dalvikvm( 5249): WAIT_FOR_CONCURRENT_GC blocked 37ms
D/dalvikvm( 5249): WAIT_FOR_CONCURRENT_GC blocked 13ms
D/dalvikvm( 5249): WAIT_FOR_CONCURRENT_GC blocked 13ms
D/dalvikvm( 5249): WAIT_FOR_CONCURRENT_GC blocked 14ms
D/dalvikvm(27453): GC_CONCURRENT freed 1501K, 28% free 10321K/14164K, paused 3ms+3ms, total 41ms
D/dalvikvm(27453): WAIT_FOR_CONCURRENT_GC blocked 21ms
D/dalvikvm(27453): GC_CONCURRENT freed 539K, 28% free 10286K/14164K, paused 3ms+1ms, total 17ms
D/dalvikvm(27453): WAIT_FOR_CONCURRENT_GC blocked 5ms
D/dalvikvm(27453): GC_CONCURRENT freed 506K, 28% free 10286K/14164K, paused 1ms+1ms, total 17ms
D/dalvikvm(27453): WAIT_FOR_CONCURRENT_GC blocked 6ms
D/dalvikvm(27453): GC_CONCURRENT freed 1005K, 28% free 10292K/14164K, paused 1ms+1ms, total 16ms
D/dalvikvm(27453): WAIT_FOR_CONCURRENT_GC blocked 8ms
D/dalvikvm(27453): GC_CONCURRENT freed 1527K, 28% free 10299K/14164K, paused 4ms+2ms, total 18ms
D/dalvikvm(27453): WAIT_FOR_CONCURRENT_GC blocked 4ms
D/dalvikvm(27453): GC_CONCURRENT freed 516K, 28% free 10286K/14164K, paused 2ms+1ms, total 17ms
D/dalvikvm(27453): WAIT_FOR_CONCURRENT_GC blocked 7ms
D/dalvikvm(27453): GC_CONCURRENT freed 506K, 28% free 10286K/14164K, paused 1ms+2ms, total 16ms
D/dalvikvm(27453): WAIT_FOR_CONCURRENT_GC blocked 7ms
D/dalvikvm(27453): GC_CONCURRENT freed 1005K, 28% free 10292K/14164K, paused 1ms+1ms, total 16ms
D/dalvikvm(27453): WAIT_FOR_CONCURRENT_GC blocked 8ms
D/dalvikvm(27453): GC_CONCURRENT freed 1453K, 28% free 10299K/14164K, paused 1ms+3ms, total 20ms
D/dalvikvm( 7029): GC_CONCURRENT freed 1464K, 40% free 20305K/33408K, paused 6ms+13ms, total 84ms
D/dalvikvm(10625): GC_EXPLICIT freed 356K, 26% free 17254K/23076K, paused 12ms+5ms, total 83ms
D/dalvikvm(27453): GC_CONCURRENT freed 515K, 28% free 10284K/14164K, paused 1ms+2ms, total 19ms
D/dalvikvm(27453): WAIT_FOR_CONCURRENT_GC blocked 7ms
D/dalvikvm(27453): GC_CONCURRENT freed 503K, 28% free 10287K/14164K, paused 3ms+1ms, total 16ms
D/dalvikvm(27453): WAIT_FOR_CONCURRENT_GC blocked 5ms
D/dalvikvm(27453): GC_CONCURRENT freed 505K, 28% free 10287K/14164K, paused 1ms+1ms, total 14ms
D/dalvikvm(27453): WAIT_FOR_CONCURRENT_GC blocked 6ms
D/dalvikvm(27453): GC_CONCURRENT freed 1014K, 28% free 10285K/14164K, paused 1ms+2ms, total 14ms
D/dalvikvm(27453): WAIT_FOR_CONCURRENT_GC blocked 7ms
D/dalvikvm( 2411): GC_CONCURRENT freed 2223K, 13% free 54160K/61648K, paused 6ms+16ms, total 218ms
D/dalvikvm( 2411): WAIT_FOR_CONCURRENT_GC blocked 194ms
D/dalvikvm( 2411): WAIT_FOR_CONCURRENT_GC blocked 195ms
D/dalvikvm( 2411): WAIT_FOR_CONCURRENT_GC blocked 196ms
D/dalvikvm( 5249): GC_CONCURRENT freed 422K, 30% free 11097K/15776K, paused 3ms+3ms, total 22ms
D/dalvikvm( 5249): WAIT_FOR_CONCURRENT_GC blocked 10ms
D/dalvikvm( 5249): GC_CONCURRENT freed 456K, 30% free 11152K/15776K, paused 2ms+2ms, total 21ms
D/dalvikvm( 5249): WAIT_FOR_CONCURRENT_GC blocked 18ms
D/dalvikvm( 5249): GC_CONCURRENT freed 327K, 29% free 11254K/15776K, paused 3ms+2ms, total 23ms
D/dalvikvm(27453): GC_CONCURRENT freed 1493K, 28% free 10323K/14164K, paused 3ms+2ms, total 24ms
D/dalvikvm(27453): WAIT_FOR_CONCURRENT_GC blocked 8ms
D/dalvikvm(27453): GC_CONCURRENT freed 542K, 28% free 10287K/14164K, paused 3ms+2ms, total 22ms
D/dalvikvm(27453): WAIT_FOR_CONCURRENT_GC blocked 8ms
D/dalvikvm(27453): GC_CONCURRENT freed 505K, 28% free 10286K/14164K, paused 8ms+2ms, total 32ms
D/dalvikvm(27453): WAIT_FOR_CONCURRENT_GC blocked 12ms
D/dalvikvm(27453): GC_CONCURRENT freed 1013K, 28% free 10284K/14164K, paused 2ms+2ms, total 16ms
D/dalvikvm(27453): WAIT_FOR_CONCURRENT_GC blocked 7ms
D/dalvikvm( 5249): GC_CONCURRENT freed 1123K, 29% free 11206K/15776K, paused 3ms+2ms, total 27ms
D/dalvikvm( 5249): WAIT_FOR_CONCURRENT_GC blocked 24ms
D/dalvikvm(10625): GC_EXPLICIT freed 391K, 24% free 17576K/23076K, paused 2ms+9ms, total 63ms
D/dalvikvm( 2411): GC_CONCURRENT freed 1814K, 12% free 54352K/61648K, paused 8ms+19ms, total 211ms
D/dalvikvm( 2411): WAIT_FOR_CONCURRENT_GC blocked 200ms
D/dalvikvm( 4343): GC_CONCURRENT freed 408K, 23% free 10265K/13176K, paused 2ms+2ms, total 22ms
D/dalvikvm( 2833): GC_CONCURRENT freed 1979K, 33% free 31095K/46012K, paused 3ms+10ms, total 62ms
D/dalvikvm(27453): GC_CONCURRENT freed 1498K, 28% free 10322K/14164K, paused 3ms+3ms, total 37ms
D/dalvikvm(27453): WAIT_FOR_CONCURRENT_GC blocked 20ms
D/dalvikvm(27453): GC_CONCURRENT freed 544K, 28% free 10285K/14164K, paused 1ms+1ms, total 15ms
D/dalvikvm(27453): WAIT_FOR_CONCURRENT_GC blocked 7ms
D/dalvikvm(27453): GC_CONCURRENT freed 503K, 28% free 10285K/14164K, paused 1ms+2ms, total 16ms
D/dalvikvm(27453): WAIT_FOR_CONCURRENT_GC blocked 7ms
D/dalvikvm(27453): GC_CONCURRENT freed 1013K, 28% free 10282K/14164K, paused 1ms+2ms, total 17ms
D/dalvikvm(27453): WAIT_FOR_CONCURRENT_GC blocked 9ms
D/dalvikvm(27453): GC_CONCURRENT freed 1492K, 28% free 10322K/14164K, paused 2ms+2ms, total 18ms
D/dalvikvm(27453): WAIT_FOR_CONCURRENT_GC blocked 6ms
D/dalvikvm(27453): GC_CONCURRENT freed 543K, 28% free 10285K/14164K, paused 2ms+1ms, total 20ms
D/dalvikvm(27453): WAIT_FOR_CONCURRENT_GC blocked 9ms
D/dalvikvm(27453): GC_CONCURRENT freed 503K, 28% free 10285K/14164K, paused 1ms+2ms, total 30ms
D/dalvikvm(27453): WAIT_FOR_CONCURRENT_GC blocked 19ms
D/dalvikvm(27453): GC_CONCURRENT freed 988K, 28% free 10273K/14164K, paused 2ms+2ms, total 24ms
D/dalvikvm( 2411): GC_CONCURRENT freed 1982K, 12% free 54417K/61648K, paused 4ms+20ms, total 207ms
D/dalvikvm( 2411): WAIT_FOR_CONCURRENT_GC blocked 174ms
D/dalvikvm( 2411): WAIT_FOR_CONCURRENT_GC blocked 192ms
D/dalvikvm( 2411): WAIT_FOR_CONCURRENT_GC blocked 176ms
D/dalvikvm( 3582): GC_CONCURRENT freed 1355K, 38% free 14059K/22632K, paused 5ms+4ms, total 107ms
D/dalvikvm( 3582): WAIT_FOR_CONCURRENT_GC blocked 73ms
D/dalvikvm(28621): GC_CONCURRENT freed 424K, 22% free 10208K/13012K, paused 1ms+11ms, total 40ms
D/dalvikvm( 5249): GC_CONCURRENT freed 615K, 30% free 11103K/15776K, paused 3ms+2ms, total 59ms
D/dalvikvm( 5249): WAIT_FOR_CONCURRENT_GC blocked 38ms
D/dalvikvm( 7029): GC_EXPLICIT freed 1532K, 41% free 19960K/33408K, paused 66ms+11ms, total 276ms
D/dalvikvm( 7029): GC_EXPLICIT freed 214K, 41% free 19745K/33408K, paused 9ms+8ms, total 75ms
D/dalvikvm( 5249): GC_CONCURRENT freed 517K, 30% free 11097K/15776K, paused 4ms+3ms, total 44ms
D/dalvikvm( 5249): WAIT_FOR_CONCURRENT_GC blocked 27ms
D/dalvikvm( 5249): WAIT_FOR_CONCURRENT_GC blocked 33ms
D/dalvikvm( 5249): GC_CONCURRENT freed 375K, 30% free 11183K/15776K, paused 4ms+3ms, total 36ms
D/dalvikvm( 5249): WAIT_FOR_CONCURRENT_GC blocked 25ms
D/dalvikvm( 5249): GC_CONCURRENT freed 630K, 31% free 10977K/15776K, paused 4ms+2ms, total 30ms
D/dalvikvm(27453): GC_CONCURRENT freed 1510K, 28% free 10299K/14164K, paused 8ms+4ms, total 67ms
D/dalvikvm(27453): WAIT_FOR_CONCURRENT_GC blocked 19ms
D/dalvikvm(27453): GC_CONCURRENT freed 525K, 28% free 10278K/14164K, paused 3ms+2ms, total 39ms
D/dalvikvm(27453): WAIT_FOR_CONCURRENT_GC blocked 14ms
D/dalvikvm(27453): GC_CONCURRENT freed 507K, 28% free 10278K/14164K, paused 3ms+2ms, total 38ms
D/dalvikvm(27453): WAIT_FOR_CONCURRENT_GC blocked 5ms
D/dalvikvm(27453): GC_CONCURRENT freed 936K, 27% free 10359K/14164K, paused 4ms+7ms, total 30ms
D/dalvikvm(27453): WAIT_FOR_CONCURRENT_GC blocked 1ms
D/dalvikvm( 2411): GC_CONCURRENT freed 1925K, 12% free 54440K/61648K, paused 10ms+22ms, total 396ms
D/dalvikvm( 3582): GC_CONCURRENT freed 1419K, 38% free 14042K/22632K, paused 12ms+5ms, total 94ms
D/dalvikvm( 3582): WAIT_FOR_CONCURRENT_GC blocked 56ms
D/dalvikvm(30163): GC_CONCURRENT freed 378K, 23% free 11453K/14856K, paused 3ms+2ms, total 406ms
D/dalvikvm( 7724): GC_CONCURRENT freed 345K, 27% free 11401K/15612K, paused 2ms+10ms, total 265ms
D/dalvikvm(27453): GC_CONCURRENT freed 1567K, 28% free 10323K/14164K, paused 33ms+34ms, total 720ms
D/dalvikvm(27453): WAIT_FOR_CONCURRENT_GC blocked 412ms
D/dalvikvm(27453): GC_CONCURRENT freed 543K, 28% free 10284K/14164K, paused 1ms+1ms, total 33ms
D/dalvikvm(27453): WAIT_FOR_CONCURRENT_GC blocked 23ms
D/dalvikvm(27453): GC_CONCURRENT freed 507K, 28% free 10284K/14164K, paused 2ms+1ms, total 28ms
D/dalvikvm(27453): WAIT_FOR_CONCURRENT_GC blocked 8ms
D/dalvikvm(27453): GC_CONCURRENT freed 1003K, 28% free 10290K/14164K, paused 2ms+1ms, total 23ms
D/dalvikvm(27453): WAIT_FOR_CONCURRENT_GC blocked 8ms
D/dalvikvm( 2411): GC_CONCURRENT freed 2144K, 12% free 54343K/61648K, paused 13ms+21ms, total 266ms
D/dalvikvm( 2411): WAIT_FOR_CONCURRENT_GC blocked 54ms
D/dalvikvm( 2411): WAIT_FOR_CONCURRENT_GC blocked 42ms
D/dalvikvm( 5249): GC_CONCURRENT freed 757K, 29% free 11243K/15776K, paused 3ms+10ms, total 48ms
D/dalvikvm( 5249): WAIT_FOR_CONCURRENT_GC blocked 39ms
D/dalvikvm( 5249): GC_CONCURRENT freed 665K, 31% free 10974K/15776K, paused 7ms+9ms, total 62ms
D/dalvikvm(30632): GC_CONCURRENT freed 443K, 22% free 10252K/13136K, paused 3ms+12ms, total 35ms
D/dalvikvm(27453): GC_CONCURRENT freed 1515K, 28% free 10298K/14164K, paused 4ms+3ms, total 46ms
D/dalvikvm(27453): WAIT_FOR_CONCURRENT_GC blocked 15ms
D/dalvikvm(27453): GC_CONCURRENT freed 522K, 28% free 10279K/14164K, paused 3ms+2ms, total 20ms
D/dalvikvm(27453): WAIT_FOR_CONCURRENT_GC blocked 8ms
D/dalvikvm(27453): GC_CONCURRENT freed 508K, 28% free 10278K/14164K, paused 5ms+3ms, total 28ms
D/dalvikvm(27453): WAIT_FOR_CONCURRENT_GC blocked 12ms
D/dalvikvm(27453): GC_CONCURRENT freed 1014K, 28% free 10275K/14164K, paused 3ms+3ms, total 24ms
D/dalvikvm(27453): WAIT_FOR_CONCURRENT_GC blocked 13ms
D/dalvikvm(27453): GC_CONCURRENT freed 1490K, 28% free 10315K/14164K, paused 2ms+1ms, total 16ms
D/dalvikvm(27453): WAIT_FOR_CONCURRENT_GC blocked 7ms
D/dalvikvm(27453): GC_CONCURRENT freed 542K, 28% free 10278K/14164K, paused 1ms+1ms, total 15ms
D/dalvikvm(27453): WAIT_FOR_CONCURRENT_GC blocked 5ms
D/dalvikvm(27453): GC_CONCURRENT freed 481K, 28% free 10268K/14164K, paused 2ms+1ms, total 16ms
D/dalvikvm(27453): GC_CONCURRENT freed 988K, 28% free 10300K/14164K, paused 2ms+1ms, total 16ms
D/dalvikvm(27453): WAIT_FOR_CONCURRENT_GC blocked 4ms
D/dalvikvm( 2411): GC_CONCURRENT freed 1827K, 12% free 54564K/61648K, paused 5ms+15ms, total 220ms
D/dalvikvm( 2411): WAIT_FOR_CONCURRENT_GC blocked 183ms
D/dalvikvm( 2411): WAIT_FOR_CONCURRENT_GC blocked 206ms
D/dalvikvm( 2411): WAIT_FOR_CONCURRENT_GC blocked 119ms
D/dalvikvm( 2411): WAIT_FOR_CONCURRENT_GC blocked 142ms
D/dalvikvm( 2411): WAIT_FOR_CONCURRENT_GC blocked 186ms
D/dalvikvm( 3582): GC_CONCURRENT freed 1395K, 38% free 14043K/22632K, paused 6ms+3ms, total 176ms
D/dalvikvm( 3582): WAIT_FOR_CONCURRENT_GC blocked 140ms
D/dalvikvm( 3582): WAIT_FOR_CONCURRENT_GC blocked 123ms
D/dalvikvm( 3582): WAIT_FOR_CONCURRENT_GC blocked 99ms
D/dalvikvm(19511): GC_CONCURRENT freed 390K, 31% free 10522K/15232K, paused 2ms+2ms, total 35ms
D/dalvikvm(27453): GC_CONCURRENT freed 1519K, 28% free 10316K/14164K, paused 3ms+3ms, total 46ms
D/dalvikvm(27453): WAIT_FOR_CONCURRENT_GC blocked 8ms
D/dalvikvm(27453): GC_CONCURRENT freed 541K, 28% free 10278K/14164K, paused 3ms+1ms, total 31ms
D/dalvikvm(27453): WAIT_FOR_CONCURRENT_GC blocked 5ms
D/dalvikvm(27453): GC_CONCURRENT freed 507K, 28% free 10278K/14164K, paused 3ms+2ms, total 27ms
D/dalvikvm(27453): WAIT_FOR_CONCURRENT_GC blocked 4ms
D/dalvikvm(27453): GC_CONCURRENT freed 1013K, 28% free 10277K/14164K, paused 3ms+2ms, total 26ms
D/dalvikvm(27453): WAIT_FOR_CONCURRENT_GC blocked 6ms
D/dalvikvm( 2772): GC_CONCURRENT freed 408K, 26% free 10113K/13536K, paused 8ms+12ms, total 133ms
D/dalvikvm( 5249): GC_CONCURRENT freed 416K, 30% free 11069K/15776K, paused 12ms+7ms, total 130ms
D/dalvikvm( 5249): WAIT_FOR_CONCURRENT_GC blocked 3ms
D/dalvikvm( 5249): GC_CONCURRENT freed 330K, 29% free 11208K/15776K, paused 3ms+3ms, total 31ms
D/dalvikvm( 5249): WAIT_FOR_CONCURRENT_GC blocked 22ms
D/dalvikvm(27453): GC_CONCURRENT freed 1491K, 28% free 10315K/14164K, paused 4ms+3ms, total 45ms
D/dalvikvm(27453): WAIT_FOR_CONCURRENT_GC blocked 8ms
D/dalvikvm(27453): GC_CONCURRENT freed 542K, 28% free 10278K/14164K, paused 4ms+2ms, total 58ms
D/dalvikvm(27453): WAIT_FOR_CONCURRENT_GC blocked 3ms
D/dalvikvm(27453): GC_CONCURRENT freed 480K, 28% free 10269K/14164K, paused 3ms+1ms, total 27ms
D/dalvikvm(27453): GC_CONCURRENT freed 989K, 28% free 10300K/14164K, paused 2ms+1ms, total 28ms
D/dalvikvm(27453): WAIT_FOR_CONCURRENT_GC blocked 10ms
D/dalvikvm( 5249): GC_CONCURRENT freed 611K, 30% free 11108K/15776K, paused 14ms+4ms, total 90ms
D/dalvikvm( 5249): WAIT_FOR_CONCURRENT_GC blocked 34ms
D/dalvikvm( 5249): GC_CONCURRENT freed 483K, 30% free 11136K/15776K, paused 3ms+3ms, total 37ms
D/dalvikvm( 5249): WAIT_FOR_CONCURRENT_GC blocked 26ms
D/dalvikvm( 5249): GC_CONCURRENT freed 385K, 29% free 11202K/15776K, paused 4ms+3ms, total 31ms
D/dalvikvm( 5249): WAIT_FOR_CONCURRENT_GC blocked 21ms
D/dalvikvm( 7029): GC_EXPLICIT freed 1035K, 41% free 19761K/33408K, paused 18ms+17ms, total 245ms
D/dalvikvm( 3582): GC_CONCURRENT freed 1403K, 38% free 14034K/22632K, paused 14ms+9ms, total 124ms
D/dalvikvm( 3582): WAIT_FOR_CONCURRENT_GC blocked 94ms
D/dalvikvm( 2411): GC_CONCURRENT freed 1879K, 12% free 54654K/61648K, paused 16ms+24ms, total 421ms
D/dalvikvm(26746): GC_CONCURRENT freed 416K, 36% free 10454K/16244K, paused 6ms+3ms, total 160ms
D/dalvikvm( 5249): GC_CONCURRENT freed 1144K, 30% free 11091K/15776K, paused 17ms+7ms, total 83ms
D/dalvikvm( 5249): WAIT_FOR_CONCURRENT_GC blocked 35ms
D/dalvikvm( 5249): GC_CONCURRENT freed 469K, 30% free 11133K/15776K, paused 4ms+3ms, total 40ms
D/dalvikvm( 5249): WAIT_FOR_CONCURRENT_GC blocked 18ms
D/dalvikvm( 5249): GC_FOR_ALLOC freed 419K, 30% free 11197K/15776K, paused 24ms, total 24ms
D/dalvikvm( 5249): GC_CONCURRENT freed 1117K, 31% free 10990K/15776K, paused 6ms+5ms, total 81ms
D/dalvikvm( 2411): GC_CONCURRENT freed 2689K, 13% free 53927K/61648K, paused 32ms+27ms, total 489ms
D/dalvikvm( 5249): GC_CONCURRENT freed 430K, 30% free 11071K/15776K, paused 4ms+3ms, total 61ms
D/dalvikvm( 5249): WAIT_FOR_CONCURRENT_GC blocked 9ms
D/dalvikvm( 5249): GC_CONCURRENT freed 332K, 29% free 11208K/15776K, paused 4ms+3ms, total 27ms
D/dalvikvm( 5249): WAIT_FOR_CONCURRENT_GC blocked 18ms
D/dalvikvm( 5249): GC_CONCURRENT freed 610K, 30% free 11110K/15776K, paused 10ms+6ms, total 72ms
D/dalvikvm( 5249): WAIT_FOR_CONCURRENT_GC blocked 29ms
D/dalvikvm( 5249): GC_CONCURRENT freed 481K, 30% free 11135K/15776K, paused 4ms+3ms, total 33ms
D/dalvikvm( 5249): WAIT_FOR_CONCURRENT_GC blocked 23ms
D/dalvikvm( 5249): GC_FOR_ALLOC freed 372K, 29% free 11201K/15776K, paused 24ms, total 24ms
D/dalvikvm( 1956): GC_EXPLICIT freed 39K, 19% free 9923K/12156K, paused 3ms+5ms, total 58ms
D/dalvikvm( 1956): GC_EXPLICIT freed <1K, 19% free 9923K/12156K, paused 2ms+3ms, total 42ms
D/dalvikvm( 1956): GC_EXPLICIT freed <1K, 19% free 9923K/12156K, paused 2ms+2ms, total 26ms
D/dalvikvm( 5249): GC_CONCURRENT freed 1168K, 30% free 11066K/15776K, paused 5ms+5ms, total 115ms
D/dalvikvm( 5249): WAIT_FOR_CONCURRENT_GC blocked 5ms
D/dalvikvm( 5249): GC_CONCURRENT freed 339K, 29% free 11206K/15776K, paused 3ms+3ms, total 31ms
D/dalvikvm( 5249): WAIT_FOR_CONCURRENT_GC blocked 21ms
D/dalvikvm( 5249): GC_CONCURRENT freed 613K, 30% free 11104K/15776K, paused 5ms+6ms, total 70ms
D/dalvikvm( 5249): WAIT_FOR_CONCURRENT_GC blocked 29ms
D/dalvikvm(28621): GC_CONCURRENT freed 386K, 22% free 10206K/13012K, paused 13ms+3ms, total 44ms
D/dalvikvm( 5249): GC_CONCURRENT freed 504K, 30% free 11086K/15776K, paused 5ms+5ms, total 91ms
D/dalvikvm( 2411): GC_CONCURRENT freed 2071K, 13% free 53859K/61648K, paused 30ms+17ms, total 534ms
D/dalvikvm(26746): GC_CONCURRENT freed 401K, 36% free 10458K/16244K, paused 17ms+11ms, total 113ms
D/dalvikvm( 5249): GC_CONCURRENT freed 501K, 30% free 11097K/15776K, paused 27ms+15ms, total 133ms
D/dalvikvm( 5249): WAIT_FOR_CONCURRENT_GC blocked 59ms
D/dalvikvm( 5249): GC_CONCURRENT freed 469K, 30% free 11136K/15776K, paused 4ms+3ms, total 33ms
D/dalvikvm( 5249): WAIT_FOR_CONCURRENT_GC blocked 20ms
D/dalvikvm( 5249): GC_FOR_ALLOC freed 377K, 30% free 11197K/15776K, paused 24ms, total 24ms
D/dalvikvm( 2772): GC_CONCURRENT freed 401K, 26% free 10109K/13536K, paused 3ms+13ms, total 85ms
D/dalvikvm( 5249): GC_CONCURRENT freed 1115K, 30% free 11113K/15776K, paused 14ms+7ms, total 82ms
D/dalvikvm( 5249): WAIT_FOR_CONCURRENT_GC blocked 39ms
D/dalvikvm( 5249): GC_CONCURRENT freed 468K, 30% free 11140K/15776K, paused 5ms+4ms, total 39ms
D/dalvikvm( 5249): WAIT_FOR_CONCURRENT_GC blocked 32ms
D/dalvikvm( 5249): GC_CONCURRENT freed 321K, 29% free 11270K/15776K, paused 4ms+3ms, total 34ms
D/dalvikvm( 5249): WAIT_FOR_CONCURRENT_GC blocked 28ms
D/dalvikvm( 3459): GC_CONCURRENT freed 414K, 21% free 10681K/13428K, paused 12ms+3ms, total 240ms
D/dalvikvm( 2411): GC_CONCURRENT freed 1974K, 13% free 53933K/61648K, paused 24ms+17ms, total 356ms
D/dalvikvm( 2411): WAIT_FOR_CONCURRENT_GC blocked 305ms
D/dalvikvm( 5249): GC_CONCURRENT freed 1124K, 30% free 11178K/15776K, paused 3ms+2ms, total 27ms
D/dalvikvm( 5249): WAIT_FOR_CONCURRENT_GC blocked 20ms
D/dalvikvm( 5249): GC_CONCURRENT freed 583K, 30% free 11106K/15776K, paused 11ms+6ms, total 71ms
D/dalvikvm( 5249): WAIT_FOR_CONCURRENT_GC blocked 25ms
D/dalvikvm( 5249): GC_CONCURRENT freed 478K, 30% free 11139K/15776K, paused 5ms+3ms, total 43ms
D/dalvikvm( 5249): WAIT_FOR_CONCURRENT_GC blocked 35ms
D/dalvikvm( 5249): GC_FOR_ALLOC freed 423K, 30% free 11181K/15776K, paused 24ms, total 24ms
D/dalvikvm( 9753): GC_CONCURRENT freed 425K, 22% free 10167K/13028K, paused 96ms+12ms, total 199ms
D/dalvikvm(28621): GC_CONCURRENT freed 384K, 22% free 10207K/13012K, paused 7ms+4ms, total 74ms
D/dalvikvm( 5249): GC_CONCURRENT freed 1091K, 30% free 11114K/15776K, paused 5ms+5ms, total 70ms
D/dalvikvm( 5249): WAIT_FOR_CONCURRENT_GC blocked 34ms
D/dalvikvm( 5249): GC_CONCURRENT freed 433K, 30% free 11168K/15776K, paused 4ms+3ms, total 31ms
D/dalvikvm( 5249): WAIT_FOR_CONCURRENT_GC blocked 23ms
D/dalvikvm( 5249): GC_FOR_ALLOC freed 434K, 30% free 11186K/15776K, paused 23ms, total 23ms
D/dalvikvm(31316): GC_CONCURRENT freed 391K, 23% free 10090K/12996K, paused 14ms+8ms, total 93ms
D/dalvikvm(15760): GC_CONCURRENT freed 658K, 22% free 10178K/13028K, paused 4ms+8ms, total 41ms
D/dalvikvm( 2411): GC_CONCURRENT freed 2079K, 13% free 53882K/61648K, paused 29ms+20ms, total 455ms
D/dalvikvm( 2800): GC_EXPLICIT freed 408K, 35% free 38682K/58656K, paused 16ms+17ms, total 223ms
D/dalvikvm( 5249): GC_CONCURRENT freed 1089K, 30% free 11121K/15776K, paused 5ms+6ms, total 71ms
D/dalvikvm( 5249): WAIT_FOR_CONCURRENT_GC blocked 27ms
D/dalvikvm( 5249): GC_CONCURRENT freed 482K, 30% free 11150K/15776K, paused 3ms+3ms, total 31ms
D/dalvikvm( 5249): WAIT_FOR_CONCURRENT_GC blocked 23ms
D/dalvikvm( 5249): GC_CONCURRENT freed 660K, 31% free 10975K/15776K, paused 4ms+3ms, total 30ms
D/dalvikvm(26746): GC_CONCURRENT freed 407K, 36% free 10458K/16244K, paused 31ms+20ms, total 143ms
D/dalvikvm( 5249): GC_CONCURRENT freed 846K, 30% free 11152K/15776K, paused 6ms+4ms, total 48ms
D/dalvikvm( 5249): WAIT_FOR_CONCURRENT_GC blocked 19ms
D/dalvikvm( 5249): GC_CONCURRENT freed 409K, 29% free 11255K/15776K, paused 4ms+3ms, total 30ms
D/dalvikvm( 5249): WAIT_FOR_CONCURRENT_GC blocked 23ms
D/dalvikvm( 2634): GC_CONCURRENT freed 1781K, 50% free 14934K/29728K, paused 2ms+16ms, total 149ms
D/dalvikvm( 2411): GC_CONCURRENT freed 1944K, 13% free 53980K/61648K, paused 24ms+28ms, total 394ms
D/dalvikvm( 2411): WAIT_FOR_CONCURRENT_GC blocked 378ms
D/dalvikvm( 5249): GC_CONCURRENT freed 653K, 30% free 11088K/15776K, paused 5ms+5ms, total 96ms
D/dalvikvm( 5249): GC_CONCURRENT freed 514K, 30% free 11086K/15776K, paused 15ms+7ms, total 108ms
D/dalvikvm( 5249): WAIT_FOR_CONCURRENT_GC blocked 26ms
D/dalvikvm( 5249): GC_CONCURRENT freed 366K, 30% free 11169K/15776K, paused 5ms+3ms, total 37ms
D/dalvikvm( 5249): WAIT_FOR_CONCURRENT_GC blocked 26ms
D/dalvikvm( 5249): GC_CONCURRENT freed 572K, 30% free 11108K/15776K, paused 8ms+7ms, total 68ms
D/dalvikvm( 5249): WAIT_FOR_CONCURRENT_GC blocked 31ms
D/dalvikvm( 5249): GC_CONCURRENT freed 470K, 30% free 11149K/15776K, paused 4ms+3ms, total 42ms
D/dalvikvm( 5249): WAIT_FOR_CONCURRENT_GC blocked 23ms
D/dalvikvm( 5249): WAIT_FOR_CONCURRENT_GC blocked 23ms
D/dalvikvm( 5249): GC_CONCURRENT freed 438K, 29% free 11207K/15776K, paused 3ms+3ms, total 45ms
D/dalvikvm( 5249): WAIT_FOR_CONCURRENT_GC blocked 40ms
D/dalvikvm( 5249): GC_CONCURRENT freed 1027K, 30% free 11182K/15776K, paused 5ms+5ms, total 55ms
D/dalvikvm( 5249): WAIT_FOR_CONCURRENT_GC blocked 45ms
D/dalvikvm( 5249): GC_CONCURRENT freed 365K, 29% free 11270K/15776K, paused 5ms+3ms, total 40ms
D/dalvikvm( 5249): WAIT_FOR_CONCURRENT_GC blocked 34ms
D/dalvikvm( 2772): GC_CONCURRENT freed 404K, 26% free 10114K/13536K, paused 9ms+8ms, total 89ms
D/dalvikvm( 5249): GC_CONCURRENT freed 657K, 30% free 11124K/15776K, paused 5ms+7ms, total 102ms
D/dalvikvm( 5249): WAIT_FOR_CONCURRENT_GC blocked 27ms
D/dalvikvm( 5249): GC_CONCURRENT freed 467K, 30% free 11169K/15776K, paused 3ms+3ms, total 30ms
D/dalvikvm( 5249): WAIT_FOR_CONCURRENT_GC blocked 20ms
D/dalvikvm(28621): GC_CONCURRENT freed 368K, 22% free 10241K/13012K, paused 16ms+9ms, total 96ms
D/dalvikvm( 2411): GC_CONCURRENT freed 2029K, 13% free 53894K/61648K, paused 26ms+21ms, total 521ms
D/dalvikvm( 5249): GC_CONCURRENT freed 575K, 30% free 11105K/15776K, paused 14ms+6ms, total 75ms
D/dalvikvm( 5249): WAIT_FOR_CONCURRENT_GC blocked 31ms
D/dalvikvm( 5249): GC_CONCURRENT freed 520K, 30% free 11096K/15776K, paused 11ms+5ms, total 66ms
D/dalvikvm( 5249): WAIT_FOR_CONCURRENT_GC blocked 40ms
D/dalvikvm( 5249): WAIT_FOR_CONCURRENT_GC blocked 45ms
D/dalvikvm(25410): GC_CONCURRENT freed 388K, 21% free 10580K/13228K, paused 6ms+7ms, total 52ms
D/dalvikvm( 5249): GC_CONCURRENT freed 392K, 30% free 11178K/15776K, paused 4ms+3ms, total 31ms
D/dalvikvm( 5249): WAIT_FOR_CONCURRENT_GC blocked 20ms
D/dalvikvm( 5249): GC_CONCURRENT freed 627K, 31% free 10975K/15776K, paused 2ms+2ms, total 30ms
D/dalvikvm(26746): GC_CONCURRENT freed 406K, 36% free 10457K/16244K, paused 35ms+10ms, total 159ms
D/dalvikvm( 5249): GC_CONCURRENT freed 857K, 30% free 11142K/15776K, paused 5ms+3ms, total 51ms
D/dalvikvm( 5249): WAIT_FOR_CONCURRENT_GC blocked 24ms
D/dalvikvm( 5249): GC_FOR_ALLOC freed 439K, 30% free 11194K/15776K, paused 24ms, total 24ms
D/dalvikvm(16068): GC_CONCURRENT freed 703K, 23% free 10223K/13124K, paused 4ms+4ms, total 54ms
D/dalvikvm(16068): WAIT_FOR_CONCURRENT_GC blocked 5ms
D/dalvikvm(16068): GC_FOR_ALLOC freed 299K, 24% free 10282K/13380K, paused 16ms, total 20ms
D/dalvikvm(16068): GC_CONCURRENT freed 743K, 21% free 11074K/14008K, paused 3ms+1ms, total 27ms
D/dalvikvm(16068): WAIT_FOR_CONCURRENT_GC blocked 10ms
D/dalvikvm(16068): GC_CONCURRENT freed 1633K, 25% free 11503K/15332K, paused 2ms+2ms, total 24ms
D/dalvikvm(16068): WAIT_FOR_CONCURRENT_GC blocked 8ms
D/dalvikvm(16068): GC_CONCURRENT freed 629K, 26% free 11402K/15332K, paused 3ms+2ms, total 24ms
D/dalvikvm(16068): WAIT_FOR_CONCURRENT_GC blocked 4ms
D/dalvikvm(16068): GC_CONCURRENT freed 541K, 26% free 11369K/15332K, paused 3ms+1ms, total 23ms
D/dalvikvm(16068): WAIT_FOR_CONCURRENT_GC blocked 3ms
D/dalvikvm(16068): GC_CONCURRENT freed 1316K, 27% free 11220K/15332K, paused 2ms+2ms, total 26ms
D/dalvikvm(16068): WAIT_FOR_CONCURRENT_GC blocked 13ms
D/dalvikvm( 2411): GC_CONCURRENT freed 1958K, 13% free 53984K/61648K, paused 32ms+22ms, total 498ms
D/dalvikvm( 2411): WAIT_FOR_CONCURRENT_GC blocked 248ms
D/dalvikvm( 2411): WAIT_FOR_CONCURRENT_GC blocked 249ms
D/dalvikvm( 2411): WAIT_FOR_CONCURRENT_GC blocked 219ms
D/dalvikvm( 2411): WAIT_FOR_CONCURRENT_GC blocked 215ms
D/dalvikvm( 5249): GC_CONCURRENT freed 608K, 30% free 11097K/15776K, paused 9ms+3ms, total 37ms
D/dalvikvm( 5249): WAIT_FOR_CONCURRENT_GC blocked 19ms
D/dalvikvm( 5249): WAIT_FOR_CONCURRENT_GC blocked 20ms
D/dalvikvm( 5249): GC_CONCURRENT freed 497K, 30% free 11112K/15776K, paused 3ms+3ms, total 50ms
D/dalvikvm( 5249): WAIT_FOR_CONCURRENT_GC blocked 19ms
D/dalvikvm( 5249): WAIT_FOR_CONCURRENT_GC blocked 20ms
D/dalvikvm( 5249): WAIT_FOR_CONCURRENT_GC blocked 22ms
D/dalvikvm( 5249): GC_CONCURRENT freed 451K, 30% free 11172K/15776K, paused 4ms+2ms, total 30ms
D/dalvikvm( 5249): WAIT_FOR_CONCURRENT_GC blocked 19ms
D/dalvikvm( 5975): GC_EXPLICIT freed 291K, 22% free 10313K/13112K, paused 5ms+4ms, total 37ms
D/dalvikvm(16130): GC_CONCURRENT freed 743K, 23% free 10095K/13028K, paused 3ms+2ms, total 61ms
D/dalvikvm(16154): GC_CONCURRENT freed 771K, 23% free 10098K/13060K, paused 8ms+2ms, total 49ms
D/dalvikvm(16130): GC_CONCURRENT freed 261K, 22% free 10220K/13028K, paused 2ms+2ms, total 181ms
D/dalvikvm( 5249): GC_CONCURRENT freed 585K, 30% free 11099K/15776K, paused 7ms+6ms, total 72ms
D/dalvikvm( 5249): WAIT_FOR_CONCURRENT_GC blocked 22ms
D/dalvikvm( 5249): GC_CONCURRENT freed 468K, 30% free 11142K/15776K, paused 5ms+3ms, total 43ms
D/dalvikvm( 5249): WAIT_FOR_CONCURRENT_GC blocked 32ms
D/dalvikvm( 5249): GC_FOR_ALLOC freed 446K, 30% free 11181K/15776K, paused 24ms, total 24ms
D/dalvikvm( 5249): GC_CONCURRENT freed 1K, 29% free 11255K/15776K, paused 4ms+3ms, total 30ms
D/dalvikvm( 7029): GC_CONCURRENT freed 1903K, 41% free 19851K/33408K, paused 24ms+14ms, total 154ms
D/dalvikvm( 5249): GC_CONCURRENT freed 2333K, 29% free 11278K/15812K, paused 7ms+5ms, total 60ms
D/dalvikvm( 5249): WAIT_FOR_CONCURRENT_GC blocked 50ms
D/dalvikvm( 2411): GC_CONCURRENT freed 1984K, 13% free 53948K/61648K, paused 49ms+27ms, total 401ms
D/dalvikvm( 5249): GC_CONCURRENT freed 694K, 30% free 11096K/15812K, paused 3ms+3ms, total 32ms
D/dalvikvm( 5249): WAIT_FOR_CONCURRENT_GC blocked 13ms
D/dalvikvm( 5249): WAIT_FOR_CONCURRENT_GC blocked 15ms
D/dalvikvm( 5249): GC_CONCURRENT freed 539K, 31% free 10990K/15776K, paused 15ms+4ms, total 86ms
D/dalvikvm( 5766): GC_CONCURRENT freed 407K, 25% free 10273K/13544K, paused 4ms+2ms, total 30ms
D/dalvikvm(11776): GC_CONCURRENT freed 388K, 23% free 10053K/13016K, paused 9ms+16ms, total 91ms
D/dalvikvm( 5249): GC_CONCURRENT freed 398K, 30% free 11103K/15776K, paused 13ms+8ms, total 90ms
D/dalvikvm( 5249): WAIT_FOR_CONCURRENT_GC blocked 21ms
D/dalvikvm( 5249): GC_CONCURRENT freed 362K, 30% free 11165K/15776K, paused 5ms+3ms, total 40ms
D/dalvikvm( 5249): WAIT_FOR_CONCURRENT_GC blocked 29ms
D/dalvikvm( 5249): GC_CONCURRENT freed 570K, 30% free 11107K/15776K, paused 6ms+6ms, total 70ms
D/dalvikvm( 5249): WAIT_FOR_CONCURRENT_GC blocked 26ms
D/dalvikvm( 5249): GC_CONCURRENT freed 477K, 30% free 11141K/15776K, paused 3ms+2ms, total 31ms
D/dalvikvm( 5249): WAIT_FOR_CONCURRENT_GC blocked 24ms
D/dalvikvm( 5249): GC_CONCURRENT freed 342K, 29% free 11271K/15776K, paused 4ms+3ms, total 28ms
D/dalvikvm( 5249): WAIT_FOR_CONCURRENT_GC blocked 25ms
D/dalvikvm(16318): GC_CONCURRENT freed 791K, 23% free 10121K/13100K, paused 6ms+6ms, total 48ms
D/dalvikvm(16318): GC_CONCURRENT freed 680K, 22% free 10355K/13232K, paused 4ms+6ms, total 42ms
D/dalvikvm(26746): GC_CONCURRENT freed 396K, 36% free 10454K/16244K, paused 11ms+15ms, total 130ms
D/dalvikvm( 2411): GC_CONCURRENT freed 1959K, 13% free 53909K/61648K, paused 22ms+18ms, total 418ms
D/dalvikvm( 2772): GC_CONCURRENT freed 406K, 26% free 10112K/13536K, paused 4ms+3ms, total 86ms
D/dalvikvm( 5249): GC_CONCURRENT freed 1214K, 30% free 11145K/15776K, paused 5ms+3ms, total 48ms
D/dalvikvm( 5249): WAIT_FOR_CONCURRENT_GC blocked 29ms
D/dalvikvm( 5249): GC_CONCURRENT freed 388K, 30% free 11195K/15776K, paused 4ms+3ms, total 31ms
D/dalvikvm( 5249): WAIT_FOR_CONCURRENT_GC blocked 25ms
D/dalvikvm( 5249): GC_CONCURRENT freed 607K, 30% free 11099K/15776K, paused 5ms+5ms, total 60ms
D/dalvikvm( 5249): WAIT_FOR_CONCURRENT_GC blocked 27ms
D/dalvikvm( 5249): WAIT_FOR_CONCURRENT_GC blocked 30ms
D/dalvikvm( 5249): GC_CONCURRENT freed 443K, 30% free 11155K/15776K, paused 6ms+3ms, total 41ms
D/dalvikvm( 5249): WAIT_FOR_CONCURRENT_GC blocked 26ms
D/dalvikvm( 5249): GC_CONCURRENT freed 635K, 31% free 10980K/15776K, paused 4ms+3ms, total 43ms
D/dalvikvm( 5249): GC_CONCURRENT freed 802K, 29% free 11201K/15776K, paused 6ms+5ms, total 52ms
D/dalvikvm( 5249): WAIT_FOR_CONCURRENT_GC blocked 39ms
D/dalvikvm(28621): GC_CONCURRENT freed 403K, 22% free 10241K/13012K, paused 16ms+9ms, total 102ms
D/dalvikvm( 7177): GC_CONCURRENT freed 1926K, 26% free 16331K/21948K, paused 11ms+23ms, total 163ms
D/dalvikvm( 5249): GC_CONCURRENT freed 617K, 30% free 11096K/15776K, paused 5ms+5ms, total 59ms
D/dalvikvm( 5249): WAIT_FOR_CONCURRENT_GC blocked 31ms
D/dalvikvm( 5249): WAIT_FOR_CONCURRENT_GC blocked 33ms
D/dalvikvm( 5249): GC_CONCURRENT freed 437K, 30% free 11153K/15776K, paused 6ms+3ms, total 35ms
D/dalvikvm( 5249): WAIT_FOR_CONCURRENT_GC blocked 25ms
D/dalvikvm( 5249): GC_CONCURRENT freed 600K, 31% free 10977K/15776K, paused 3ms+3ms, total 29ms
D/dalvikvm( 2411): GC_CONCURRENT freed 1905K, 13% free 53930K/61648K, paused 38ms+23ms, total 411ms
D/dalvikvm( 5249): GC_CONCURRENT freed 873K, 30% free 11128K/15776K, paused 15ms+9ms, total 90ms
D/dalvikvm( 5249): WAIT_FOR_CONCURRENT_GC blocked 43ms
D/dalvikvm( 5249): GC_CONCURRENT freed 502K, 30% free 11137K/15776K, paused 7ms+7ms, total 89ms
D/dalvikvm( 5249): WAIT_FOR_CONCURRENT_GC blocked 71ms
D/dalvikvm( 5249): GC_FOR_ALLOC freed 381K, 29% free 11201K/15776K, paused 41ms, total 44ms
D/dalvikvm( 6864): GC_CONCURRENT freed 459K, 22% free 10269K/13100K, paused 3ms+2ms, total 48ms
D/dalvikvm(30869): GC_CONCURRENT freed 425K, 23% free 10015K/12944K, paused 2ms+21ms, total 69ms
D/dalvikvm( 5249): GC_CONCURRENT freed 1013K, 30% free 11184K/15776K, paused 5ms+5ms, total 52ms
D/dalvikvm( 5249): WAIT_FOR_CONCURRENT_GC blocked 44ms
D/dalvikvm( 5249): GC_CONCURRENT freed 355K, 29% free 11254K/15776K, paused 7ms+2ms, total 37ms
D/dalvikvm( 5249): GC_CONCURRENT freed 700K, 30% free 11065K/15776K, paused 5ms+6ms, total 118ms
D/dalvikvm( 5249): WAIT_FOR_CONCURRENT_GC blocked 15ms
D/dalvikvm( 5249): GC_CONCURRENT freed 337K, 29% free 11210K/15776K, paused 3ms+3ms, total 30ms
D/dalvikvm( 5249): WAIT_FOR_CONCURRENT_GC blocked 21ms
D/dalvikvm(26746): GC_CONCURRENT freed 409K, 36% free 10463K/16244K, paused 5ms+13ms, total 123ms
D/dalvikvm( 5249): GC_CONCURRENT freed 611K, 30% free 11109K/15776K, paused 13ms+16ms, total 113ms
D/dalvikvm( 5249): WAIT_FOR_CONCURRENT_GC blocked 58ms
D/dalvikvm( 5249): GC_CONCURRENT freed 480K, 30% free 11141K/15776K, paused 4ms+3ms, total 31ms
D/dalvikvm( 5249): WAIT_FOR_CONCURRENT_GC blocked 25ms
D/dalvikvm( 5249): GC_CONCURRENT freed 339K, 29% free 11272K/15776K, paused 4ms+3ms, total 29ms
D/dalvikvm( 5249): WAIT_FOR_CONCURRENT_GC blocked 25ms
D/dalvikvm( 2411): GC_CONCURRENT freed 1918K, 13% free 53949K/61648K, paused 49ms+26ms, total 431ms
D/dalvikvm( 9753): GC_CONCURRENT freed 338K, 22% free 10215K/13028K, paused 3ms+2ms, total 20ms
D/dalvikvm( 5249): GC_CONCURRENT freed 1116K, 30% free 11174K/15776K, paused 5ms+5ms, total 54ms
D/dalvikvm( 5249): WAIT_FOR_CONCURRENT_GC blocked 43ms
D/dalvikvm( 5249): GC_CONCURRENT freed 589K, 30% free 11097K/15776K, paused 11ms+7ms, total 75ms
D/dalvikvm( 5249): WAIT_FOR_CONCURRENT_GC blocked 30ms
D/dalvikvm( 5249): GC_CONCURRENT freed 470K, 30% free 11138K/15776K, paused 5ms+3ms, total 46ms
D/dalvikvm( 5249): WAIT_FOR_CONCURRENT_GC blocked 37ms
D/dalvikvm( 5249): GC_FOR_ALLOC freed 432K, 30% free 11179K/15776K, paused 25ms, total 25ms
D/dalvikvm( 2772): GC_CONCURRENT freed 396K, 26% free 10113K/13536K, paused 6ms+9ms, total 105ms
D/dalvikvm( 5249): GC_CONCURRENT freed 1091K, 30% free 11111K/15776K, paused 17ms+7ms, total 113ms
D/dalvikvm( 5249): WAIT_FOR_CONCURRENT_GC blocked 51ms
D/dalvikvm( 2411): GC_CONCURRENT freed 2024K, 13% free 53933K/61648K, paused 40ms+26ms, total 458ms
D/dalvikvm( 5249): GC_CONCURRENT freed 509K, 30% free 11113K/15776K, paused 3ms+3ms, total 36ms
D/dalvikvm( 5249): WAIT_FOR_CONCURRENT_GC blocked 15ms
D/dalvikvm( 5249): GC_CONCURRENT freed 472K, 30% free 11146K/15776K, paused 3ms+3ms, total 28ms
D/dalvikvm( 5249): WAIT_FOR_CONCURRENT_GC blocked 16ms
D/dalvikvm( 5249): GC_FOR_ALLOC freed 412K, 30% free 11186K/15776K, paused 22ms, total 22ms
D/dalvikvm( 5249): GC_CONCURRENT freed 1061K, 30% free 11133K/15776K, paused 5ms+3ms, total 55ms
D/dalvikvm( 5249): WAIT_FOR_CONCURRENT_GC blocked 25ms
D/dalvikvm( 5249): GC_CONCURRENT freed 426K, 30% free 11189K/15776K, paused 3ms+3ms, total 28ms
D/dalvikvm( 5249): WAIT_FOR_CONCURRENT_GC blocked 23ms
D/dalvikvm( 5249): GC_CONCURRENT freed 608K, 30% free 11093K/15776K, paused 5ms+5ms, total 63ms
D/dalvikvm( 5249): WAIT_FOR_CONCURRENT_GC blocked 35ms
D/dalvikvm( 5249): WAIT_FOR_CONCURRENT_GC blocked 39ms
D/dalvikvm( 5249): GC_CONCURRENT freed 535K, 30% free 11070K/15776K, paused 5ms+6ms, total 109ms
D/dalvikvm( 5249): WAIT_FOR_CONCURRENT_GC blocked 14ms
D/dalvikvm( 5249): GC_CONCURRENT freed 338K, 29% free 11208K/15776K, paused 8ms+3ms, total 33ms
D/dalvikvm( 5249): WAIT_FOR_CONCURRENT_GC blocked 25ms
D/dalvikvm(28621): GC_CONCURRENT freed 409K, 22% free 10241K/13012K, paused 13ms+9ms, total 100ms
D/dalvikvm( 2411): GC_CONCURRENT freed 1948K, 13% free 53917K/61648K, paused 28ms+27ms, total 420ms
D/dalvikvm( 5249): GC_CONCURRENT freed 614K, 30% free 11105K/15776K, paused 3ms+3ms, total 37ms
D/dalvikvm( 5249): WAIT_FOR_CONCURRENT_GC blocked 9ms
D/dalvikvm(26746): GC_CONCURRENT freed 424K, 36% free 10462K/16244K, paused 209ms+2ms, total 266ms
D/dalvikvm( 5249): GC_CONCURRENT freed 477K, 30% free 11140K/15776K, paused 3ms+5ms, total 30ms
D/dalvikvm( 5249): WAIT_FOR_CONCURRENT_GC blocked 22ms
D/dalvikvm( 5249): GC_FOR_ALLOC freed 429K, 30% free 11187K/15776K, paused 21ms, total 21ms
D/dalvikvm( 5249): GC_CONCURRENT freed 1068K, 30% free 11143K/15776K, paused 5ms+6ms, total 105ms
D/dalvikvm( 5249): WAIT_FOR_CONCURRENT_GC blocked 36ms
D/dalvikvm( 5249): GC_CONCURRENT freed 484K, 30% free 11170K/15776K, paused 6ms+3ms, total 44ms
D/dalvikvm( 5249): WAIT_FOR_CONCURRENT_GC blocked 34ms
D/dalvikvm( 5249): GC_CONCURRENT freed 575K, 30% free 11107K/15776K, paused 6ms+6ms, total 68ms
D/dalvikvm( 5249): WAIT_FOR_CONCURRENT_GC blocked 20ms
D/dalvikvm( 5249): GC_CONCURRENT freed 519K, 30% free 11099K/15776K, paused 5ms+5ms, total 62ms
D/dalvikvm( 5249): WAIT_FOR_CONCURRENT_GC blocked 43ms
D/dalvikvm( 5249): GC_CONCURRENT freed 409K, 29% free 11201K/15776K, paused 4ms+3ms, total 32ms
D/dalvikvm( 5249): WAIT_FOR_CONCURRENT_GC blocked 21ms
D/dalvikvm( 5249): GC_CONCURRENT freed 668K, 31% free 10978K/15776K, paused 4ms+3ms, total 30ms
D/dalvikvm( 2411): GC_CONCURRENT freed 2005K, 13% free 53960K/61648K, paused 31ms+19ms, total 531ms
D/dalvikvm( 2411): WAIT_FOR_CONCURRENT_GC blocked 92ms
D/dalvikvm( 5249): GC_CONCURRENT freed 751K, 29% free 11222K/15776K, paused 4ms+3ms, total 29ms
D/dalvikvm( 5249): WAIT_FOR_CONCURRENT_GC blocked 22ms
D/dalvikvm( 5249): GC_CONCURRENT freed 622K, 30% free 11112K/15776K, paused 16ms+7ms, total 65ms
D/dalvikvm( 5249): WAIT_FOR_CONCURRENT_GC blocked 25ms
D/dalvikvm( 5249): GC_CONCURRENT freed 511K, 30% free 11112K/15776K, paused 5ms+5ms, total 64ms
D/dalvikvm( 5249): WAIT_FOR_CONCURRENT_GC blocked 37ms
D/dalvikvm( 5249): GC_CONCURRENT freed 424K, 30% free 11199K/15776K, paused 5ms+3ms, total 46ms
D/dalvikvm( 5249): WAIT_FOR_CONCURRENT_GC blocked 36ms
D/dalvikvm( 5249): GC_CONCURRENT freed 678K, 31% free 10977K/15776K, paused 2ms+3ms, total 29ms
D/dalvikvm( 2772): GC_CONCURRENT freed 404K, 26% free 10113K/13536K, paused 83ms+4ms, total 169ms
D/dalvikvm(26746): GC_CONCURRENT freed 394K, 36% free 10458K/16244K, paused 8ms+19ms, total 117ms
D/dalvikvm( 5249): GC_CONCURRENT freed 873K, 30% free 11128K/15776K, paused 11ms+4ms, total 52ms
D/dalvikvm( 5249): WAIT_FOR_CONCURRENT_GC blocked 20ms
D/dalvikvm(19375): GC_CONCURRENT freed 485K, 22% free 10058K/12756K, paused 14ms+7ms, total 121ms
D/dalvikvm( 2411): GC_CONCURRENT freed 2043K, 13% free 53964K/61648K, paused 38ms+26ms, total 453ms
D/dalvikvm( 2411): WAIT_FOR_CONCURRENT_GC blocked 350ms
D/dalvikvm( 2411): WAIT_FOR_CONCURRENT_GC blocked 273ms
D/dalvikvm( 5249): GC_CONCURRENT freed 543K, 30% free 11096K/15776K, paused 3ms+3ms, total 35ms
D/dalvikvm( 5249): WAIT_FOR_CONCURRENT_GC blocked 14ms
D/dalvikvm( 5249): WAIT_FOR_CONCURRENT_GC blocked 16ms
D/dalvikvm( 5249): GC_CONCURRENT freed 402K, 30% free 11176K/15776K, paused 3ms+3ms, total 27ms
D/dalvikvm( 5249): WAIT_FOR_CONCURRENT_GC blocked 18ms
D/dalvikvm( 5249): GC_CONCURRENT freed 626K, 31% free 10974K/15776K, paused 3ms+2ms, total 26ms
D/dalvikvm( 5249): GC_CONCURRENT freed 732K, 29% free 11217K/15776K, paused 5ms+5ms, total 49ms
D/dalvikvm( 5249): WAIT_FOR_CONCURRENT_GC blocked 35ms
D/dalvikvm(16068): GC_CONCURRENT freed 210K, 26% free 11413K/15332K, paused 8ms+4ms, total 129ms
D/dalvikvm(16068): GC_CONCURRENT freed 4K, 23% free 11817K/15332K, paused 5ms+6ms, total 55ms
D/dalvikvm(16068): GC_CONCURRENT freed 944K, 26% free 11438K/15332K, paused 2ms+2ms, total 34ms
D/dalvikvm(16068): GC_CONCURRENT freed 428K, 26% free 11399K/15332K, paused 3ms+1ms, total 27ms
D/dalvikvm(16068): GC_CONCURRENT freed 444K, 26% free 11401K/15332K, paused 2ms+2ms, total 28ms
D/dalvikvm( 5249): GC_CONCURRENT freed 621K, 30% free 11107K/15776K, paused 8ms+4ms, total 45ms
D/dalvikvm( 5249): WAIT_FOR_CONCURRENT_GC blocked 25ms
D/dalvikvm(16068): GC_CONCURRENT freed 446K, 26% free 11410K/15332K, paused 3ms+2ms, total 25ms
D/dalvikvm(16068): GC_CONCURRENT freed 452K, 26% free 11408K/15332K, paused 2ms+1ms, total 27ms
D/dalvikvm(16068): GC_CONCURRENT freed 453K, 26% free 11411K/15332K, paused 3ms+1ms, total 28ms
D/dalvikvm(16068): GC_CONCURRENT freed 390K, 26% free 11405K/15332K, paused 2ms+1ms, total 26ms
D/dalvikvm(16068): GC_CONCURRENT freed 446K, 26% free 11412K/15332K, paused 2ms+1ms, total 30ms
D/dalvikvm(16068): GC_CONCURRENT freed 449K, 26% free 11419K/15332K, paused 3ms+2ms, total 30ms
D/dalvikvm(16068): GC_CONCURRENT freed 426K, 26% free 11409K/15332K, paused 2ms+2ms, total 28ms
D/dalvikvm(16068): GC_CONCURRENT freed 391K, 26% free 11410K/15332K, paused 3ms+2ms, total 30ms
D/dalvikvm(16068): GC_CONCURRENT freed 453K, 26% free 11419K/15332K, paused 3ms+1ms, total 27ms
D/dalvikvm( 5249): GC_CONCURRENT freed 509K, 30% free 11110K/15776K, paused 15ms+3ms, total 48ms
D/dalvikvm( 5249): WAIT_FOR_CONCURRENT_GC blocked 19ms
D/dalvikvm( 5249): GC_CONCURRENT freed 472K, 30% free 11148K/15776K, paused 5ms+3ms, total 30ms
D/dalvikvm( 5249): WAIT_FOR_CONCURRENT_GC blocked 26ms
D/dalvikvm( 5249): GC_FOR_ALLOC freed 412K, 30% free 11195K/15776K, paused 23ms, total 23ms
D/dalvikvm(16068): GC_CONCURRENT freed 396K, 26% free 11412K/15332K, paused 3ms+2ms, total 24ms
D/dalvikvm(16068): GC_CONCURRENT freed 386K, 26% free 11413K/15332K, paused 2ms+1ms, total 23ms
D/dalvikvm(16068): GC_CONCURRENT freed 449K, 26% free 11426K/15332K, paused 3ms+2ms, total 29ms
D/dalvikvm(16068): GC_CONCURRENT freed 441K, 26% free 11416K/15332K, paused 2ms+2ms, total 25ms
D/dalvikvm( 2411): GC_CONCURRENT freed 1977K, 13% free 53943K/61648K, paused 10ms+21ms, total 225ms
D/dalvikvm( 5249): GC_CONCURRENT freed 1042K, 30% free 11181K/15776K, paused 4ms+3ms, total 43ms
D/dalvikvm( 5249): WAIT_FOR_CONCURRENT_GC blocked 39ms
D/dalvikvm( 5249): GC_CONCURRENT freed 586K, 30% free 11107K/15776K, paused 12ms+7ms, total 66ms
D/dalvikvm( 5249): WAIT_FOR_CONCURRENT_GC blocked 23ms
D/dalvikvm( 5249): GC_CONCURRENT freed 473K, 30% free 11138K/15776K, paused 5ms+5ms, total 47ms
D/dalvikvm( 5249): WAIT_FOR_CONCURRENT_GC blocked 35ms
D/dalvikvm( 5249): GC_FOR_ALLOC freed 405K, 30% free 11185K/15776K, paused 24ms, total 24ms
D/dalvikvm(28621): GC_CONCURRENT freed 412K, 22% free 10241K/13012K, paused 20ms+9ms, total 123ms
D/dalvikvm(19511): GC_CONCURRENT freed 396K, 31% free 10521K/15232K, paused 34ms+3ms, total 133ms
D/dalvikvm( 3582): GC_CONCURRENT freed 1394K, 39% free 14025K/22632K, paused 19ms+7ms, total 127ms
D/dalvikvm( 3582): WAIT_FOR_CONCURRENT_GC blocked 99ms
D/dalvikvm(26746): GC_CONCURRENT freed 393K, 36% free 10460K/16244K, paused 8ms+10ms, total 124ms
D/dalvikvm( 5249): GC_CONCURRENT freed 1096K, 30% free 11112K/15776K, paused 19ms+14ms, total 140ms
D/dalvikvm( 5249): WAIT_FOR_CONCURRENT_GC blocked 58ms
D/dalvikvm( 5249): GC_CONCURRENT freed 508K, 30% free 11116K/15776K, paused 6ms+6ms, total 69ms
D/dalvikvm( 5249): WAIT_FOR_CONCURRENT_GC blocked 33ms
D/dalvikvm( 2411): GC_CONCURRENT freed 2076K, 13% free 53862K/61648K, paused 19ms+16ms, total 412ms
D/dalvikvm( 5249): GC_CONCURRENT freed 527K, 30% free 11100K/15776K, paused 5ms+5ms, total 61ms
D/dalvikvm( 5249): WAIT_FOR_CONCURRENT_GC blocked 31ms
D/dalvikvm( 5249): WAIT_FOR_CONCURRENT_GC blocked 33ms
D/dalvikvm( 5249): GC_CONCURRENT freed 380K, 30% free 11182K/15776K, paused 3ms+3ms, total 30ms
D/dalvikvm( 5249): WAIT_FOR_CONCURRENT_GC blocked 20ms
D/dalvikvm( 5249): GC_CONCURRENT freed 629K, 31% free 10977K/15776K, paused 3ms+3ms, total 29ms
D/dalvikvm( 2772): GC_CONCURRENT freed 395K, 26% free 10113K/13536K, paused 7ms+12ms, total 96ms
D/dalvikvm( 5249): GC_CONCURRENT freed 776K, 29% free 11225K/15776K, paused 4ms+3ms, total 34ms
D/dalvikvm( 5249): WAIT_FOR_CONCURRENT_GC blocked 24ms
D/dalvikvm( 5249): GC_CONCURRENT freed 636K, 30% free 11101K/15776K, paused 24ms+5ms, total 63ms
D/dalvikvm( 5249): WAIT_FOR_CONCURRENT_GC blocked 25ms
D/dalvikvm( 5249): GC_CONCURRENT freed 495K, 30% free 11117K/15776K, paused 5ms+6ms, total 70ms
D/dalvikvm( 5249): WAIT_FOR_CONCURRENT_GC blocked 28ms
D/dalvikvm( 5249): GC_CONCURRENT freed 483K, 30% free 11145K/15776K, paused 4ms+3ms, total 35ms
D/dalvikvm( 5249): WAIT_FOR_CONCURRENT_GC blocked 28ms
D/dalvikvm( 5249): GC_FOR_ALLOC freed 423K, 30% free 11185K/15776K, paused 24ms, total 24ms
D/dalvikvm( 5249): GC_CONCURRENT freed 1K, 29% free 11259K/15776K, paused 3ms+3ms, total 30ms
D/dalvikvm( 2411): GC_CONCURRENT freed 1896K, 13% free 53888K/61648K, paused 9ms+19ms, total 335ms
D/dalvikvm( 2800): GC_EXPLICIT freed 336K, 35% free 38685K/58656K, paused 20ms+14ms, total 202ms
D/dalvikvm(26746): GC_CONCURRENT freed 403K, 36% free 10455K/16244K, paused 5ms+21ms, total 116ms
D/dalvikvm( 5249): GC_CONCURRENT freed 2512K, 30% free 11139K/15848K, paused 17ms+5ms, total 116ms
D/dalvikvm( 5249): WAIT_FOR_CONCURRENT_GC blocked 57ms
D/dalvikvm( 5249): GC_CONCURRENT freed 554K, 30% free 11097K/15848K, paused 4ms+5ms, total 54ms
D/dalvikvm( 5249): WAIT_FOR_CONCURRENT_GC blocked 32ms
D/dalvikvm( 5249): WAIT_FOR_CONCURRENT_GC blocked 38ms
D/dalvikvm( 5249): GC_CONCURRENT freed 382K, 30% free 11180K/15848K, paused 5ms+3ms, total 38ms
D/dalvikvm( 5249): WAIT_FOR_CONCURRENT_GC blocked 30ms
D/dalvikvm( 5249): GC_CONCURRENT freed 627K, 31% free 10977K/15848K, paused 3ms+2ms, total 27ms
D/dalvikvm( 9753): GC_CONCURRENT freed 401K, 22% free 10202K/13028K, paused 82ms+4ms, total 122ms
D/dalvikvm( 2411): GC_CONCURRENT freed 1977K, 13% free 53923K/61648K, paused 28ms+26ms, total 487ms
D/dalvikvm( 5249): GC_CONCURRENT freed 739K, 30% free 11220K/15848K, paused 3ms+3ms, total 28ms
D/dalvikvm( 5249): WAIT_FOR_CONCURRENT_GC blocked 21ms
D/dalvikvm( 5249): GC_CONCURRENT freed 625K, 30% free 11106K/15848K, paused 5ms+7ms, total 66ms
D/dalvikvm( 5249): WAIT_FOR_CONCURRENT_GC blocked 22ms
D/dalvikvm( 5249): GC_CONCURRENT freed 519K, 30% free 11098K/15796K, paused 6ms+6ms, total 72ms
D/dalvikvm( 5249): WAIT_FOR_CONCURRENT_GC blocked 39ms
D/dalvikvm( 5249): WAIT_FOR_CONCURRENT_GC blocked 44ms
D/dalvikvm( 5249): GC_CONCURRENT freed 453K, 30% free 11157K/15796K, paused 6ms+4ms, total 51ms
D/dalvikvm( 5249): WAIT_FOR_CONCURRENT_GC blocked 38ms
D/dalvikvm( 5249): GC_CONCURRENT freed 606K, 31% free 10976K/15796K, paused 5ms+3ms, total 37ms
D/dalvikvm(28621): GC_CONCURRENT freed 416K, 22% free 10241K/13012K, paused 19ms+8ms, total 102ms
D/dalvikvm( 5249): GC_CONCURRENT freed 855K, 30% free 11144K/15796K, paused 9ms+4ms, total 70ms
D/dalvikvm( 5249): WAIT_FOR_CONCURRENT_GC blocked 18ms
D/dalvikvm( 5249): GC_CONCURRENT freed 457K, 30% free 11198K/15796K, paused 4ms+3ms, total 36ms
D/dalvikvm( 5249): WAIT_FOR_CONCURRENT_GC blocked 30ms
D/dalvikvm( 5249): GC_CONCURRENT freed 611K, 30% free 11098K/15796K, paused 6ms+8ms, total 63ms
D/dalvikvm( 5249): WAIT_FOR_CONCURRENT_GC blocked 41ms
D/dalvikvm( 5249): WAIT_FOR_CONCURRENT_GC blocked 45ms
D/dalvikvm( 5249): GC_CONCURRENT freed 387K, 30% free 11176K/15796K, paused 3ms+3ms, total 30ms
D/dalvikvm( 5249): WAIT_FOR_CONCURRENT_GC blocked 21ms
D/dalvikvm( 5249): GC_CONCURRENT freed 626K, 31% free 10975K/15796K, paused 4ms+2ms, total 29ms
D/dalvikvm( 2411): GC_CONCURRENT freed 2043K, 13% free 53906K/61648K, paused 29ms+23ms, total 426ms
D/dalvikvm( 2772): GC_CONCURRENT freed 398K, 26% free 10111K/13536K, paused 44ms+2ms, total 109ms
D/dalvikvm( 5249): GC_CONCURRENT freed 851K, 30% free 11145K/15796K, paused 7ms+3ms, total 62ms
D/dalvikvm( 5249): WAIT_FOR_CONCURRENT_GC blocked 21ms
D/dalvikvm( 5249): GC_FOR_ALLOC freed 428K, 30% free 11200K/15796K, paused 25ms, total 25ms
D/dalvikvm( 5249): GC_CONCURRENT freed 2K, 29% free 11347K/15796K, paused 4ms+2ms, total 30ms
D/dalvikvm(26746): GC_CONCURRENT freed 397K, 36% free 10456K/16244K, paused 10ms+21ms, total 125ms
D/dalvikvm( 5249): GC_CONCURRENT freed 1378K, 30% free 11119K/15796K, paused 6ms+6ms, total 67ms
D/dalvikvm( 5249): WAIT_FOR_CONCURRENT_GC blocked 40ms
D/dalvikvm( 5249): WAIT_FOR_CONCURRENT_GC blocked 49ms
D/dalvikvm( 5249): GC_CONCURRENT freed 463K, 30% free 11167K/15796K, paused 4ms+3ms, total 31ms
D/dalvikvm( 5249): WAIT_FOR_CONCURRENT_GC blocked 22ms
D/dalvikvm( 5249): GC_CONCURRENT freed 670K, 31% free 10980K/15796K, paused 4ms+3ms, total 30ms
D/dalvikvm(28621): GC_CONCURRENT freed 418K, 22% free 10208K/13012K, paused 3ms+3ms, total 31ms
D/dalvikvm( 3459): GC_CONCURRENT freed 376K, 21% free 10689K/13428K, paused 32ms+3ms, total 89ms
D/dalvikvm( 2411): GC_CONCURRENT freed 2046K, 13% free 53907K/61648K, paused 36ms+25ms, total 472ms
D/dalvikvm( 2411): WAIT_FOR_CONCURRENT_GC blocked 288ms
D/dalvikvm( 2411): WAIT_FOR_CONCURRENT_GC blocked 78ms
D/dalvikvm( 5249): GC_CONCURRENT freed 888K, 30% free 11115K/15796K, paused 5ms+5ms, total 88ms
D/dalvikvm( 5249): WAIT_FOR_CONCURRENT_GC blocked 17ms
D/dalvikvm( 5249): GC_CONCURRENT freed 375K, 30% free 11172K/15796K, paused 4ms+3ms, total 30ms
D/dalvikvm( 5249): WAIT_FOR_CONCURRENT_GC blocked 23ms
D/dalvikvm( 5249): GC_CONCURRENT freed 573K, 30% free 11111K/15776K, paused 6ms+7ms, total 78ms
D/dalvikvm( 5249): WAIT_FOR_CONCURRENT_GC blocked 29ms
D/dalvikvm( 5249): GC_CONCURRENT freed 483K, 30% free 11139K/15776K, paused 4ms+4ms, total 42ms
D/dalvikvm( 5249): WAIT_FOR_CONCURRENT_GC blocked 35ms
D/dalvikvm( 5249): GC_CONCURRENT freed 329K, 29% free 11270K/15776K, paused 5ms+4ms, total 35ms
D/dalvikvm( 5249): WAIT_FOR_CONCURRENT_GC blocked 28ms
D/dalvikvm( 2411): GC_CONCURRENT freed 1919K, 13% free 53952K/61648K, paused 37ms+19ms, total 451ms
D/dalvikvm( 5249): GC_CONCURRENT freed 1242K, 30% free 11117K/15776K, paused 3ms+3ms, total 38ms
D/dalvikvm( 5249): WAIT_FOR_CONCURRENT_GC blocked 17ms
D/dalvikvm( 5249): GC_CONCURRENT freed 523K, 30% free 11105K/15776K, paused 6ms+6ms, total 78ms
D/dalvikvm( 5249): WAIT_FOR_CONCURRENT_GC blocked 37ms
D/dalvikvm( 5249): WAIT_FOR_CONCURRENT_GC blocked 31ms
D/dalvikvm( 5249): GC_CONCURRENT freed 447K, 30% free 11169K/15776K, paused 5ms+3ms, total 46ms
D/dalvikvm( 5249): WAIT_FOR_CONCURRENT_GC blocked 37ms
D/dalvikvm(26746): GC_CONCURRENT freed 394K, 36% free 10454K/16244K, paused 16ms+13ms, total 121ms
D/dalvikvm( 5249): GC_CONCURRENT freed 585K, 30% free 11095K/15776K, paused 9ms+16ms, total 137ms
D/dalvikvm( 5249): WAIT_FOR_CONCURRENT_GC blocked 61ms
D/dalvikvm( 5249): GC_CONCURRENT freed 470K, 30% free 11137K/15776K, paused 4ms+3ms, total 44ms
D/dalvikvm( 5249): WAIT_FOR_CONCURRENT_GC blocked 9ms
D/dalvikvm( 5249): GC_FOR_ALLOC freed 447K, 29% free 11201K/15776K, paused 25ms, total 25ms
D/dalvikvm( 5249): GC_CONCURRENT freed 84K, 29% free 11275K/15776K, paused 3ms+3ms, total 30ms
D/dalvikvm( 2772): GC_CONCURRENT freed 395K, 26% free 10113K/13536K, paused 26ms+9ms, total 91ms
D/dalvikvm( 9489): GC_CONCURRENT freed 1343K, 20% free 14282K/17816K, paused 14ms+54ms, total 266ms
D/dalvikvm( 2411): GC_CONCURRENT freed 2017K, 13% free 53868K/61648K, paused 30ms+19ms, total 365ms
D/dalvikvm( 5249): GC_CONCURRENT freed 2553K, 30% free 11143K/15892K, paused 10ms+6ms, total 81ms
D/dalvikvm( 5249): WAIT_FOR_CONCURRENT_GC blocked 38ms
D/dalvikvm( 5249): GC_CONCURRENT freed 541K, 31% free 11114K/15892K, paused 5ms+5ms, total 68ms
D/dalvikvm( 5249): WAIT_FOR_CONCURRENT_GC blocked 36ms
D/dalvikvm( 5249): GC_CONCURRENT freed 470K, 30% free 11156K/15892K, paused 3ms+2ms, total 30ms
D/dalvikvm( 5249): WAIT_FOR_CONCURRENT_GC blocked 21ms
D/dalvikvm( 5249): GC_CONCURRENT freed 660K, 31% free 10978K/15892K, paused 3ms+3ms, total 29ms
D/dalvikvm(16130): GC_CONCURRENT freed 338K, 22% free 10287K/13028K, paused 13ms+4ms, total 70ms
D/dalvikvm(28621): GC_CONCURRENT freed 385K, 22% free 10206K/13012K, paused 9ms+9ms, total 94ms
D/dalvikvm( 2411): GC_CONCURRENT freed 1888K, 13% free 53934K/61648K, paused 14ms+29ms, total 360ms
D/dalvikvm( 5249): GC_CONCURRENT freed 876K, 30% free 11126K/15776K, paused 3ms+3ms, total 38ms
D/dalvikvm( 5249): WAIT_FOR_CONCURRENT_GC blocked 16ms
D/dalvikvm(16318): GC_CONCURRENT freed 305K, 21% free 10453K/13224K, paused 13ms+3ms, total 58ms
D/dalvikvm( 5249): GC_CONCURRENT freed 526K, 30% free 11111K/15776K, paused 5ms+5ms, total 65ms
D/dalvikvm( 5249): WAIT_FOR_CONCURRENT_GC blocked 34ms
D/dalvikvm(25741): GC_CONCURRENT freed 424K, 23% free 10023K/12996K, paused 5ms+14ms, total 319ms
D/dalvikvm( 3582): GC_CONCURRENT freed 1388K, 39% free 14028K/22632K, paused 12ms+6ms, total 69ms
D/dalvikvm( 3582): WAIT_FOR_CONCURRENT_GC blocked 60ms
D/dalvikvm( 3582): WAIT_FOR_CONCURRENT_GC blocked 44ms
D/dalvikvm( 3582): WAIT_FOR_CONCURRENT_GC blocked 44ms
D/dalvikvm( 1956): GC_EXPLICIT freed 41K, 19% free 9923K/12156K, paused 2ms+3ms, total 31ms
D/dalvikvm( 1956): GC_EXPLICIT freed <1K, 19% free 9923K/12156K, paused 1ms+2ms, total 21ms
D/dalvikvm( 1956): GC_EXPLICIT freed <1K, 19% free 9923K/12156K, paused 1ms+2ms, total 21ms
D/dalvikvm(30163): GC_CONCURRENT freed 340K, 23% free 11515K/14856K, paused 5ms+2ms, total 40ms
D/dalvikvm( 2411): GC_CONCURRENT freed 2256K, 13% free 53717K/61648K, paused 16ms+23ms, total 327ms
D/dalvikvm(30025): GC_CONCURRENT freed 517K, 29% free 10269K/14384K, paused 5ms+4ms, total 38ms
D/dalvikvm(30025): GC_CONCURRENT freed 413K, 29% free 10255K/14384K, paused 3ms+2ms, total 24ms
D/dalvikvm(30025): GC_CONCURRENT freed 396K, 29% free 10257K/14384K, paused 2ms+1ms, total 18ms
D/dalvikvm(30025): GC_CONCURRENT freed 394K, 29% free 10256K/14384K, paused 2ms+2ms, total 22ms
D/dalvikvm(26746): GC_CONCURRENT freed 404K, 36% free 10453K/16244K, paused 1ms+3ms, total 35ms
D/dalvikvm( 5249): GC_CONCURRENT freed 520K, 30% free 11102K/15776K, paused 2ms+2ms, total 30ms
D/dalvikvm( 5249): WAIT_FOR_CONCURRENT_GC blocked 22ms
D/dalvikvm( 5249): WAIT_FOR_CONCURRENT_GC blocked 22ms
D/dalvikvm( 5249): GC_CONCURRENT freed 453K, 30% free 11155K/15776K, paused 2ms+2ms, total 22ms
D/dalvikvm( 5249): WAIT_FOR_CONCURRENT_GC blocked 19ms
D/dalvikvm( 5249): GC_CONCURRENT freed 323K, 29% free 11256K/15776K, paused 3ms+2ms, total 22ms
D/dalvikvm(30025): GC_CONCURRENT freed 911K, 29% free 10260K/14384K, paused 1ms+1ms, total 18ms
D/dalvikvm(30025): GC_CONCURRENT freed 410K, 29% free 10257K/14384K, paused 2ms+2ms, total 22ms
D/dalvikvm(30025): GC_CONCURRENT freed 400K, 29% free 10259K/14384K, paused 3ms+2ms, total 24ms
D/dalvikvm(30025): GC_CONCURRENT freed 911K, 29% free 10260K/14384K, paused 2ms+3ms, total 23ms
D/dalvikvm(30025): GC_CONCURRENT freed 406K, 29% free 10258K/14384K, paused 3ms+2ms, total 29ms
D/dalvikvm(30025): GC_CONCURRENT freed 378K, 29% free 10268K/14384K, paused 1ms+1ms, total 19ms
D/dalvikvm(30025): GC_CONCURRENT freed 273K, 28% free 10409K/14384K, paused 3ms+4ms, total 24ms
D/dalvikvm( 2411): GC_EXPLICIT freed 1141K, 13% free 53693K/61648K, paused 5ms+19ms, total 239ms
D/dalvikvm(30025): GC_CONCURRENT freed 805K, 27% free 10512K/14384K, paused 1ms+4ms, total 36ms
D/dalvikvm(18004): GC_EXPLICIT freed 321K, 20% free 10434K/12944K, paused 3ms+6ms, total 48ms
D/dalvikvm(30025): GC_CONCURRENT freed 501K, 28% free 10423K/14384K, paused 3ms+3ms, total 31ms
D/dalvikvm(30025): GC_CONCURRENT freed 381K, 28% free 10458K/14384K, paused 4ms+7ms, total 38ms
D/dalvikvm(18004): GC_CONCURRENT freed 570K, 22% free 10262K/13020K, paused 2ms+5ms, total 26ms
D/dalvikvm( 2411): GC_EXPLICIT freed 645K, 13% free 53671K/61648K, paused 6ms+16ms, total 229ms
D/dalvikvm(30025): GC_CONCURRENT freed 856K, 27% free 10501K/14384K, paused 2ms+4ms, total 22ms
D/dalvikvm(30025): GC_CONCURRENT freed 621K, 29% free 10266K/14384K, paused 3ms+1ms, total 21ms
D/dalvikvm(30025): GC_CONCURRENT freed 403K, 29% free 10267K/14384K, paused 2ms+1ms, total 23ms
D/dalvikvm(30025): GC_CONCURRENT freed 902K, 29% free 10272K/14384K, paused 3ms+2ms, total 24ms
D/dalvikvm(30025): GC_CONCURRENT freed 412K, 29% free 10269K/14384K, paused 1ms+2ms, total 17ms
D/dalvikvm(30025): GC_CONCURRENT freed 404K, 29% free 10271K/14384K, paused 2ms+2ms, total 21ms
D/dalvikvm(30025): GC_CONCURRENT freed 907K, 29% free 10272K/14384K, paused 2ms+2ms, total 21ms
D/dalvikvm(30025): GC_CONCURRENT freed 406K, 29% free 10270K/14384K, paused 2ms+3ms, total 24ms
D/dalvikvm(30025): GC_CONCURRENT freed 397K, 29% free 10271K/14384K, paused 2ms+3ms, total 30ms
D/dalvikvm(30025): GC_CONCURRENT freed 907K, 29% free 10272K/14384K, paused 2ms+2ms, total 24ms
D/dalvikvm(30025): GC_CONCURRENT freed 407K, 29% free 10271K/14384K, paused 2ms+2ms, total 22ms
D/dalvikvm(30025): GC_CONCURRENT freed 400K, 29% free 10270K/14384K, paused 1ms+2ms, total 21ms
D/dalvikvm(30025): GC_CONCURRENT freed 406K, 29% free 10272K/14384K, paused 2ms+3ms, total 26ms
D/dalvikvm( 5249): GC_CONCURRENT freed 1148K, 30% free 11186K/15776K, paused 2ms+3ms, total 31ms
D/dalvikvm( 5249): WAIT_FOR_CONCURRENT_GC blocked 28ms
D/dalvikvm(30025): GC_CONCURRENT freed 909K, 29% free 10273K/14384K, paused 1ms+2ms, total 20ms
D/dalvikvm(30025): GC_CONCURRENT freed 412K, 29% free 10273K/14384K, paused 2ms+3ms, total 26ms
D/dalvikvm( 2411): GC_CONCURRENT freed 1506K, 13% free 54154K/61648K, paused 5ms+20ms, total 375ms
D/dalvikvm(11776): GC_CONCURRENT freed 406K, 23% free 10055K/12992K, paused 2ms+2ms, total 15ms
D/dalvikvm(30025): GC_CONCURRENT freed 322K, 29% free 10345K/14384K, paused 2ms+4ms, total 23ms
D/dalvikvm(30025): GC_CONCURRENT freed 290K, 28% free 10450K/14384K, paused 2ms+3ms, total 23ms
D/dalvikvm(30025): GC_CONCURRENT freed 390K, 28% free 10448K/14384K, paused 2ms+4ms, total 25ms
D/dalvikvm(30025): GC_CONCURRENT freed 661K, 26% free 10684K/14384K, paused 3ms+4ms, total 22ms
D/dalvikvm(30025): GC_CONCURRENT freed 1172K, 25% free 10929K/14384K, paused 2ms+5ms, total 29ms
D/dalvikvm(30025): GC_CONCURRENT freed 871K, 28% free 10444K/14384K, paused 3ms+4ms, total 24ms
D/dalvikvm(30025): GC_CONCURRENT freed 388K, 28% free 10447K/14384K, paused 3ms+4ms, total 26ms
D/dalvikvm(30025): GC_CONCURRENT freed 660K, 26% free 10686K/14384K, paused 2ms+6ms, total 24ms
D/dalvikvm(30025): GC_CONCURRENT freed 1136K, 24% free 10958K/14384K, paused 3ms+7ms, total 26ms
D/dalvikvm(30025): GC_CONCURRENT freed 891K, 28% free 10455K/14384K, paused 2ms+3ms, total 25ms
D/dalvikvm(30025): GC_CONCURRENT freed 387K, 28% free 10452K/14384K, paused 2ms+3ms, total 21ms
D/dalvikvm( 3582): GC_CONCURRENT freed 1385K, 38% free 14033K/22632K, paused 6ms+3ms, total 71ms
D/dalvikvm( 3582): WAIT_FOR_CONCURRENT_GC blocked 48ms
D/dalvikvm(30025): GC_CONCURRENT freed 647K, 26% free 10702K/14384K, paused 3ms+4ms, total 23ms
D/dalvikvm(30025): GC_CONCURRENT freed 633K, 28% free 10458K/14384K, paused 2ms+4ms, total 24ms
D/dalvikvm(30025): GC_CONCURRENT freed 